Archive member included to satisfy reference by file (symbol)

C:/Users/Radiogeet_1/STM32CubeIDE_1.13.0/STM32CubeIDE/plugins/com.st.stm32cube.ide.mcu.externaltools.gnu-tools-for-stm32.11.3.rel1.win32_1.1.0.202305231506/tools/bin/../lib/gcc/arm-none-eabi/11.3.1/../../../../arm-none-eabi/lib/thumb/v7e-m+fp/hard\libc_nano.a(libc_a-exit.o)
                              C:/Users/Radiogeet_1/STM32CubeIDE_1.13.0/STM32CubeIDE/plugins/com.st.stm32cube.ide.mcu.externaltools.gnu-tools-for-stm32.11.3.rel1.win32_1.1.0.202305231506/tools/bin/../lib/gcc/arm-none-eabi/11.3.1/../../../../arm-none-eabi/lib/thumb/v7e-m+fp/hard/crt0.o (exit)
C:/Users/Radiogeet_1/STM32CubeIDE_1.13.0/STM32CubeIDE/plugins/com.st.stm32cube.ide.mcu.externaltools.gnu-tools-for-stm32.11.3.rel1.win32_1.1.0.202305231506/tools/bin/../lib/gcc/arm-none-eabi/11.3.1/../../../../arm-none-eabi/lib/thumb/v7e-m+fp/hard\libc_nano.a(libc_a-malloc.o)
                              ./Core/Src/DMD.o (malloc)
C:/Users/Radiogeet_1/STM32CubeIDE_1.13.0/STM32CubeIDE/plugins/com.st.stm32cube.ide.mcu.externaltools.gnu-tools-for-stm32.11.3.rel1.win32_1.1.0.202305231506/tools/bin/../lib/gcc/arm-none-eabi/11.3.1/../../../../arm-none-eabi/lib/thumb/v7e-m+fp/hard\libc_nano.a(libc_a-mallocr.o)
                              C:/Users/Radiogeet_1/STM32CubeIDE_1.13.0/STM32CubeIDE/plugins/com.st.stm32cube.ide.mcu.externaltools.gnu-tools-for-stm32.11.3.rel1.win32_1.1.0.202305231506/tools/bin/../lib/gcc/arm-none-eabi/11.3.1/../../../../arm-none-eabi/lib/thumb/v7e-m+fp/hard\libc_nano.a(libc_a-malloc.o) (_malloc_r)
C:/Users/Radiogeet_1/STM32CubeIDE_1.13.0/STM32CubeIDE/plugins/com.st.stm32cube.ide.mcu.externaltools.gnu-tools-for-stm32.11.3.rel1.win32_1.1.0.202305231506/tools/bin/../lib/gcc/arm-none-eabi/11.3.1/../../../../arm-none-eabi/lib/thumb/v7e-m+fp/hard\libc_nano.a(libc_a-mlock.o)
                              C:/Users/Radiogeet_1/STM32CubeIDE_1.13.0/STM32CubeIDE/plugins/com.st.stm32cube.ide.mcu.externaltools.gnu-tools-for-stm32.11.3.rel1.win32_1.1.0.202305231506/tools/bin/../lib/gcc/arm-none-eabi/11.3.1/../../../../arm-none-eabi/lib/thumb/v7e-m+fp/hard\libc_nano.a(libc_a-mallocr.o) (__malloc_lock)
C:/Users/Radiogeet_1/STM32CubeIDE_1.13.0/STM32CubeIDE/plugins/com.st.stm32cube.ide.mcu.externaltools.gnu-tools-for-stm32.11.3.rel1.win32_1.1.0.202305231506/tools/bin/../lib/gcc/arm-none-eabi/11.3.1/../../../../arm-none-eabi/lib/thumb/v7e-m+fp/hard\libc_nano.a(libc_a-findfp.o)
                              C:/Users/Radiogeet_1/STM32CubeIDE_1.13.0/STM32CubeIDE/plugins/com.st.stm32cube.ide.mcu.externaltools.gnu-tools-for-stm32.11.3.rel1.win32_1.1.0.202305231506/tools/bin/../lib/gcc/arm-none-eabi/11.3.1/../../../../arm-none-eabi/lib/thumb/v7e-m+fp/hard\libc_nano.a(libc_a-exit.o) (__stdio_exit_handler)
C:/Users/Radiogeet_1/STM32CubeIDE_1.13.0/STM32CubeIDE/plugins/com.st.stm32cube.ide.mcu.externaltools.gnu-tools-for-stm32.11.3.rel1.win32_1.1.0.202305231506/tools/bin/../lib/gcc/arm-none-eabi/11.3.1/../../../../arm-none-eabi/lib/thumb/v7e-m+fp/hard\libc_nano.a(libc_a-fwalk.o)
                              C:/Users/Radiogeet_1/STM32CubeIDE_1.13.0/STM32CubeIDE/plugins/com.st.stm32cube.ide.mcu.externaltools.gnu-tools-for-stm32.11.3.rel1.win32_1.1.0.202305231506/tools/bin/../lib/gcc/arm-none-eabi/11.3.1/../../../../arm-none-eabi/lib/thumb/v7e-m+fp/hard\libc_nano.a(libc_a-findfp.o) (_fwalk_sglue)
C:/Users/Radiogeet_1/STM32CubeIDE_1.13.0/STM32CubeIDE/plugins/com.st.stm32cube.ide.mcu.externaltools.gnu-tools-for-stm32.11.3.rel1.win32_1.1.0.202305231506/tools/bin/../lib/gcc/arm-none-eabi/11.3.1/../../../../arm-none-eabi/lib/thumb/v7e-m+fp/hard\libc_nano.a(libc_a-stdio.o)
                              C:/Users/Radiogeet_1/STM32CubeIDE_1.13.0/STM32CubeIDE/plugins/com.st.stm32cube.ide.mcu.externaltools.gnu-tools-for-stm32.11.3.rel1.win32_1.1.0.202305231506/tools/bin/../lib/gcc/arm-none-eabi/11.3.1/../../../../arm-none-eabi/lib/thumb/v7e-m+fp/hard\libc_nano.a(libc_a-findfp.o) (__sread)
C:/Users/Radiogeet_1/STM32CubeIDE_1.13.0/STM32CubeIDE/plugins/com.st.stm32cube.ide.mcu.externaltools.gnu-tools-for-stm32.11.3.rel1.win32_1.1.0.202305231506/tools/bin/../lib/gcc/arm-none-eabi/11.3.1/../../../../arm-none-eabi/lib/thumb/v7e-m+fp/hard\libc_nano.a(libc_a-memset.o)
                              C:/Users/Radiogeet_1/STM32CubeIDE_1.13.0/STM32CubeIDE/plugins/com.st.stm32cube.ide.mcu.externaltools.gnu-tools-for-stm32.11.3.rel1.win32_1.1.0.202305231506/tools/bin/../lib/gcc/arm-none-eabi/11.3.1/../../../../arm-none-eabi/lib/thumb/v7e-m+fp/hard/crt0.o (memset)
C:/Users/Radiogeet_1/STM32CubeIDE_1.13.0/STM32CubeIDE/plugins/com.st.stm32cube.ide.mcu.externaltools.gnu-tools-for-stm32.11.3.rel1.win32_1.1.0.202305231506/tools/bin/../lib/gcc/arm-none-eabi/11.3.1/../../../../arm-none-eabi/lib/thumb/v7e-m+fp/hard\libc_nano.a(libc_a-closer.o)
[...]
Memory Configuration

Name             Origin             Length             Attributes
CCMRAM           0x0000000010000000 0x0000000000010000 xrw
RAM              0x0000000020000000 0x0000000000020000 xrw
FLASH            0x0000000008000000 0x0000000000100000 xr
*default*        0x0000000000000000 0xffffffffffffffff

Linker script and memory map

LOAD C:/Users/Radiogeet_1/STM32CubeIDE_1.13.0/STM32CubeIDE/plugins/com.st.stm32cube.ide.mcu.externaltools.gnu-tools-for-stm32.11.3.rel1.win32_1.1.0.202305231506/tools/bin/../lib/gcc/arm-none-eabi/11.3.1/thumb/v7e-m+fp/hard/crti.o
LOAD C:/Users/Radiogeet_1/STM32CubeIDE_1.13.0/STM32CubeIDE/plugins/com.st.stm32cube.ide.mcu.externaltools.gnu-tools-for-stm32.11.3.rel1.win32_1.1.0.202305231506/tools/bin/../lib/gcc/arm-none-eabi/11.3.1/thumb/v7e-m+fp/hard/crtbegin.o
LOAD C:/Users/Radiogeet_1/STM32CubeIDE_1.13.0/STM32CubeIDE/plugins/com.st.stm32cube.ide.mcu.externaltools.gnu-tools-for-stm32.11.3.rel1.win32_1.1.0.202305231506/tools/bin/../lib/gcc/arm-none-eabi/11.3.1/../../../../arm-none-eabi/lib/thumb/v7e-m+fp/hard/crt0.o
LOAD ./Core/Src/DMD.o
LOAD ./Core/Src/main.o
LOAD ./Core/Src/stm32f4xx_hal_msp.o
LOAD ./Core/Src/stm32f4xx_it.o
LOAD ./Core/Src/syscalls.o
LOAD ./Core/Src/sysmem.o
LOAD ./Core/Src/system_stm32f4xx.o
LOAD ./Core/Src/DMDLib/DMD.o
LOAD ./Core/Startup/startup_stm32f407vgtx.o
LOAD ./Drivers/STM32F4xx_HAL_Driver/Src/stm32f4xx_hal.o
LOAD ./Drivers/STM32F4xx_HAL_Driver/Src/stm32f4xx_hal_cortex.o
LOAD ./Drivers/STM32F4xx_HAL_Driver/Src/stm32f4xx_hal_dma.o
LOAD ./Drivers/STM32F4xx_HAL_Driver/Src/stm32f4xx_hal_dma_ex.o
LOAD ./Drivers/STM32F4xx_HAL_Driver/Src/stm32f4xx_hal_exti.o
LOAD ./Drivers/STM32F4xx_HAL_Driver/Src/stm32f4xx_hal_flash.o
LOAD ./Drivers/STM32F4xx_HAL_Driver/Src/stm32f4xx_hal_flash_ex.o
LOAD ./Drivers/STM32F4xx_HAL_Driver/Src/stm32f4xx_hal_flash_ramfunc.o
LOAD ./Drivers/STM32F4xx_HAL_Driver/Src/stm32f4xx_hal_gpio.o
LOAD ./Drivers/STM32F4xx_HAL_Driver/Src/stm32f4xx_hal_pwr.o
LOAD ./Drivers/STM32F4xx_HAL_Driver/Src/stm32f4xx_hal_pwr_ex.o
LOAD ./Drivers/STM32F4xx_HAL_Driver/Src/stm32f4xx_hal_rcc.o
LOAD ./Drivers/STM32F4xx_HAL_Driver/Src/stm32f4xx_hal_rcc_ex.o
LOAD ./Drivers/STM32F4xx_HAL_Driver/Src/stm32f4xx_hal_spi.o
LOAD ./Drivers/STM32F4xx_HAL_Driver/Src/stm32f4xx_hal_tim.o
LOAD ./Drivers/STM32F4xx_HAL_Driver/Src/stm32f4xx_hal_tim_ex.o
START GROUP
LOAD C:/Users/Radiogeet_1/STM32CubeIDE_1.13.0/STM32CubeIDE/plugins/com.st.stm32cube.ide.mcu.externaltools.gnu-tools-for-stm32.11.3.rel1.win32_1.1.0.202305231506/tools/bin/../lib/gcc/arm-none-eabi/11.3.1/../../../../arm-none-eabi/lib/thumb/v7e-m+fp/hard\libc_nano.a
LOAD C:/Users/Radiogeet_1/STM32CubeIDE_1.13.0/STM32CubeIDE/plugins/com.st.stm32cube.ide.mcu.externaltools.gnu-tools-for-stm32.11.3.rel1.win32_1.1.0.202305231506/tools/bin/../lib/gcc/arm-none-eabi/11.3.1/../../../../arm-none-eabi/lib/thumb/v7e-m+fp/hard\libm.a
END GROUP
START GROUP
LOAD C:/Users/Radiogeet_1/STM32CubeIDE_1.13.0/STM32CubeIDE/plugins/com.st.stm32cube.ide.mcu.externaltools.gnu-tools-for-stm32.11.3.rel1.win32_1.1.0.202305231506/tools/bin/../lib/gcc/arm-none-eabi/11.3.1/thumb/v7e-m+fp/hard\libgcc.a
LOAD C:/Users/Radiogeet_1/STM32CubeIDE_1.13.0/STM32CubeIDE/plugins/com.st.stm32cube.ide.mcu.externaltools.gnu-tools-for-stm32.11.3.rel1.win32_1.1.0.202305231506/tools/bin/../lib/gcc/arm-none-eabi/11.3.1/../../../../arm-none-eabi/lib/thumb/v7e-m+fp/hard\libc_nano.a
END GROUP
START GROUP
LOAD C:/Users/Radiogeet_1/STM32CubeIDE_1.13.0/STM32CubeIDE/plugins/com.st.stm32cube.ide.mcu.externaltools.gnu-tools-for-stm32.11.3.rel1.win32_1.1.0.202305231506/tools/bin/../lib/gcc/arm-none-eabi/11.3.1/thumb/v7e-m+fp/hard\libgcc.a
LOAD C:/Users/Radiogeet_1/STM32CubeIDE_1.13.0/STM32CubeIDE/plugins/com.st.stm32cube.ide.mcu.externaltools.gnu-tools-for-stm32.11.3.rel1.win32_1.1.0.202305231506/tools/bin/../lib/gcc/arm-none-eabi/11.3.1/../../../../arm-none-eabi/lib/thumb/v7e-m+fp/hard\libc_nano.a
LOAD C:/Users/Radiogeet_1/STM32CubeIDE_1.13.0/STM32CubeIDE/plugins/com.st.stm32cube.ide.mcu.externaltools.gnu-tools-for-stm32.11.3.rel1.win32_1.1.0.202305231506/tools/bin/../lib/gcc/arm-none-eabi/11.3.1/../../../../arm-none-eabi/lib/thumb/v7e-m+fp/hard\libnosys.a
END GROUP
START GROUP
LOAD C:/Users/Radiogeet_1/STM32CubeIDE_1.13.0/STM32CubeIDE/plugins/com.st.stm32cube.ide.mcu.externaltools.gnu-tools-for-stm32.11.3.rel1.win32_1.1.0.202305231506/tools/bin/../lib/gcc/arm-none-eabi/11.3.1/thumb/v7e-m+fp/hard\libgcc.a
LOAD C:/Users/Radiogeet_1/STM32CubeIDE_1.13.0/STM32CubeIDE/plugins/com.st.stm32cube.ide.mcu.externaltools.gnu-tools-for-stm32.11.3.rel1.win32_1.1.0.202305231506/tools/bin/../lib/gcc/arm-none-eabi/11.3.1/../../../../arm-none-eabi/lib/thumb/v7e-m+fp/hard\libc_nano.a
LOAD C:/Users/Radiogeet_1/STM32CubeIDE_1.13.0/STM32CubeIDE/plugins/com.st.stm32cube.ide.mcu.externaltools.gnu-tools-for-stm32.11.3.rel1.win32_1.1.0.202305231506/tools/bin/../lib/gcc/arm-none-eabi/11.3.1/../../../../arm-none-eabi/lib/thumb/v7e-m+fp/hard\libnosys.a
END GROUP
LOAD C:/Users/Radiogeet_1/STM32CubeIDE_1.13.0/STM32CubeIDE/plugins/com.st.stm32cube.ide.mcu.externaltools.gnu-tools-for-stm32.11.3.rel1.win32_1.1.0.202305231506/tools/bin/../lib/gcc/arm-none-eabi/11.3.1/thumb/v7e-m+fp/hard/crtend.o
LOAD C:/Users/Radiogeet_1/STM32CubeIDE_1.13.0/STM32CubeIDE/plugins/com.st.stm32cube.ide.mcu.externaltools.gnu-tools-for-stm32.11.3.rel1.win32_1.1.0.202305231506/tools/bin/../lib/gcc/arm-none-eabi/11.3.1/thumb/v7e-m+fp/hard/crtn.o
                0x0000000020020000                _estack = (ORIGIN (RAM) + LENGTH (RAM))
                0x0000000000000200                _Min_Heap_Size = 0x200
                0x0000000000000400                _Min_Stack_Size = 0x400

.isr_vector     0x0000000008000000      0x188
                0x0000000008000000                . = ALIGN (0x4)
 *(.isr_vector)
 .isr_vector    0x0000000008000000      0x188 ./Core/Startup/startup_stm32f407vgtx.o
                0x0000000008000000                g_pfnVectors
                0x0000000008000188                . = ALIGN (0x4)

.text           0x0000000008000188     0x3060
                0x0000000008000188                . = ALIGN (0x4)
 *(.text)
 .text          0x0000000008000188       0x40 C:/Users/Radiogeet_1/STM32CubeIDE_1.13.0/STM32CubeIDE/plugins/com.st.stm32cube.ide.mcu.externaltools.gnu-tools-for-stm32.11.3.rel1.win32_1.1.0.202305231506/tools/bin/../lib/gcc/arm-none-eabi/11.3.1/thumb/v7e-m+fp/hard/crtbegin.o
 .text          0x00000000080001c8       0x10 C:/Users/Radiogeet_1/STM32CubeIDE_1.13.0/STM32CubeIDE/plugins/com.st.stm32cube.ide.mcu.externaltools.gnu-tools-for-stm32.11.3.rel1.win32_1.1.0.202305231506/tools/bin/../lib/gcc/arm-none-eabi/11.3.1/../../../../arm-none-eabi/lib/thumb/v7e-m+fp/hard\libc_nano.a(libc_a-strlen.o)
                0x00000000080001c8                strlen
 .text          0x00000000080001d8       0x30 C:/Users/Radiogeet_1/STM32CubeIDE_1.13.0/STM32CubeIDE/plugins/com.st.stm32cube.ide.mcu.externaltools.gnu-tools-for-stm32.11.3.rel1.win32_1.1.0.202305231506/tools/bin/../lib/gcc/arm-none-eabi/11.3.1/thumb/v7e-m+fp/hard\libgcc.a(_aeabi_uldivmod.o)
                0x00000000080001d8                __aeabi_uldivmod
 .text          0x0000000008000208      0x2c8 C:/Users/Radiogeet_1/STM32CubeIDE_1.13.0/STM32CubeIDE/plugins/com.st.stm32cube.ide.mcu.externaltools.gnu-tools-for-stm32.11.3.rel1.win32_1.1.0.202305231506/tools/bin/../lib/gcc/arm-none-eabi/11.3.1/thumb/v7e-m+fp/hard\libgcc.a(_udivmoddi4.o)
                0x0000000008000208                __udivmoddi4
 .text          0x00000000080004d0        0x4 C:/Users/Radiogeet_1/STM32CubeIDE_1.13.0/STM32CubeIDE/plugins/com.st.stm32cube.ide.mcu.externaltools.gnu-tools-for-stm32.11.3.rel1.win32_1.1.0.202305231506/tools/bin/../lib/gcc/arm-none-eabi/11.3.1/thumb/v7e-m+fp/hard\libgcc.a(_dvmd_tls.o)
                0x00000000080004d0                __aeabi_idiv0
                0x00000000080004d0                __aeabi_ldiv0
 *(.text*)
 .text.DMD_init
                0x00000000080004d4       0xb4 ./Core/Src/DMD.o
                0x00000000080004d4                DMD_init
 .text.DMD_writePixel
                0x0000000008000588      0x234 ./Core/Src/DMD.o
                0x0000000008000588                DMD_writePixel
 .text.DMD_drawString
                0x00000000080007bc      0x10c ./Core/Src/DMD.o
                0x00000000080007bc                DMD_drawString
 .text.DMD_clearScreen
                0x00000000080008c8       0x44 ./Core/Src/DMD.o
                0x00000000080008c8                DMD_clearScreen
 .text.DMD_drawLine
                0x000000000800090c      0x122 ./Core/Src/DMD.o
                0x000000000800090c                DMD_drawLine
 .text.DMD_drawFilledBox
                0x0000000008000a2e       0x42 ./Core/Src/DMD.o
                0x0000000008000a2e                DMD_drawFilledBox
 .text.DMD_scanDisplayBySPI
                0x0000000008000a70      0x1c0 ./Core/Src/DMD.o
                0x0000000008000a70                DMD_scanDisplayBySPI
 .text.DMD_selectFont
                0x0000000008000c30       0x1e ./Core/Src/DMD.o
                0x0000000008000c30                DMD_selectFont
 .text.DMD_drawChar
                0x0000000008000c4e      0x2bc ./Core/Src/DMD.o
                0x0000000008000c4e                DMD_drawChar
 .text.DMD_charWidth
                0x0000000008000f0a       0xa0 ./Core/Src/DMD.o
                0x0000000008000f0a                DMD_charWidth
 *fill*         0x0000000008000faa        0x2 
 .text.main     0x0000000008000fac       0x98 ./Core/Src/main.o
                0x0000000008000fac                main
 .text.SystemClock_Config
                0x0000000008001044       0xd4 ./Core/Src/main.o
                0x0000000008001044                SystemClock_Config
 .text.MX_SPI1_Init
                0x0000000008001118       0x6c ./Core/Src/main.o
 .text.MX_TIM2_Init
                0x0000000008001184       0x9c ./Core/Src/main.o
 .text.MX_GPIO_Init
                0x0000000008001220       0x64 ./Core/Src/main.o
 .text.Error_Handler
                0x0000000008001284        0xa ./Core/Src/main.o
                0x0000000008001284                Error_Handler
 *fill*         0x000000000800128e        0x2 
 .text.HAL_MspInit
                0x0000000008001290       0x50 ./Core/Src/stm32f4xx_hal_msp.o
                0x0000000008001290                HAL_MspInit
 .text.HAL_SPI_MspInit
                0x00000000080012e0       0x90 ./Core/Src/stm32f4xx_hal_msp.o
                0x00000000080012e0                HAL_SPI_MspInit
 .text.HAL_TIM_Base_MspInit
                0x0000000008001370       0x40 ./Core/Src/stm32f4xx_hal_msp.o
                0x0000000008001370                HAL_TIM_Base_MspInit
 .text.NMI_Handler
                0x00000000080013b0        0x6 ./Core/Src/stm32f4xx_it.o
                0x00000000080013b0                NMI_Handler
 .text.HardFault_Handler
                0x00000000080013b6        0x6 ./Core/Src/stm32f4xx_it.o
                0x00000000080013b6                HardFault_Handler
 .text.MemManage_Handler
                0x00000000080013bc        0x6 ./Core/Src/stm32f4xx_it.o
                0x00000000080013bc                MemManage_Handler
 .text.BusFault_Handler
                0x00000000080013c2        0x6 ./Core/Src/stm32f4xx_it.o
                0x00000000080013c2                BusFault_Handler
 .text.UsageFault_Handler
                0x00000000080013c8        0x6 ./Core/Src/stm32f4xx_it.o
                0x00000000080013c8                UsageFault_Handler
 .text.SVC_Handler
                0x00000000080013ce        0xe ./Core/Src/stm32f4xx_it.o
                0x00000000080013ce                SVC_Handler
 .text.DebugMon_Handler
                0x00000000080013dc        0xe ./Core/Src/stm32f4xx_it.o
                0x00000000080013dc                DebugMon_Handler
 .text.PendSV_Handler
                0x00000000080013ea        0xe ./Core/Src/stm32f4xx_it.o
                0x00000000080013ea                PendSV_Handler
 .text.SysTick_Handler
                0x00000000080013f8        0xc ./Core/Src/stm32f4xx_it.o
                0x00000000080013f8                SysTick_Handler
 .text._sbrk    0x0000000008001404       0x6c ./Core/Src/sysmem.o
                0x0000000008001404                _sbrk
 .text.SystemInit
                0x0000000008001470       0x24 ./Core/Src/system_stm32f4xx.o
                0x0000000008001470                SystemInit
 .text.Reset_Handler
                0x0000000008001494       0x50 ./Core/Startup/startup_stm32f407vgtx.o
                0x0000000008001494                Reset_Handler
 .text.Default_Handler
                0x00000000080014e4        0x2 ./Core/Startup/startup_stm32f407vgtx.o
                0x00000000080014e4                RTC_Alarm_IRQHandler
                0x00000000080014e4                HASH_RNG_IRQHandler
                0x00000000080014e4                EXTI2_IRQHandler
                0x00000000080014e4                TIM8_CC_IRQHandler
                0x00000000080014e4                TIM1_CC_IRQHandler
                0x00000000080014e4                DMA2_Stream5_IRQHandler
                0x00000000080014e4                DMA1_Stream5_IRQHandler
                0x00000000080014e4                PVD_IRQHandler
                0x00000000080014e4                SDIO_IRQHandler
                0x00000000080014e4                TAMP_STAMP_IRQHandler
                0x00000000080014e4                CAN2_RX1_IRQHandler
                0x00000000080014e4                EXTI3_IRQHandler
                0x00000000080014e4                TIM8_TRG_COM_TIM14_IRQHandler
                0x00000000080014e4                TIM1_UP_TIM10_IRQHandler
                0x00000000080014e4                TIM8_UP_TIM13_IRQHandler
                0x00000000080014e4                I2C3_ER_IRQHandler
                0x00000000080014e4                EXTI0_IRQHandler
                0x00000000080014e4                I2C2_EV_IRQHandler
                0x00000000080014e4                DMA1_Stream2_IRQHandler
                0x00000000080014e4                CAN1_RX0_IRQHandler
                0x00000000080014e4                FPU_IRQHandler
                0x00000000080014e4                OTG_HS_WKUP_IRQHandler
                0x00000000080014e4                CAN2_SCE_IRQHandler
                0x00000000080014e4                DMA2_Stream2_IRQHandler
                0x00000000080014e4                SPI1_IRQHandler
                0x00000000080014e4                TIM6_DAC_IRQHandler
                0x00000000080014e4                TIM1_BRK_TIM9_IRQHandler
                0x00000000080014e4                DCMI_IRQHandler
                0x00000000080014e4                CAN2_RX0_IRQHandler
                0x00000000080014e4                DMA2_Stream3_IRQHandler
                0x00000000080014e4                USART6_IRQHandler
                0x00000000080014e4                USART3_IRQHandler
                0x00000000080014e4                CAN1_RX1_IRQHandler
                0x00000000080014e4                UART5_IRQHandler
                0x00000000080014e4                DMA2_Stream0_IRQHandler
                0x00000000080014e4                TIM4_IRQHandler
                0x00000000080014e4                I2C1_EV_IRQHandler
                0x00000000080014e4                DMA1_Stream6_IRQHandler
                0x00000000080014e4                DMA1_Stream1_IRQHandler
                0x00000000080014e4                UART4_IRQHandler
                0x00000000080014e4                TIM3_IRQHandler
                0x00000000080014e4                RCC_IRQHandler
                0x00000000080014e4                TIM8_BRK_TIM12_IRQHandler
                0x00000000080014e4                Default_Handler
                0x00000000080014e4                EXTI15_10_IRQHandler
                0x00000000080014e4                ADC_IRQHandler
                0x00000000080014e4                DMA1_Stream7_IRQHandler
                0x00000000080014e4                TIM7_IRQHandler
                0x00000000080014e4                CAN2_TX_IRQHandler
                0x00000000080014e4                TIM5_IRQHandler
                0x00000000080014e4                DMA2_Stream7_IRQHandler
                0x00000000080014e4                I2C3_EV_IRQHandler
                0x00000000080014e4                EXTI9_5_IRQHandler
                0x00000000080014e4                RTC_WKUP_IRQHandler
                0x00000000080014e4                ETH_WKUP_IRQHandler
                0x00000000080014e4                SPI2_IRQHandler
                0x00000000080014e4                OTG_HS_EP1_IN_IRQHandler
                0x00000000080014e4                DMA1_Stream0_IRQHandler
                0x00000000080014e4                CAN1_TX_IRQHandler
                0x00000000080014e4                EXTI4_IRQHandler
                0x00000000080014e4                FSMC_IRQHandler
                0x00000000080014e4                ETH_IRQHandler
                0x00000000080014e4                OTG_HS_EP1_OUT_IRQHandler
                0x00000000080014e4                WWDG_IRQHandler
                0x00000000080014e4                TIM2_IRQHandler
                0x00000000080014e4                OTG_FS_WKUP_IRQHandler
                0x00000000080014e4                TIM1_TRG_COM_TIM11_IRQHandler
                0x00000000080014e4                OTG_HS_IRQHandler
                0x00000000080014e4                EXTI1_IRQHandler
                0x00000000080014e4                USART2_IRQHandler
                0x00000000080014e4                I2C2_ER_IRQHandler
                0x00000000080014e4                DMA2_Stream1_IRQHandler
                0x00000000080014e4                CAN1_SCE_IRQHandler
                0x00000000080014e4                FLASH_IRQHandler
                0x00000000080014e4                DMA2_Stream4_IRQHandler
                0x00000000080014e4                USART1_IRQHandler
                0x00000000080014e4                OTG_FS_IRQHandler
                0x00000000080014e4                SPI3_IRQHandler
                0x00000000080014e4                DMA1_Stream4_IRQHandler
                0x00000000080014e4                I2C1_ER_IRQHandler
                0x00000000080014e4                DMA2_Stream6_IRQHandler
                0x00000000080014e4                DMA1_Stream3_IRQHandler
 *fill*         0x00000000080014e6        0x2 
 .text.HAL_Init
                0x00000000080014e8       0x44 ./Drivers/STM32F4xx_HAL_Driver/Src/stm32f4xx_hal.o
                0x00000000080014e8                HAL_Init
 .text.HAL_InitTick
                0x000000000800152c       0x60 ./Drivers/STM32F4xx_HAL_Driver/Src/stm32f4xx_hal.o
                0x000000000800152c                HAL_InitTick
 .text.HAL_IncTick
                0x000000000800158c       0x28 ./Drivers/STM32F4xx_HAL_Driver/Src/stm32f4xx_hal.o
                0x000000000800158c                HAL_IncTick
 .text.HAL_GetTick
                0x00000000080015b4       0x18 ./Drivers/STM32F4xx_HAL_Driver/Src/stm32f4xx_hal.o
                0x00000000080015b4                HAL_GetTick
 .text.HAL_Delay
                0x00000000080015cc       0x48 ./Drivers/STM32F4xx_HAL_Driver/Src/stm32f4xx_hal.o
                0x00000000080015cc                HAL_Delay
 .text.__NVIC_SetPriorityGrouping
                0x0000000008001614       0x48 ./Drivers/STM32F4xx_HAL_Driver/Src/stm32f4xx_hal_cortex.o
 .text.__NVIC_GetPriorityGrouping
                0x000000000800165c       0x1c ./Drivers/STM32F4xx_HAL_Driver/Src/stm32f4xx_hal_cortex.o
 .text.__NVIC_SetPriority
                0x0000000008001678       0x54 ./Drivers/STM32F4xx_HAL_Driver/Src/stm32f4xx_hal_cortex.o
 .text.NVIC_EncodePriority
                0x00000000080016cc       0x66 ./Drivers/STM32F4xx_HAL_Driver/Src/stm32f4xx_hal_cortex.o
 *fill*         0x0000000008001732        0x2 
 .text.SysTick_Config
                0x0000000008001734       0x44 ./Drivers/STM32F4xx_HAL_Driver/Src/stm32f4xx_hal_cortex.o
 .text.HAL_NVIC_SetPriorityGrouping
                0x0000000008001778       0x16 ./Drivers/STM32F4xx_HAL_Driver/Src/stm32f4xx_hal_cortex.o
                0x0000000008001778                HAL_NVIC_SetPriorityGrouping
 .text.HAL_NVIC_SetPriority
                0x000000000800178e       0x38 ./Drivers/STM32F4xx_HAL_Driver/Src/stm32f4xx_hal_cortex.o
                0x000000000800178e                HAL_NVIC_SetPriority
 .text.HAL_SYSTICK_Config
                0x00000000080017c6       0x18 ./Drivers/STM32F4xx_HAL_Driver/Src/stm32f4xx_hal_cortex.o
                0x00000000080017c6                HAL_SYSTICK_Config
 *fill*         0x00000000080017de        0x2 
 .text.HAL_GPIO_Init
                0x00000000080017e0      0x338 ./Drivers/STM32F4xx_HAL_Driver/Src/stm32f4xx_hal_gpio.o
                0x00000000080017e0                HAL_GPIO_Init
 .text.HAL_GPIO_ReadPin
                0x0000000008001b18       0x30 ./Drivers/STM32F4xx_HAL_Driver/Src/stm32f4xx_hal_gpio.o
                0x0000000008001b18                HAL_GPIO_ReadPin
 .text.HAL_GPIO_WritePin
                0x0000000008001b48       0x32 ./Drivers/STM32F4xx_HAL_Driver/Src/stm32f4xx_hal_gpio.o
                0x0000000008001b48                HAL_GPIO_WritePin
 *fill*         0x0000000008001b7a        0x2 
 .text.HAL_RCC_OscConfig
                0x0000000008001b7c      0x4f0 ./Drivers/STM32F4xx_HAL_Driver/Src/stm32f4xx_hal_rcc.o
                0x0000000008001b7c                HAL_RCC_OscConfig
 .text.HAL_RCC_ClockConfig
                0x000000000800206c      0x1cc ./Drivers/STM32F4xx_HAL_Driver/Src/stm32f4xx_hal_rcc.o
                0x000000000800206c                HAL_RCC_ClockConfig
 .text.HAL_RCC_GetSysClockFreq
                0x0000000008002238      0x20c ./Drivers/STM32F4xx_HAL_Driver/Src/stm32f4xx_hal_rcc.o
                0x0000000008002238                HAL_RCC_GetSysClockFreq
 .text.HAL_SPI_Init
                0x0000000008002444      0x112 ./Drivers/STM32F4xx_HAL_Driver/Src/stm32f4xx_hal_spi.o
                0x0000000008002444                HAL_SPI_Init
 .text.HAL_SPI_Transmit
                0x0000000008002556      0x278 ./Drivers/STM32F4xx_HAL_Driver/Src/stm32f4xx_hal_spi.o
                0x0000000008002556                HAL_SPI_Transmit
 *fill*         0x00000000080027ce        0x2 
 .text.SPI_WaitFlagStateUntilTimeout
                0x00000000080027d0      0x110 ./Drivers/STM32F4xx_HAL_Driver/Src/stm32f4xx_hal_spi.o
 .text.SPI_EndRxTxTransaction
                0x00000000080028e0       0x84 ./Drivers/STM32F4xx_HAL_Driver/Src/stm32f4xx_hal_spi.o
 .text.HAL_TIM_Base_Init
                0x0000000008002964       0x9e ./Drivers/STM32F4xx_HAL_Driver/Src/stm32f4xx_hal_tim.o
                0x0000000008002964                HAL_TIM_Base_Init
 *fill*         0x0000000008002a02        0x2 
 .text.HAL_TIM_Base_Start_IT
                0x0000000008002a04       0xe0 ./Drivers/STM32F4xx_HAL_Driver/Src/stm32f4xx_hal_tim.o
                0x0000000008002a04                HAL_TIM_Base_Start_IT
 .text.HAL_TIM_ConfigClockSource
                0x0000000008002ae4      0x18e ./Drivers/STM32F4xx_HAL_Driver/Src/stm32f4xx_hal_tim.o
                0x0000000008002ae4                HAL_TIM_ConfigClockSource
 *fill*         0x0000000008002c72        0x2 
 .text.TIM_Base_SetConfig
                0x0000000008002c74      0x140 ./Drivers/STM32F4xx_HAL_Driver/Src/stm32f4xx_hal_tim.o
                0x0000000008002c74                TIM_Base_SetConfig
 .text.TIM_TI1_ConfigInputStage
                0x0000000008002db4       0x5e ./Drivers/STM32F4xx_HAL_Driver/Src/stm32f4xx_hal_tim.o
 .text.TIM_TI2_ConfigInputStage
                0x0000000008002e12       0x60 ./Drivers/STM32F4xx_HAL_Driver/Src/stm32f4xx_hal_tim.o
 .text.TIM_ITRx_SetConfig
                0x0000000008002e72       0x36 ./Drivers/STM32F4xx_HAL_Driver/Src/stm32f4xx_hal_tim.o
 .text.TIM_ETR_SetConfig
                0x0000000008002ea8       0x40 ./Drivers/STM32F4xx_HAL_Driver/Src/stm32f4xx_hal_tim.o
                0x0000000008002ea8                TIM_ETR_SetConfig
 .text.HAL_TIMEx_MasterConfigSynchronization
                0x0000000008002ee8       0xf8 ./Drivers/STM32F4xx_HAL_Driver/Src/stm32f4xx_hal_tim_ex.o
                0x0000000008002ee8                HAL_TIMEx_MasterConfigSynchronization
 .text.malloc   0x0000000008002fe0       0x10 C:/Users/Radiogeet_1/STM32CubeIDE_1.13.0/STM32CubeIDE/plugins/com.st.stm32cube.ide.mcu.externaltools.gnu-tools-for-stm32.11.3.rel1.win32_1.1.0.202305231506/tools/bin/../lib/gcc/arm-none-eabi/11.3.1/../../../../arm-none-eabi/lib/thumb/v7e-m+fp/hard\libc_nano.a(libc_a-malloc.o)
                0x0000000008002fe0                malloc
 .text.sbrk_aligned
                0x0000000008002ff0       0x40 C:/Users/Radiogeet_1/STM32CubeIDE_1.13.0/STM32CubeIDE/plugins/com.st.stm32cube.ide.mcu.externaltools.gnu-tools-for-stm32.11.3.rel1.win32_1.1.0.202305231506/tools/bin/../lib/gcc/arm-none-eabi/11.3.1/../../../../arm-none-eabi/lib/thumb/v7e-m+fp/hard\libc_nano.a(libc_a-mallocr.o)
 .text._malloc_r
                0x0000000008003030      0x100 C:/Users/Radiogeet_1/STM32CubeIDE_1.13.0/STM32CubeIDE/plugins/com.st.stm32cube.ide.mcu.externaltools.gnu-tools-for-stm32.11.3.rel1.win32_1.1.0.202305231506/tools/bin/../lib/gcc/arm-none-eabi/11.3.1/../../../../arm-none-eabi/lib/thumb/v7e-m+fp/hard\libc_nano.a(libc_a-mallocr.o)
                0x0000000008003030                _malloc_r
 .text.__malloc_lock
                0x0000000008003130        0xc C:/Users/Radiogeet_1/STM32CubeIDE_1.13.0/STM32CubeIDE/plugins/com.st.stm32cube.ide.mcu.externaltools.gnu-tools-for-stm32.11.3.rel1.win32_1.1.0.202305231506/tools/bin/../lib/gcc/arm-none-eabi/11.3.1/../../../../arm-none-eabi/lib/thumb/v7e-m+fp/hard\libc_nano.a(libc_a-mlock.o)
                0x0000000008003130                __malloc_lock
 .text.__malloc_unlock
                0x000000000800313c        0xc C:/Users/Radiogeet_1/STM32CubeIDE_1.13.0/STM32CubeIDE/plugins/com.st.stm32cube.ide.mcu.externaltools.gnu-tools-for-stm32.11.3.rel1.win32_1.1.0.202305231506/tools/bin/../lib/gcc/arm-none-eabi/11.3.1/../../../../arm-none-eabi/lib/thumb/v7e-m+fp/hard\libc_nano.a(libc_a-mlock.o)
                0x000000000800313c                __malloc_unlock
 .text.memset   0x0000000008003148       0x10 C:/Users/Radiogeet_1/STM32CubeIDE_1.13.0/STM32CubeIDE/plugins/com.st.stm32cube.ide.mcu.externaltools.gnu-tools-for-stm32.11.3.rel1.win32_1.1.0.202305231506/tools/bin/../lib/gcc/arm-none-eabi/11.3.1/../../../../arm-none-eabi/lib/thumb/v7e-m+fp/hard\libc_nano.a(libc_a-memset.o)
                0x0000000008003148                memset
 .text._sbrk_r  0x0000000008003158       0x20 C:/Users/Radiogeet_1/STM32CubeIDE_1.13.0/STM32CubeIDE/plugins/com.st.stm32cube.ide.mcu.externaltools.gnu-tools-for-stm32.11.3.rel1.win32_1.1.0.202305231506/tools/bin/../lib/gcc/arm-none-eabi/11.3.1/../../../../arm-none-eabi/lib/thumb/v7e-m+fp/hard\libc_nano.a(libc_a-sbrkr.o)
                0x0000000008003158                _sbrk_r
 .text.__errno  0x0000000008003178        0xc C:/Users/Radiogeet_1/STM32CubeIDE_1.13.0/STM32CubeIDE/plugins/com.st.stm32cube.ide.mcu.externaltools.gnu-tools-for-stm32.11.3.rel1.win32_1.1.0.202305231506/tools/bin/../lib/gcc/arm-none-eabi/11.3.1/../../../../arm-none-eabi/lib/thumb/v7e-m+fp/hard\libc_nano.a(libc_a-errno.o)
                0x0000000008003178                __errno
 .text.__libc_init_array
                0x0000000008003184       0x48 C:/Users/Radiogeet_1/STM32CubeIDE_1.13.0/STM32CubeIDE/plugins/com.st.stm32cube.ide.mcu.externaltools.gnu-tools-for-stm32.11.3.rel1.win32_1.1.0.202305231506/tools/bin/../lib/gcc/arm-none-eabi/11.3.1/../../../../arm-none-eabi/lib/thumb/v7e-m+fp/hard\libc_nano.a(libc_a-init.o)
                0x0000000008003184                __libc_init_array
 .text.__retarget_lock_acquire_recursive
                0x00000000080031cc        0x2 C:/Users/Radiogeet_1/STM32CubeIDE_1.13.0/STM32CubeIDE/plugins/com.st.stm32cube.ide.mcu.externaltools.gnu-tools-for-stm32.11.3.rel1.win32_1.1.0.202305231506/tools/bin/../lib/gcc/arm-none-eabi/11.3.1/../../../../arm-none-eabi/lib/thumb/v7e-m+fp/hard\libc_nano.a(libc_a-lock.o)
                0x00000000080031cc                __retarget_lock_acquire_recursive
 .text.__retarget_lock_release_recursive
                0x00000000080031ce        0x2 C:/Users/Radiogeet_1/STM32CubeIDE_1.13.0/STM32CubeIDE/plugins/com.st.stm32cube.ide.mcu.externaltools.gnu-tools-for-stm32.11.3.rel1.win32_1.1.0.202305231506/tools/bin/../lib/gcc/arm-none-eabi/11.3.1/../../../../arm-none-eabi/lib/thumb/v7e-m+fp/hard\libc_nano.a(libc_a-lock.o)
                0x00000000080031ce                __retarget_lock_release_recursive
 *(.glue_7)
 .glue_7        0x00000000080031d0        0x0 linker stubs
 *(.glue_7t)
 .glue_7t       0x00000000080031d0        0x0 linker stubs
 *(.eh_frame)
 .eh_frame      0x00000000080031d0        0x0 C:/Users/Radiogeet_1/STM32CubeIDE_1.13.0/STM32CubeIDE/plugins/com.st.stm32cube.ide.mcu.externaltools.gnu-tools-for-stm32.11.3.rel1.win32_1.1.0.202305231506/tools/bin/../lib/gcc/arm-none-eabi/11.3.1/thumb/v7e-m+fp/hard/crtbegin.o
 *(.init)
 .init          0x00000000080031d0        0x4 C:/Users/Radiogeet_1/STM32CubeIDE_1.13.0/STM32CubeIDE/plugins/com.st.stm32cube.ide.mcu.externaltools.gnu-tools-for-stm32.11.3.rel1.win32_1.1.0.202305231506/tools/bin/../lib/gcc/arm-none-eabi/11.3.1/thumb/v7e-m+fp/hard/crti.o
                0x00000000080031d0                _init
 .init          0x00000000080031d4        0x8 C:/Users/Radiogeet_1/STM32CubeIDE_1.13.0/STM32CubeIDE/plugins/com.st.stm32cube.ide.mcu.externaltools.gnu-tools-for-stm32.11.3.rel1.win32_1.1.0.202305231506/tools/bin/../lib/gcc/arm-none-eabi/11.3.1/thumb/v7e-m+fp/hard/crtn.o
 *(.fini)
 .fini          0x00000000080031dc        0x4 C:/Users/Radiogeet_1/STM32CubeIDE_1.13.0/STM32CubeIDE/plugins/com.st.stm32cube.ide.mcu.externaltools.gnu-tools-for-stm32.11.3.rel1.win32_1.1.0.202305231506/tools/bin/../lib/gcc/arm-none-eabi/11.3.1/thumb/v7e-m+fp/hard/crti.o
                0x00000000080031dc                _fini
 .fini          0x00000000080031e0        0x8 C:/Users/Radiogeet_1/STM32CubeIDE_1.13.0/STM32CubeIDE/plugins/com.st.stm32cube.ide.mcu.externaltools.gnu-tools-for-stm32.11.3.rel1.win32_1.1.0.202305231506/tools/bin/../lib/gcc/arm-none-eabi/11.3.1/thumb/v7e-m+fp/hard/crtn.o
                0x00000000080031e8                . = ALIGN (0x4)
                0x00000000080031e8                _etext = .

.vfp11_veneer   0x00000000080031e8        0x0
 .vfp11_veneer  0x00000000080031e8        0x0 linker stubs

.v4_bx          0x00000000080031e8        0x0
 .v4_bx         0x00000000080031e8        0x0 linker stubs

.iplt           0x00000000080031e8        0x0
 .iplt          0x00000000080031e8        0x0 C:/Users/Radiogeet_1/STM32CubeIDE_1.13.0/STM32CubeIDE/plugins/com.st.stm32cube.ide.mcu.externaltools.gnu-tools-for-stm32.11.3.rel1.win32_1.1.0.202305231506/tools/bin/../lib/gcc/arm-none-eabi/11.3.1/thumb/v7e-m+fp/hard/crtbegin.o

.rodata         0x00000000080031e8      0xd68
                0x00000000080031e8                . = ALIGN (0x4)
 *(.rodata)
 .rodata        0x00000000080031e8        0x5 ./Core/Src/main.o
 *(.rodata*)
 *fill*         0x00000000080031ed        0x3 
 .rodata.Arial_Black_16_ISO_8859_1
                0x00000000080031f0      0xd50 ./Core/Src/main.o
 .rodata.AHBPrescTable
                0x0000000008003f40       0x10 ./Core/Src/system_stm32f4xx.o
                0x0000000008003f40                AHBPrescTable
                0x0000000008003f50                . = ALIGN (0x4)

.ARM.extab      0x0000000008003f50        0x0
                0x0000000008003f50                . = ALIGN (0x4)
 *(.ARM.extab* .gnu.linkonce.armextab.*)
                0x0000000008003f50                . = ALIGN (0x4)

.ARM            0x0000000008003f50        0x8
                0x0000000008003f50                . = ALIGN (0x4)
                0x0000000008003f50                __exidx_start = .
 *(.ARM.exidx*)
 .ARM.exidx     0x0000000008003f50        0x8 C:/Users/Radiogeet_1/STM32CubeIDE_1.13.0/STM32CubeIDE/plugins/com.st.stm32cube.ide.mcu.externaltools.gnu-tools-for-stm32.11.3.rel1.win32_1.1.0.202305231506/tools/bin/../lib/gcc/arm-none-eabi/11.3.1/thumb/v7e-m+fp/hard\libgcc.a(_udivmoddi4.o)
                0x0000000008003f58                __exidx_end = .
                0x0000000008003f58                . = ALIGN (0x4)

.rel.dyn        0x0000000008003f58        0x0
 .rel.iplt      0x0000000008003f58        0x0 C:/Users/Radiogeet_1/STM32CubeIDE_1.13.0/STM32CubeIDE/plugins/com.st.stm32cube.ide.mcu.externaltools.gnu-tools-for-stm32.11.3.rel1.win32_1.1.0.202305231506/tools/bin/../lib/gcc/arm-none-eabi/11.3.1/thumb/v7e-m+fp/hard/crtbegin.o

.preinit_array  0x0000000008003f58        0x0
                0x0000000008003f58                . = ALIGN (0x4)
                0x0000000008003f58                PROVIDE (__preinit_array_start = .)
 *(.preinit_array*)
                0x0000000008003f58                PROVIDE (__preinit_array_end = .)
                0x0000000008003f58                . = ALIGN (0x4)

.init_array     0x0000000008003f58        0x4
                0x0000000008003f58                . = ALIGN (0x4)
                0x0000000008003f58                PROVIDE (__init_array_start = .)
 *(SORT_BY_NAME(.init_array.*))
 *(.init_array*)
 .init_array    0x0000000008003f58        0x4 C:/Users/Radiogeet_1/STM32CubeIDE_1.13.0/STM32CubeIDE/plugins/com.st.stm32cube.ide.mcu.externaltools.gnu-tools-for-stm32.11.3.rel1.win32_1.1.0.202305231506/tools/bin/../lib/gcc/arm-none-eabi/11.3.1/thumb/v7e-m+fp/hard/crtbegin.o
                0x0000000008003f5c                PROVIDE (__init_array_end = .)
                0x0000000008003f5c                . = ALIGN (0x4)

.fini_array     0x0000000008003f5c        0x4
                0x0000000008003f5c                . = ALIGN (0x4)
                [!provide]                        PROVIDE (__fini_array_start = .)
 *(SORT_BY_NAME(.fini_array.*))
 *(.fini_array*)
 .fini_array    0x0000000008003f5c        0x4 C:/Users/Radiogeet_1/STM32CubeIDE_1.13.0/STM32CubeIDE/plugins/com.st.stm32cube.ide.mcu.externaltools.gnu-tools-for-stm32.11.3.rel1.win32_1.1.0.202305231506/tools/bin/../lib/gcc/arm-none-eabi/11.3.1/thumb/v7e-m+fp/hard/crtbegin.o
                [!provide]                        PROVIDE (__fini_array_end = .)
                0x0000000008003f60                . = ALIGN (0x4)
                0x0000000008003f60                _sidata = LOADADDR (.data)

.data           0x0000000020000000       0x64 load address 0x0000000008003f60
                0x0000000020000000                . = ALIGN (0x4)
                0x0000000020000000                _sdata = .
 *(.data)
 *(.data*)
 .data.bPixelLookupTable
                0x0000000020000000        0x8 ./Core/Src/DMD.o
 .data.SystemCoreClock
                0x0000000020000008        0x4 ./Core/Src/system_stm32f4xx.o
                0x0000000020000008                SystemCoreClock
 .data.uwTickPrio
                0x000000002000000c        0x4 ./Drivers/STM32F4xx_HAL_Driver/Src/stm32f4xx_hal.o
                0x000000002000000c                uwTickPrio
 .data.uwTickFreq
                0x0000000020000010        0x1 ./Drivers/STM32F4xx_HAL_Driver/Src/stm32f4xx_hal.o
                0x0000000020000010                uwTickFreq
 *fill*         0x0000000020000011        0x3 
 .data._impure_data
                0x0000000020000014       0x4c C:/Users/Radiogeet_1/STM32CubeIDE_1.13.0/STM32CubeIDE/plugins/com.st.stm32cube.ide.mcu.externaltools.gnu-tools-for-stm32.11.3.rel1.win32_1.1.0.202305231506/tools/bin/../lib/gcc/arm-none-eabi/11.3.1/../../../../arm-none-eabi/lib/thumb/v7e-m+fp/hard\libc_nano.a(libc_a-impure.o)
                0x0000000020000014                _impure_data
 .data._impure_ptr
                0x0000000020000060        0x4 C:/Users/Radiogeet_1/STM32CubeIDE_1.13.0/STM32CubeIDE/plugins/com.st.stm32cube.ide.mcu.externaltools.gnu-tools-for-stm32.11.3.rel1.win32_1.1.0.202305231506/tools/bin/../lib/gcc/arm-none-eabi/11.3.1/../../../../arm-none-eabi/lib/thumb/v7e-m+fp/hard\libc_nano.a(libc_a-impure.o)
                0x0000000020000060                _impure_ptr
 *(.RamFunc)
 *(.RamFunc*)
                0x0000000020000064                . = ALIGN (0x4)
                0x0000000020000064                _edata = .
                0x0000000008003fc4                _siccmram = LOADADDR (.ccmram)

.igot.plt       0x0000000020000064        0x0 load address 0x0000000008003fc4
 .igot.plt      0x0000000020000064        0x0 C:/Users/Radiogeet_1/STM32CubeIDE_1.13.0/STM32CubeIDE/plugins/com.st.stm32cube.ide.mcu.externaltools.gnu-tools-for-stm32.11.3.rel1.win32_1.1.0.202305231506/tools/bin/../lib/gcc/arm-none-eabi/11.3.1/thumb/v7e-m+fp/hard/crtbegin.o

.ccmram         0x0000000010000000        0x0 load address 0x0000000008003fc4
                0x0000000010000000                . = ALIGN (0x4)
                0x0000000010000000                _sccmram = .
 *(.ccmram)
 *(.ccmram*)
                0x0000000010000000                . = ALIGN (0x4)
                0x0000000010000000                _eccmram = .
                0x0000000010000000                . = ALIGN (0x4)

.bss            0x0000000020000064      0x21c
                0x0000000020000064                _sbss = .
                0x0000000020000064                __bss_start__ = _sbss
 *(.bss)
 .bss           0x0000000020000064       0x1c C:/Users/Radiogeet_1/STM32CubeIDE_1.13.0/STM32CubeIDE/plugins/com.st.stm32cube.ide.mcu.externaltools.gnu-tools-for-stm32.11.3.rel1.win32_1.1.0.202305231506/tools/bin/../lib/gcc/arm-none-eabi/11.3.1/thumb/v7e-m+fp/hard/crtbegin.o
 *(.bss*)
 .bss.rowsizevalue
                0x0000000020000080        0x4 ./Core/Src/DMD.o
                0x0000000020000080                rowsizevalue
 .bss.offsevalue
                0x0000000020000084        0x4 ./Core/Src/DMD.o
                0x0000000020000084                offsevalue
 .bss.displayvalue
                0x0000000020000088        0x4 ./Core/Src/DMD.o
                0x0000000020000088                displayvalue
 .bss.hspi1     0x000000002000008c       0x58 ./Core/Src/main.o
                0x000000002000008c                hspi1
 .bss.htim2     0x00000000200000e4       0x48 ./Core/Src/main.o
                0x00000000200000e4                htim2
 .bss.dmd       0x000000002000012c        0x4 ./Core/Src/main.o
                0x000000002000012c                dmd
 .bss.__sbrk_heap_end
                0x0000000020000130        0x4 ./Core/Src/sysmem.o
 .bss.uwTick    0x0000000020000134        0x4 ./Drivers/STM32F4xx_HAL_Driver/Src/stm32f4xx_hal.o
                0x0000000020000134                uwTick
 .bss.__malloc_free_list
                0x0000000020000138        0x4 C:/Users/Radiogeet_1/STM32CubeIDE_1.13.0/STM32CubeIDE/plugins/com.st.stm32cube.ide.mcu.externaltools.gnu-tools-for-stm32.11.3.rel1.win32_1.1.0.202305231506/tools/bin/../lib/gcc/arm-none-eabi/11.3.1/../../../../arm-none-eabi/lib/thumb/v7e-m+fp/hard\libc_nano.a(libc_a-mallocr.o)
                0x0000000020000138                __malloc_free_list
 .bss.__malloc_sbrk_start
                0x000000002000013c        0x4 C:/Users/Radiogeet_1/STM32CubeIDE_1.13.0/STM32CubeIDE/plugins/com.st.stm32cube.ide.mcu.externaltools.gnu-tools-for-stm32.11.3.rel1.win32_1.1.0.202305231506/tools/bin/../lib/gcc/arm-none-eabi/11.3.1/../../../../arm-none-eabi/lib/thumb/v7e-m+fp/hard\libc_nano.a(libc_a-mallocr.o)
                0x000000002000013c                __malloc_sbrk_start
 .bss.__sf      0x0000000020000140      0x138 C:/Users/Radiogeet_1/STM32CubeIDE_1.13.0/STM32CubeIDE/plugins/com.st.stm32cube.ide.mcu.externaltools.gnu-tools-for-stm32.11.3.rel1.win32_1.1.0.202305231506/tools/bin/../lib/gcc/arm-none-eabi/11.3.1/../../../../arm-none-eabi/lib/thumb/v7e-m+fp/hard\libc_nano.a(libc_a-findfp.o)
                0x0000000020000140                __sf
 .bss.errno     0x0000000020000278        0x4 C:/Users/Radiogeet_1/STM32CubeIDE_1.13.0/STM32CubeIDE/plugins/com.st.stm32cube.ide.mcu.externaltools.gnu-tools-for-stm32.11.3.rel1.win32_1.1.0.202305231506/tools/bin/../lib/gcc/arm-none-eabi/11.3.1/../../../../arm-none-eabi/lib/thumb/v7e-m+fp/hard\libc_nano.a(libc_a-reent.o)
                0x0000000020000278                errno
 .bss.__lock___malloc_recursive_mutex
                0x000000002000027c        0x1 C:/Users/Radiogeet_1/STM32CubeIDE_1.13.0/STM32CubeIDE/plugins/com.st.stm32cube.ide.mcu.externaltools.gnu-tools-for-stm32.11.3.rel1.win32_1.1.0.202305231506/tools/bin/../lib/gcc/arm-none-eabi/11.3.1/../../../../arm-none-eabi/lib/thumb/v7e-m+fp/hard\libc_nano.a(libc_a-lock.o)
                0x000000002000027c                __lock___malloc_recursive_mutex
 *(COMMON)
                0x0000000020000280                . = ALIGN (0x4)
 *fill*         0x000000002000027d        0x3 
                0x0000000020000280                _ebss = .
                0x0000000020000280                __bss_end__ = _ebss

._user_heap_stack
                0x0000000020000280      0x600
                0x0000000020000280                . = ALIGN (0x8)
                [!provide]                        PROVIDE (end = .)
                0x0000000020000280                PROVIDE (_end = .)
                0x0000000020000480                . = (. + _Min_Heap_Size)
 *fill*         0x0000000020000280      0x200 
                0x0000000020000880                . = (. + _Min_Stack_Size)
 *fill*         0x0000000020000480      0x400 
                0x0000000020000880                . = ALIGN (0x8)

/DISCARD/
 libc.a(*)
 libm.a(*)
 libgcc.a(*)

.ARM.attributes
                0x0000000000000000       0x30
 *(.ARM.attributes)
 .ARM.attributes
                0x0000000000000000       0x1e C:/Users/Radiogeet_1/STM32CubeIDE_1.13.0/STM32CubeIDE/plugins/com.st.stm32cube.ide.mcu.externaltools.gnu-tools-for-stm32.11.3.rel1.win32_1.1.0.202305231506/tools/bin/../lib/gcc/arm-none-eabi/11.3.1/thumb/v7e-m+fp/hard/crti.o
 .ARM.attributes
                0x000000000000001e       0x34 C:/Users/Radiogeet_1/STM32CubeIDE_1.13.0/STM32CubeIDE/plugins/com.st.stm32cube.ide.mcu.externaltools.gnu-tools-for-stm32.11.3.rel1.win32_1.1.0.202305231506/tools/bin/../lib/gcc/arm-none-eabi/11.3.1/thumb/v7e-m+fp/hard/crtbegin.o
 .ARM.attributes
                0x0000000000000052       0x34 ./Core/Src/DMD.o
 .ARM.attributes
                0x0000000000000086       0x34 ./Core/Src/main.o
 .ARM.attributes
                0x00000000000000ba       0x34 ./Core/Src/stm32f4xx_hal_msp.o
 .ARM.attributes
                0x00000000000000ee       0x34 ./Core/Src/stm32f4xx_it.o
 .ARM.attributes
                0x0000000000000122       0x34 ./Core/Src/sysmem.o
 .ARM.attributes
                0x0000000000000156       0x34 ./Core/Src/system_stm32f4xx.o
 .ARM.attributes
                0x000000000000018a       0x21 ./Core/Startup/startup_stm32f407vgtx.o
 .ARM.attributes
                0x00000000000001ab       0x34 ./Drivers/STM32F4xx_HAL_Driver/Src/stm32f4xx_hal.o
 .ARM.attributes
                0x00000000000001df       0x34 ./Drivers/STM32F4xx_HAL_Driver/Src/stm32f4xx_hal_cortex.o
 .ARM.attributes
                0x0000000000000213       0x34 ./Drivers/STM32F4xx_HAL_Driver/Src/stm32f4xx_hal_gpio.o
 .ARM.attributes
                0x0000000000000247       0x34 ./Drivers/STM32F4xx_HAL_Driver/Src/stm32f4xx_hal_rcc.o
 .ARM.attributes
                0x000000000000027b       0x34 ./Drivers/STM32F4xx_HAL_Driver/Src/stm32f4xx_hal_spi.o
 .ARM.attributes
                0x00000000000002af       0x34 ./Drivers/STM32F4xx_HAL_Driver/Src/stm32f4xx_hal_tim.o
 .ARM.attributes
                0x00000000000002e3       0x34 ./Drivers/STM32F4xx_HAL_Driver/Src/stm32f4xx_hal_tim_ex.o
 .ARM.attributes
                0x0000000000000317       0x34 C:/Users/Radiogeet_1/STM32CubeIDE_1.13.0/STM32CubeIDE/plugins/com.st.stm32cube.ide.mcu.externaltools.gnu-tools-for-stm32.11.3.rel1.win32_1.1.0.202305231506/tools/bin/../lib/gcc/arm-none-eabi/11.3.1/../../../../arm-none-eabi/lib/thumb/v7e-m+fp/hard\libc_nano.a(libc_a-malloc.o)
 .ARM.attributes
                0x000000000000034b       0x34 C:/Users/Radiogeet_1/STM32CubeIDE_1.13.0/STM32CubeIDE/plugins/com.st.stm32cube.ide.mcu.externaltools.gnu-tools-for-stm32.11.3.rel1.win32_1.1.0.202305231506/tools/bin/../lib/gcc/arm-none-eabi/11.3.1/../../../../arm-none-eabi/lib/thumb/v7e-m+fp/hard\libc_nano.a(libc_a-mallocr.o)
 .ARM.attributes
                0x000000000000037f       0x34 C:/Users/Radiogeet_1/STM32CubeIDE_1.13.0/STM32CubeIDE/plugins/com.st.stm32cube.ide.mcu.externaltools.gnu-tools-for-stm32.11.3.rel1.win32_1.1.0.202305231506/tools/bin/../lib/gcc/arm-none-eabi/11.3.1/../../../../arm-none-eabi/lib/thumb/v7e-m+fp/hard\libc_nano.a(libc_a-mlock.o)
 .ARM.attributes
                0x00000000000003b3       0x34 C:/Users/Radiogeet_1/STM32CubeIDE_1.13.0/STM32CubeIDE/plugins/com.st.stm32cube.ide.mcu.externaltools.gnu-tools-for-stm32.11.3.rel1.win32_1.1.0.202305231506/tools/bin/../lib/gcc/arm-none-eabi/11.3.1/../../../../arm-none-eabi/lib/thumb/v7e-m+fp/hard\libc_nano.a(libc_a-findfp.o)
 .ARM.attributes
                0x00000000000003e7       0x34 C:/Users/Radiogeet_1/STM32CubeIDE_1.13.0/STM32CubeIDE/plugins/com.st.stm32cube.ide.mcu.externaltools.gnu-tools-for-stm32.11.3.rel1.win32_1.1.0.202305231506/tools/bin/../lib/gcc/arm-none-eabi/11.3.1/../../../../arm-none-eabi/lib/thumb/v7e-m+fp/hard\libc_nano.a(libc_a-memset.o)
 .ARM.attributes
                0x000000000000041b       0x34 C:/Users/Radiogeet_1/STM32CubeIDE_1.13.0/STM32CubeIDE/plugins/com.st.stm32cube.ide.mcu.externaltools.gnu-tools-for-stm32.11.3.rel1.win32_1.1.0.202305231506/tools/bin/../lib/gcc/arm-none-eabi/11.3.1/../../../../arm-none-eabi/lib/thumb/v7e-m+fp/hard\libc_nano.a(libc_a-reent.o)
 .ARM.attributes
                0x000000000000044f       0x34 C:/Users/Radiogeet_1/STM32CubeIDE_1.13.0/STM32CubeIDE/plugins/com.st.stm32cube.ide.mcu.externaltools.gnu-tools-for-stm32.11.3.rel1.win32_1.1.0.202305231506/tools/bin/../lib/gcc/arm-none-eabi/11.3.1/../../../../arm-none-eabi/lib/thumb/v7e-m+fp/hard\libc_nano.a(libc_a-impure.o)
 .ARM.attributes
                0x0000000000000483       0x34 C:/Users/Radiogeet_1/STM32CubeIDE_1.13.0/STM32CubeIDE/plugins/com.st.stm32cube.ide.mcu.externaltools.gnu-tools-for-stm32.11.3.rel1.win32_1.1.0.202305231506/tools/bin/../lib/gcc/arm-none-eabi/11.3.1/../../../../arm-none-eabi/lib/thumb/v7e-m+fp/hard\libc_nano.a(libc_a-sbrkr.o)
 .ARM.attributes
                0x00000000000004b7       0x34 C:/Users/Radiogeet_1/STM32CubeIDE_1.13.0/STM32CubeIDE/plugins/com.st.stm32cube.ide.mcu.externaltools.gnu-tools-for-stm32.11.3.rel1.win32_1.1.0.202305231506/tools/bin/../lib/gcc/arm-none-eabi/11.3.1/../../../../arm-none-eabi/lib/thumb/v7e-m+fp/hard\libc_nano.a(libc_a-errno.o)
 .ARM.attributes
                0x00000000000004eb       0x34 C:/Users/Radiogeet_1/STM32CubeIDE_1.13.0/STM32CubeIDE/plugins/com.st.stm32cube.ide.mcu.externaltools.gnu-tools-for-stm32.11.3.rel1.win32_1.1.0.202305231506/tools/bin/../lib/gcc/arm-none-eabi/11.3.1/../../../../arm-none-eabi/lib/thumb/v7e-m+fp/hard\libc_nano.a(libc_a-init.o)
 .ARM.attributes
                0x000000000000051f       0x34 C:/Users/Radiogeet_1/STM32CubeIDE_1.13.0/STM32CubeIDE/plugins/com.st.stm32cube.ide.mcu.externaltools.gnu-tools-for-stm32.11.3.rel1.win32_1.1.0.202305231506/tools/bin/../lib/gcc/arm-none-eabi/11.3.1/../../../../arm-none-eabi/lib/thumb/v7e-m+fp/hard\libc_nano.a(libc_a-lock.o)
 .ARM.attributes
                0x0000000000000553       0x17 C:/Users/Radiogeet_1/STM32CubeIDE_1.13.0/STM32CubeIDE/plugins/com.st.stm32cube.ide.mcu.externaltools.gnu-tools-for-stm32.11.3.rel1.win32_1.1.0.202305231506/tools/bin/../lib/gcc/arm-none-eabi/11.3.1/../../../../arm-none-eabi/lib/thumb/v7e-m+fp/hard\libc_nano.a(libc_a-strlen.o)
 .ARM.attributes
                0x000000000000056a       0x1e C:/Users/Radiogeet_1/STM32CubeIDE_1.13.0/STM32CubeIDE/plugins/com.st.stm32cube.ide.mcu.externaltools.gnu-tools-for-stm32.11.3.rel1.win32_1.1.0.202305231506/tools/bin/../lib/gcc/arm-none-eabi/11.3.1/thumb/v7e-m+fp/hard\libgcc.a(_aeabi_uldivmod.o)
 .ARM.attributes
                0x0000000000000588       0x34 C:/Users/Radiogeet_1/STM32CubeIDE_1.13.0/STM32CubeIDE/plugins/com.st.stm32cube.ide.mcu.externaltools.gnu-tools-for-stm32.11.3.rel1.win32_1.1.0.202305231506/tools/bin/../lib/gcc/arm-none-eabi/11.3.1/thumb/v7e-m+fp/hard\libgcc.a(_udivmoddi4.o)
 .ARM.attributes
                0x00000000000005bc       0x1e C:/Users/Radiogeet_1/STM32CubeIDE_1.13.0/STM32CubeIDE/plugins/com.st.stm32cube.ide.mcu.externaltools.gnu-tools-for-stm32.11.3.rel1.win32_1.1.0.202305231506/tools/bin/../lib/gcc/arm-none-eabi/11.3.1/thumb/v7e-m+fp/hard\libgcc.a(_dvmd_tls.o)
 .ARM.attributes
                0x00000000000005da       0x1e C:/Users/Radiogeet_1/STM32CubeIDE_1.13.0/STM32CubeIDE/plugins/com.st.stm32cube.ide.mcu.externaltools.gnu-tools-for-stm32.11.3.rel1.win32_1.1.0.202305231506/tools/bin/../lib/gcc/arm-none-eabi/11.3.1/thumb/v7e-m+fp/hard/crtn.o
OUTPUT(P10_LED_DISPLAY_WITH_F407.elf elf32-littlearm)
LOAD linker stubs
LOAD C:/Users/Radiogeet_1/STM32CubeIDE_1.13.0/STM32CubeIDE/plugins/com.st.stm32cube.ide.mcu.externaltools.gnu-tools-for-stm32.11.3.rel1.win32_1.1.0.202305231506/tools/bin/../lib/gcc/arm-none-eabi/11.3.1/../../../../arm-none-eabi/lib/thumb/v7e-m+fp/hard\libc.a
LOAD C:/Users/Radiogeet_1/STM32CubeIDE_1.13.0/STM32CubeIDE/plugins/com.st.stm32cube.ide.mcu.externaltools.gnu-tools-for-stm32.11.3.rel1.win32_1.1.0.202305231506/tools/bin/../lib/gcc/arm-none-eabi/11.3.1/../../../../arm-none-eabi/lib/thumb/v7e-m+fp/hard\libm.a
LOAD C:/Users/Radiogeet_1/STM32CubeIDE_1.13.0/STM32CubeIDE/plugins/com.st.stm32cube.ide.mcu.externaltools.gnu-tools-for-stm32.11.3.rel1.win32_1.1.0.202305231506/tools/bin/../lib/gcc/arm-none-eabi/11.3.1/thumb/v7e-m+fp/hard\libgcc.a

.comment        0x0000000000000000       0x43
 .comment       0x0000000000000000       0x43 C:/Users/Radiogeet_1/STM32CubeIDE_1.13.0/STM32CubeIDE/plugins/com.st.stm32cube.ide.mcu.externaltools.gnu-tools-for-stm32.11.3.rel1.win32_1.1.0.202305231506/tools/bin/../lib/gcc/arm-none-eabi/11.3.1/thumb/v7e-m+fp/hard/crtbegin.o
                                         0x44 (size before relaxing)
 .comment       0x0000000000000043       0x44 ./Core/Src/DMD.o
 .comment       0x0000000000000043       0x44 ./Core/Src/main.o
 .comment       0x0000000000000043       0x44 ./Core/Src/stm32f4xx_hal_msp.o
 .comment       0x0000000000000043       0x44 ./Core/Src/stm32f4xx_it.o
 .comment       0x0000000000000043       0x44 ./Core/Src/sysmem.o
 .comment       0x0000000000000043       0x44 ./Core/Src/system_stm32f4xx.o
 .comment       0x0000000000000043       0x44 ./Drivers/STM32F4xx_HAL_Driver/Src/stm32f4xx_hal.o
 .comment       0x0000000000000043       0x44 ./Drivers/STM32F4xx_HAL_Driver/Src/stm32f4xx_hal_cortex.o
 .comment       0x0000000000000043       0x44 ./Drivers/STM32F4xx_HAL_Driver/Src/stm32f4xx_hal_gpio.o
 .comment       0x0000000000000043       0x44 ./Drivers/STM32F4xx_HAL_Driver/Src/stm32f4xx_hal_rcc.o
 .comment       0x0000000000000043       0x44 ./Drivers/STM32F4xx_HAL_Driver/Src/stm32f4xx_hal_spi.o
 .comment       0x0000000000000043       0x44 ./Drivers/STM32F4xx_HAL_Driver/Src/stm32f4xx_hal_tim.o
 .comment       0x0000000000000043       0x44 ./Drivers/STM32F4xx_HAL_Driver/Src/stm32f4xx_hal_tim_ex.o

.debug_info     0x0000000000000000     0xb3e0
 .debug_info    0x0000000000000000     0x1255 ./Core/Src/DMD.o
 .debug_info    0x0000000000001255     0x12f2 ./Core/Src/main.o
 .debug_info    0x0000000000002547      0xcf7 ./Core/Src/stm32f4xx_hal_msp.o
 .debug_info    0x000000000000323e      0x112 ./Core/Src/stm32f4xx_it.o
 .debug_info    0x0000000000003350      0x168 ./Core/Src/sysmem.o
 .debug_info    0x00000000000034b8      0x512 ./Core/Src/system_stm32f4xx.o
 .debug_info    0x00000000000039ca       0x23 ./Core/Startup/startup_stm32f407vgtx.o
 .debug_info    0x00000000000039ed      0x948 ./Drivers/STM32F4xx_HAL_Driver/Src/stm32f4xx_hal.o
 .debug_info    0x0000000000004335      0xd46 ./Drivers/STM32F4xx_HAL_Driver/Src/stm32f4xx_hal_cortex.o
 .debug_info    0x000000000000507b      0x6c3 ./Drivers/STM32F4xx_HAL_Driver/Src/stm32f4xx_hal_gpio.o
 .debug_info    0x000000000000573e      0x8b1 ./Drivers/STM32F4xx_HAL_Driver/Src/stm32f4xx_hal_rcc.o
 .debug_info    0x0000000000005fef     0x15fb ./Drivers/STM32F4xx_HAL_Driver/Src/stm32f4xx_hal_spi.o
 .debug_info    0x00000000000075ea     0x2948 ./Drivers/STM32F4xx_HAL_Driver/Src/stm32f4xx_hal_tim.o
 .debug_info    0x0000000000009f32     0x14ae ./Drivers/STM32F4xx_HAL_Driver/Src/stm32f4xx_hal_tim_ex.o

.debug_abbrev   0x0000000000000000     0x1c03
 .debug_abbrev  0x0000000000000000      0x37b ./Core/Src/DMD.o
 .debug_abbrev  0x000000000000037b      0x30d ./Core/Src/main.o
 .debug_abbrev  0x0000000000000688      0x1eb ./Core/Src/stm32f4xx_hal_msp.o
 .debug_abbrev  0x0000000000000873       0x73 ./Core/Src/stm32f4xx_it.o
 .debug_abbrev  0x00000000000008e6       0xbc ./Core/Src/sysmem.o
 .debug_abbrev  0x00000000000009a2      0x11a ./Core/Src/system_stm32f4xx.o
 .debug_abbrev  0x0000000000000abc       0x12 ./Core/Startup/startup_stm32f407vgtx.o
 .debug_abbrev  0x0000000000000ace      0x213 ./Drivers/STM32F4xx_HAL_Driver/Src/stm32f4xx_hal.o
 .debug_abbrev  0x0000000000000ce1      0x327 ./Drivers/STM32F4xx_HAL_Driver/Src/stm32f4xx_hal_cortex.o
 .debug_abbrev  0x0000000000001008      0x1d4 ./Drivers/STM32F4xx_HAL_Driver/Src/stm32f4xx_hal_gpio.o
 .debug_abbrev  0x00000000000011dc      0x2b6 ./Drivers/STM32F4xx_HAL_Driver/Src/stm32f4xx_hal_rcc.o
 .debug_abbrev  0x0000000000001492      0x284 ./Drivers/STM32F4xx_HAL_Driver/Src/stm32f4xx_hal_spi.o
 .debug_abbrev  0x0000000000001716      0x271 ./Drivers/STM32F4xx_HAL_Driver/Src/stm32f4xx_hal_tim.o
 .debug_abbrev  0x0000000000001987      0x27c ./Drivers/STM32F4xx_HAL_Driver/Src/stm32f4xx_hal_tim_ex.o

.debug_aranges  0x0000000000000000      0xbf8
 .debug_aranges
                0x0000000000000000       0xa8 ./Core/Src/DMD.o
 .debug_aranges
                0x00000000000000a8       0x50 ./Core/Src/main.o
 .debug_aranges
                0x00000000000000f8       0x40 ./Core/Src/stm32f4xx_hal_msp.o
 .debug_aranges
                0x0000000000000138       0x60 ./Core/Src/stm32f4xx_it.o
 .debug_aranges
                0x0000000000000198       0x20 ./Core/Src/sysmem.o
 .debug_aranges
                0x00000000000001b8       0x28 ./Core/Src/system_stm32f4xx.o
 .debug_aranges
                0x00000000000001e0       0x28 ./Core/Startup/startup_stm32f407vgtx.o
 .debug_aranges
                0x0000000000000208       0xf0 ./Drivers/STM32F4xx_HAL_Driver/Src/stm32f4xx_hal.o
 .debug_aranges
                0x00000000000002f8      0x118 ./Drivers/STM32F4xx_HAL_Driver/Src/stm32f4xx_hal_cortex.o
 .debug_aranges
                0x0000000000000410       0x58 ./Drivers/STM32F4xx_HAL_Driver/Src/stm32f4xx_hal_gpio.o
 .debug_aranges
                0x0000000000000468       0x88 ./Drivers/STM32F4xx_HAL_Driver/Src/stm32f4xx_hal_rcc.o
 .debug_aranges
                0x00000000000004f0      0x1d0 ./Drivers/STM32F4xx_HAL_Driver/Src/stm32f4xx_hal_spi.o
 .debug_aranges
                0x00000000000006c0      0x3d0 ./Drivers/STM32F4xx_HAL_Driver/Src/stm32f4xx_hal_tim.o
 .debug_aranges
                0x0000000000000a90      0x168 ./Drivers/STM32F4xx_HAL_Driver/Src/stm32f4xx_hal_tim_ex.o

.debug_rnglists
                0x0000000000000000      0x961
 .debug_rnglists
                0x0000000000000000       0xa2 ./Core/Src/DMD.o
 .debug_rnglists
                0x00000000000000a2       0x3a ./Core/Src/main.o
 .debug_rnglists
                0x00000000000000dc       0x2c ./Core/Src/stm32f4xx_hal_msp.o
 .debug_rnglists
                0x0000000000000108       0x43 ./Core/Src/stm32f4xx_it.o
 .debug_rnglists
                0x000000000000014b       0x13 ./Core/Src/sysmem.o
 .debug_rnglists
                0x000000000000015e       0x1a ./Core/Src/system_stm32f4xx.o
 .debug_rnglists
                0x0000000000000178       0x19 ./Core/Startup/startup_stm32f407vgtx.o
 .debug_rnglists
                0x0000000000000191       0xaf ./Drivers/STM32F4xx_HAL_Driver/Src/stm32f4xx_hal.o
 .debug_rnglists
                0x0000000000000240       0xce ./Drivers/STM32F4xx_HAL_Driver/Src/stm32f4xx_hal_cortex.o
 .debug_rnglists
                0x000000000000030e       0x3f ./Drivers/STM32F4xx_HAL_Driver/Src/stm32f4xx_hal_gpio.o
 .debug_rnglists
                0x000000000000034d       0x66 ./Drivers/STM32F4xx_HAL_Driver/Src/stm32f4xx_hal_rcc.o
 .debug_rnglists
                0x00000000000003b3      0x16f ./Drivers/STM32F4xx_HAL_Driver/Src/stm32f4xx_hal_spi.o
 .debug_rnglists
                0x0000000000000522      0x31a ./Drivers/STM32F4xx_HAL_Driver/Src/stm32f4xx_hal_tim.o
 .debug_rnglists
                0x000000000000083c      0x125 ./Drivers/STM32F4xx_HAL_Driver/Src/stm32f4xx_hal_tim_ex.o

.debug_macro    0x0000000000000000    0x21420
 .debug_macro   0x0000000000000000      0x306 ./Core/Src/DMD.o
 .debug_macro   0x0000000000000306      0xaa8 ./Core/Src/DMD.o
 .debug_macro   0x0000000000000dae      0x29b ./Core/Src/DMD.o
 .debug_macro   0x0000000000001049       0x2e ./Core/Src/DMD.o
 .debug_macro   0x0000000000001077       0x2f ./Core/Src/DMD.o
 .debug_macro   0x00000000000010a6       0x22 ./Core/Src/DMD.o
 .debug_macro   0x00000000000010c8       0x8e ./Core/Src/DMD.o
 .debug_macro   0x0000000000001156       0x51 ./Core/Src/DMD.o
 .debug_macro   0x00000000000011a7      0x103 ./Core/Src/DMD.o
 .debug_macro   0x00000000000012aa       0x6a ./Core/Src/DMD.o
 .debug_macro   0x0000000000001314      0x1df ./Core/Src/DMD.o
 .debug_macro   0x00000000000014f3       0x1c ./Core/Src/DMD.o
 .debug_macro   0x000000000000150f       0x22 ./Core/Src/DMD.o
 .debug_macro   0x0000000000001531       0xd9 ./Core/Src/DMD.o
 .debug_macro   0x000000000000160a     0x102d ./Core/Src/DMD.o
 .debug_macro   0x0000000000002637      0x11f ./Core/Src/DMD.o
 .debug_macro   0x0000000000002756    0x15e82 ./Core/Src/DMD.o
 .debug_macro   0x00000000000185d8       0x6d ./Core/Src/DMD.o
 .debug_macro   0x0000000000018645     0x367e ./Core/Src/DMD.o
 .debug_macro   0x000000000001bcc3      0x174 ./Core/Src/DMD.o
 .debug_macro   0x000000000001be37       0x5c ./Core/Src/DMD.o
 .debug_macro   0x000000000001be93      0x96b ./Core/Src/DMD.o
 .debug_macro   0x000000000001c7fe      0x9fe ./Core/Src/DMD.o
 .debug_macro   0x000000000001d1fc      0x115 ./Core/Src/DMD.o
 .debug_macro   0x000000000001d311      0x13e ./Core/Src/DMD.o
 .debug_macro   0x000000000001d44f       0xa5 ./Core/Src/DMD.o
 .debug_macro   0x000000000001d4f4      0x174 ./Core/Src/DMD.o
 .debug_macro   0x000000000001d668      0x287 ./Core/Src/DMD.o
 .debug_macro   0x000000000001d8ef       0x5f ./Core/Src/DMD.o
 .debug_macro   0x000000000001d94e      0x236 ./Core/Src/DMD.o
 .debug_macro   0x000000000001db84      0x12c ./Core/Src/DMD.o
 .debug_macro   0x000000000001dcb0      0x21e ./Core/Src/DMD.o
 .debug_macro   0x000000000001dece       0x2e ./Core/Src/DMD.o
 .debug_macro   0x000000000001defc      0x11a ./Core/Src/DMD.o
 .debug_macro   0x000000000001e016       0x7e ./Core/Src/DMD.o
 .debug_macro   0x000000000001e094       0x89 ./Core/Src/DMD.o
 .debug_macro   0x000000000001e11d      0x225 ./Core/Src/DMD.o
 .debug_macro   0x000000000001e342      0x8e6 ./Core/Src/DMD.o
 .debug_macro   0x000000000001ec28       0x47 ./Core/Src/DMD.o
 .debug_macro   0x000000000001ec6f      0x12d ./Core/Src/DMD.o
 .debug_macro   0x000000000001ed9c       0x22 ./Core/Src/DMD.o
 .debug_macro   0x000000000001edbe       0xd0 ./Core/Src/DMD.o
 .debug_macro   0x000000000001ee8e       0x2a ./Core/Src/DMD.o
 .debug_macro   0x000000000001eeb8       0x61 ./Core/Src/DMD.o
 .debug_macro   0x000000000001ef19       0x43 ./Core/Src/DMD.o
 .debug_macro   0x000000000001ef5c       0x34 ./Core/Src/DMD.o
 .debug_macro   0x000000000001ef90       0x16 ./Core/Src/DMD.o
 .debug_macro   0x000000000001efa6       0x35 ./Core/Src/DMD.o
 .debug_macro   0x000000000001efdb       0x16 ./Core/Src/DMD.o
 .debug_macro   0x000000000001eff1       0x43 ./Core/Src/DMD.o
 .debug_macro   0x000000000001f034       0x34 ./Core/Src/DMD.o
 .debug_macro   0x000000000001f068       0x10 ./Core/Src/DMD.o
 .debug_macro   0x000000000001f078       0x58 ./Core/Src/DMD.o
 .debug_macro   0x000000000001f0d0       0x8e ./Core/Src/DMD.o
 .debug_macro   0x000000000001f15e       0x1c ./Core/Src/DMD.o
 .debug_macro   0x000000000001f17a      0x177 ./Core/Src/DMD.o
 .debug_macro   0x000000000001f2f1      0x369 ./Core/Src/DMD.o
 .debug_macro   0x000000000001f65a       0x16 ./Core/Src/DMD.o
 .debug_macro   0x000000000001f670       0x29 ./Core/Src/DMD.o
 .debug_macro   0x000000000001f699       0x16 ./Core/Src/DMD.o
 .debug_macro   0x000000000001f6af       0x20 ./Core/Src/DMD.o
 .debug_macro   0x000000000001f6cf      0x266 ./Core/Src/main.o
 .debug_macro   0x000000000001f935       0x3a ./Core/Src/main.o
 .debug_macro   0x000000000001f96f      0x460 ./Core/Src/main.o
 .debug_macro   0x000000000001fdcf       0x16 ./Core/Src/main.o
 .debug_macro   0x000000000001fde5       0x16 ./Core/Src/main.o
 .debug_macro   0x000000000001fdfb       0x16 ./Core/Src/main.o
 .debug_macro   0x000000000001fe11       0x10 ./Core/Src/main.o
 .debug_macro   0x000000000001fe21      0x1d8 ./Core/Src/stm32f4xx_hal_msp.o
 .debug_macro   0x000000000001fff9      0x1e2 ./Core/Src/stm32f4xx_it.o
 .debug_macro   0x00000000000201db       0xff ./Core/Src/sysmem.o
 .debug_macro   0x00000000000202da      0x23c ./Core/Src/sysmem.o
 .debug_macro   0x0000000000020516      0x1ce ./Core/Src/system_stm32f4xx.o
 .debug_macro   0x00000000000206e4      0x22e ./Drivers/STM32F4xx_HAL_Driver/Src/stm32f4xx_hal.o
 .debug_macro   0x0000000000020912      0x1ce ./Drivers/STM32F4xx_HAL_Driver/Src/stm32f4xx_hal_cortex.o
 .debug_macro   0x0000000000020ae0      0x1d4 ./Drivers/STM32F4xx_HAL_Driver/Src/stm32f4xx_hal_gpio.o
 .debug_macro   0x0000000000020cb4      0x1f2 ./Drivers/STM32F4xx_HAL_Driver/Src/stm32f4xx_hal_rcc.o
 .debug_macro   0x0000000000020ea6      0x1dd ./Drivers/STM32F4xx_HAL_Driver/Src/stm32f4xx_hal_spi.o
 .debug_macro   0x0000000000021083      0x1cf ./Drivers/STM32F4xx_HAL_Driver/Src/stm32f4xx_hal_tim.o
 .debug_macro   0x0000000000021252      0x1ce ./Drivers/STM32F4xx_HAL_Driver/Src/stm32f4xx_hal_tim_ex.o

.debug_line     0x0000000000000000     0xe3a2
 .debug_line    0x0000000000000000     0x144e ./Core/Src/DMD.o
 .debug_line    0x000000000000144e      0xafa ./Core/Src/main.o
 .debug_line    0x0000000000001f48      0x890 ./Core/Src/stm32f4xx_hal_msp.o
 .debug_line    0x00000000000027d8      0x8cc ./Core/Src/stm32f4xx_it.o
 .debug_line    0x00000000000030a4      0x64c ./Core/Src/sysmem.o
 .debug_line    0x00000000000036f0      0x88b ./Core/Src/system_stm32f4xx.o
 .debug_line    0x0000000000003f7b       0x7a ./Core/Startup/startup_stm32f407vgtx.o
 .debug_line    0x0000000000003ff5      0xaf1 ./Drivers/STM32F4xx_HAL_Driver/Src/stm32f4xx_hal.o
 .debug_line    0x0000000000004ae6      0xda0 ./Drivers/STM32F4xx_HAL_Driver/Src/stm32f4xx_hal_cortex.o
 .debug_line    0x0000000000005886      0xc65 ./Drivers/STM32F4xx_HAL_Driver/Src/stm32f4xx_hal_gpio.o
 .debug_line    0x00000000000064eb      0xe6a ./Drivers/STM32F4xx_HAL_Driver/Src/stm32f4xx_hal_rcc.o
 .debug_line    0x0000000000007355     0x1d82 ./Drivers/STM32F4xx_HAL_Driver/Src/stm32f4xx_hal_spi.o
 .debug_line    0x00000000000090d7     0x37dd ./Drivers/STM32F4xx_HAL_Driver/Src/stm32f4xx_hal_tim.o
 .debug_line    0x000000000000c8b4     0x1aee ./Drivers/STM32F4xx_HAL_Driver/Src/stm32f4xx_hal_tim_ex.o

.debug_str      0x0000000000000000    0xcb51c
 .debug_str     0x0000000000000000    0xc6c53 ./Core/Src/DMD.o
                                      0xc6f61 (size before relaxing)
 .debug_str     0x00000000000c6c53     0x1818 ./Core/Src/main.o
                                      0xc56b4 (size before relaxing)
 .debug_str     0x00000000000c846b       0xb6 ./Core/Src/stm32f4xx_hal_msp.o
                                      0xc380e (size before relaxing)
 .debug_str     0x00000000000c8521       0xc9 ./Core/Src/stm32f4xx_it.o
                                      0xc2f71 (size before relaxing)
 .debug_str     0x00000000000c85ea      0x4dc ./Core/Src/sysmem.o
                                       0x6075 (size before relaxing)
 .debug_str     0x00000000000c8ac6       0xdb ./Core/Src/system_stm32f4xx.o
                                      0xc309b (size before relaxing)
 .debug_str     0x00000000000c8ba1       0x34 ./Core/Startup/startup_stm32f407vgtx.o
                                         0x87 (size before relaxing)
 .debug_str     0x00000000000c8bd5      0xad6 ./Drivers/STM32F4xx_HAL_Driver/Src/stm32f4xx_hal.o
                                      0xc3c1f (size before relaxing)
 .debug_str     0x00000000000c96ab      0x354 ./Drivers/STM32F4xx_HAL_Driver/Src/stm32f4xx_hal_cortex.o
                                      0xc3952 (size before relaxing)
 .debug_str     0x00000000000c99ff      0x110 ./Drivers/STM32F4xx_HAL_Driver/Src/stm32f4xx_hal_gpio.o
                                      0xc3216 (size before relaxing)
 .debug_str     0x00000000000c9b0f      0x233 ./Drivers/STM32F4xx_HAL_Driver/Src/stm32f4xx_hal_rcc.o
                                      0xc34cf (size before relaxing)
 .debug_str     0x00000000000c9d42      0x58c ./Drivers/STM32F4xx_HAL_Driver/Src/stm32f4xx_hal_spi.o
                                      0xc395f (size before relaxing)
 .debug_str     0x00000000000ca2ce      0xdbb ./Drivers/STM32F4xx_HAL_Driver/Src/stm32f4xx_hal_tim.o
                                      0xc4415 (size before relaxing)
 .debug_str     0x00000000000cb089      0x493 ./Drivers/STM32F4xx_HAL_Driver/Src/stm32f4xx_hal_tim_ex.o
                                      0xc3c31 (size before relaxing)

.debug_frame    0x0000000000000000     0x3554
 .debug_frame   0x0000000000000000      0x2c4 ./Core/Src/DMD.o
 .debug_frame   0x00000000000002c4       0xfc ./Core/Src/main.o
 .debug_frame   0x00000000000003c0       0xcc ./Core/Src/stm32f4xx_hal_msp.o
 .debug_frame   0x000000000000048c      0x104 ./Core/Src/stm32f4xx_it.o
 .debug_frame   0x0000000000000590       0x34 ./Core/Src/sysmem.o
 .debug_frame   0x00000000000005c4       0x58 ./Core/Src/system_stm32f4xx.o
 .debug_frame   0x000000000000061c      0x374 ./Drivers/STM32F4xx_HAL_Driver/Src/stm32f4xx_hal.o
 .debug_frame   0x0000000000000990      0x498 ./Drivers/STM32F4xx_HAL_Driver/Src/stm32f4xx_hal_cortex.o
 .debug_frame   0x0000000000000e28      0x14c ./Drivers/STM32F4xx_HAL_Driver/Src/stm32f4xx_hal_gpio.o
 .debug_frame   0x0000000000000f74      0x1f4 ./Drivers/STM32F4xx_HAL_Driver/Src/stm32f4xx_hal_rcc.o
 .debug_frame   0x0000000000001168      0x824 ./Drivers/STM32F4xx_HAL_Driver/Src/stm32f4xx_hal_spi.o
 .debug_frame   0x000000000000198c     0x11c4 ./Drivers/STM32F4xx_HAL_Driver/Src/stm32f4xx_hal_tim.o
 .debug_frame   0x0000000000002b50      0x638 ./Drivers/STM32F4xx_HAL_Driver/Src/stm32f4xx_hal_tim_ex.o
 .debug_frame   0x0000000000003188       0x30 C:/Users/Radiogeet_1/STM32CubeIDE_1.13.0/STM32CubeIDE/plugins/com.st.stm32cube.ide.mcu.externaltools.gnu-tools-for-stm32.11.3.rel1.win32_1.1.0.202305231506/tools/bin/../lib/gcc/arm-none-eabi/11.3.1/../../../../arm-none-eabi/lib/thumb/v7e-m+fp/hard\libc_nano.a(libc_a-malloc.o)
 .debug_frame   0x00000000000031b8       0x50 C:/Users/Radiogeet_1/STM32CubeIDE_1.13.0/STM32CubeIDE/plugins/com.st.stm32cube.ide.mcu.externaltools.gnu-tools-for-stm32.11.3.rel1.win32_1.1.0.202305231506/tools/bin/../lib/gcc/arm-none-eabi/11.3.1/../../../../arm-none-eabi/lib/thumb/v7e-m+fp/hard\libc_nano.a(libc_a-mallocr.o)
 .debug_frame   0x0000000000003208       0x30 C:/Users/Radiogeet_1/STM32CubeIDE_1.13.0/STM32CubeIDE/plugins/com.st.stm32cube.ide.mcu.externaltools.gnu-tools-for-stm32.11.3.rel1.win32_1.1.0.202305231506/tools/bin/../lib/gcc/arm-none-eabi/11.3.1/../../../../arm-none-eabi/lib/thumb/v7e-m+fp/hard\libc_nano.a(libc_a-mlock.o)
 .debug_frame   0x0000000000003238      0x13c C:/Users/Radiogeet_1/STM32CubeIDE_1.13.0/STM32CubeIDE/plugins/com.st.stm32cube.ide.mcu.externaltools.gnu-tools-for-stm32.11.3.rel1.win32_1.1.0.202305231506/tools/bin/../lib/gcc/arm-none-eabi/11.3.1/../../../../arm-none-eabi/lib/thumb/v7e-m+fp/hard\libc_nano.a(libc_a-findfp.o)
 .debug_frame   0x0000000000003374       0x20 C:/Users/Radiogeet_1/STM32CubeIDE_1.13.0/STM32CubeIDE/plugins/com.st.stm32cube.ide.mcu.externaltools.gnu-tools-for-stm32.11.3.rel1.win32_1.1.0.202305231506/tools/bin/../lib/gcc/arm-none-eabi/11.3.1/../../../../arm-none-eabi/lib/thumb/v7e-m+fp/hard\libc_nano.a(libc_a-memset.o)
 .debug_frame   0x0000000000003394       0x38 C:/Users/Radiogeet_1/STM32CubeIDE_1.13.0/STM32CubeIDE/plugins/com.st.stm32cube.ide.mcu.externaltools.gnu-tools-for-stm32.11.3.rel1.win32_1.1.0.202305231506/tools/bin/../lib/gcc/arm-none-eabi/11.3.1/../../../../arm-none-eabi/lib/thumb/v7e-m+fp/hard\libc_nano.a(libc_a-reent.o)
 .debug_frame   0x00000000000033cc       0x2c C:/Users/Radiogeet_1/STM32CubeIDE_1.13.0/STM32CubeIDE/plugins/com.st.stm32cube.ide.mcu.externaltools.gnu-tools-for-stm32.11.3.rel1.win32_1.1.0.202305231506/tools/bin/../lib/gcc/arm-none-eabi/11.3.1/../../../../arm-none-eabi/lib/thumb/v7e-m+fp/hard\libc_nano.a(libc_a-sbrkr.o)
 .debug_frame   0x00000000000033f8       0x20 C:/Users/Radiogeet_1/STM32CubeIDE_1.13.0/STM32CubeIDE/plugins/com.st.stm32cube.ide.mcu.externaltools.gnu-tools-for-stm32.11.3.rel1.win32_1.1.0.202305231506/tools/bin/../lib/gcc/arm-none-eabi/11.3.1/../../../../arm-none-eabi/lib/thumb/v7e-m+fp/hard\libc_nano.a(libc_a-errno.o)
 .debug_frame   0x0000000000003418       0x2c C:/Users/Radiogeet_1/STM32CubeIDE_1.13.0/STM32CubeIDE/plugins/com.st.stm32cube.ide.mcu.externaltools.gnu-tools-for-stm32.11.3.rel1.win32_1.1.0.202305231506/tools/bin/../lib/gcc/arm-none-eabi/11.3.1/../../../../arm-none-eabi/lib/thumb/v7e-m+fp/hard\libc_nano.a(libc_a-init.o)
 .debug_frame   0x0000000000003444       0xb0 C:/Users/Radiogeet_1/STM32CubeIDE_1.13.0/STM32CubeIDE/plugins/com.st.stm32cube.ide.mcu.externaltools.gnu-tools-for-stm32.11.3.rel1.win32_1.1.0.202305231506/tools/bin/../lib/gcc/arm-none-eabi/11.3.1/../../../../arm-none-eabi/lib/thumb/v7e-m+fp/hard\libc_nano.a(libc_a-lock.o)
 .debug_frame   0x00000000000034f4       0x2c C:/Users/Radiogeet_1/STM32CubeIDE_1.13.0/STM32CubeIDE/plugins/com.st.stm32cube.ide.mcu.externaltools.gnu-tools-for-stm32.11.3.rel1.win32_1.1.0.202305231506/tools/bin/../lib/gcc/arm-none-eabi/11.3.1/thumb/v7e-m+fp/hard\libgcc.a(_aeabi_uldivmod.o)
 .debug_frame   0x0000000000003520       0x34 C:/Users/Radiogeet_1/STM32CubeIDE_1.13.0/STM32CubeIDE/plugins/com.st.stm32cube.ide.mcu.externaltools.gnu-tools-for-stm32.11.3.rel1.win32_1.1.0.202305231506/tools/bin/../lib/gcc/arm-none-eabi/11.3.1/thumb/v7e-m+fp/hard\libgcc.a(_udivmoddi4.o)

.debug_line_str
                0x0000000000000000       0x7b
 .debug_line_str
                0x0000000000000000       0x7b ./Core/Startup/startup_stm32f407vgtx.o
                                         0x93 (size before relaxing)
