Archive member included to satisfy reference by file (symbol)

C:/ST/STM32CubeIDE_1.11.0/STM32CubeIDE/plugins/com.st.stm32cube.ide.mcu.externaltools.gnu-tools-for-stm32.11.3.rel1.win32_1.1.1.202309131626/tools/bin/../lib/gcc/arm-none-eabi/11.3.1/../../../../arm-none-eabi/lib/thumb/v7e-m+fp/hard\libc_nano.a(libc_a-exit.o)
                              C:/ST/STM32CubeIDE_1.11.0/STM32CubeIDE/plugins/com.st.stm32cube.ide.mcu.externaltools.gnu-tools-for-stm32.11.3.rel1.win32_1.1.1.202309131626/tools/bin/../lib/gcc/arm-none-eabi/11.3.1/../../../../arm-none-eabi/lib/thumb/v7e-m+fp/hard/crt0.o (exit)
C:/ST/STM32CubeIDE_1.11.0/STM32CubeIDE/plugins/com.st.stm32cube.ide.mcu.externaltools.gnu-tools-for-stm32.11.3.rel1.win32_1.1.1.202309131626/tools/bin/../lib/gcc/arm-none-eabi/11.3.1/../../../../arm-none-eabi/lib/thumb/v7e-m+fp/hard\libc_nano.a(libc_a-malloc.o)
                              ./Core/Src/DMD.o (malloc)
C:/ST/STM32CubeIDE_1.11.0/STM32CubeIDE/plugins/com.st.stm32cube.ide.mcu.externaltools.gnu-tools-for-stm32.11.3.rel1.win32_1.1.1.202309131626/tools/bin/../lib/gcc/arm-none-eabi/11.3.1/../../../../arm-none-eabi/lib/thumb/v7e-m+fp/hard\libc_nano.a(libc_a-mallocr.o)
                              C:/ST/STM32CubeIDE_1.11.0/STM32CubeIDE/plugins/com.st.stm32cube.ide.mcu.externaltools.gnu-tools-for-stm32.11.3.rel1.win32_1.1.1.202309131626/tools/bin/../lib/gcc/arm-none-eabi/11.3.1/../../../../arm-none-eabi/lib/thumb/v7e-m+fp/hard\libc_nano.a(libc_a-malloc.o) (_malloc_r)
C:/ST/STM32CubeIDE_1.11.0/STM32CubeIDE/plugins/com.st.stm32cube.ide.mcu.externaltools.gnu-tools-for-stm32.11.3.rel1.win32_1.1.1.202309131626/tools/bin/../lib/gcc/arm-none-eabi/11.3.1/../../../../arm-none-eabi/lib/thumb/v7e-m+fp/hard\libc_nano.a(libc_a-mlock.o)
                              C:/ST/STM32CubeIDE_1.11.0/STM32CubeIDE/plugins/com.st.stm32cube.ide.mcu.externaltools.gnu-tools-for-stm32.11.3.rel1.win32_1.1.1.202309131626/tools/bin/../lib/gcc/arm-none-eabi/11.3.1/../../../../arm-none-eabi/lib/thumb/v7e-m+fp/hard\libc_nano.a(libc_a-mallocr.o) (__malloc_lock)
C:/ST/STM32CubeIDE_1.11.0/STM32CubeIDE/plugins/com.st.stm32cube.ide.mcu.externaltools.gnu-tools-for-stm32.11.3.rel1.win32_1.1.1.202309131626/tools/bin/../lib/gcc/arm-none-eabi/11.3.1/../../../../arm-none-eabi/lib/thumb/v7e-m+fp/hard\libc_nano.a(libc_a-findfp.o)
                              C:/ST/STM32CubeIDE_1.11.0/STM32CubeIDE/plugins/com.st.stm32cube.ide.mcu.externaltools.gnu-tools-for-stm32.11.3.rel1.win32_1.1.1.202309131626/tools/bin/../lib/gcc/arm-none-eabi/11.3.1/../../../../arm-none-eabi/lib/thumb/v7e-m+fp/hard\libc_nano.a(libc_a-exit.o) (__stdio_exit_handler)
C:/ST/STM32CubeIDE_1.11.0/STM32CubeIDE/plugins/com.st.stm32cube.ide.mcu.externaltools.gnu-tools-for-stm32.11.3.rel1.win32_1.1.1.202309131626/tools/bin/../lib/gcc/arm-none-eabi/11.3.1/../../../../arm-none-eabi/lib/thumb/v7e-m+fp/hard\libc_nano.a(libc_a-fwalk.o)
                              C:/ST/STM32CubeIDE_1.11.0/STM32CubeIDE/plugins/com.st.stm32cube.ide.mcu.externaltools.gnu-tools-for-stm32.11.3.rel1.win32_1.1.1.202309131626/tools/bin/../lib/gcc/arm-none-eabi/11.3.1/../../../../arm-none-eabi/lib/thumb/v7e-m+fp/hard\libc_nano.a(libc_a-findfp.o) (_fwalk_sglue)
C:/ST/STM32CubeIDE_1.11.0/STM32CubeIDE/plugins/com.st.stm32cube.ide.mcu.externaltools.gnu-tools-for-stm32.11.3.rel1.win32_1.1.1.202309131626/tools/bin/../lib/gcc/arm-none-eabi/11.3.1/../../../../arm-none-eabi/lib/thumb/v7e-m+fp/hard\libc_nano.a(libc_a-stdio.o)
                              C:/ST/STM32CubeIDE_1.11.0/STM32CubeIDE/plugins/com.st.stm32cube.ide.mcu.externaltools.gnu-tools-for-stm32.11.3.rel1.win32_1.1.1.202309131626/tools/bin/../lib/gcc/arm-none-eabi/11.3.1/../../../../arm-none-eabi/lib/thumb/v7e-m+fp/hard\libc_nano.a(libc_a-findfp.o) (__sread)
C:/ST/STM32CubeIDE_1.11.0/STM32CubeIDE/plugins/com.st.stm32cube.ide.mcu.externaltools.gnu-tools-for-stm32.11.3.rel1.win32_1.1.1.202309131626/tools/bin/../lib/gcc/arm-none-eabi/11.3.1/../../../../arm-none-eabi/lib/thumb/v7e-m+fp/hard\libc_nano.a(libc_a-memset.o)
                              C:/ST/STM32CubeIDE_1.11.0/STM32CubeIDE/plugins/com.st.stm32cube.ide.mcu.externaltools.gnu-tools-for-stm32.11.3.rel1.win32_1.1.1.202309131626/tools/bin/../lib/gcc/arm-none-eabi/11.3.1/../../../../arm-none-eabi/lib/thumb/v7e-m+fp/hard/crt0.o (memset)
C:/ST/STM32CubeIDE_1.11.0/STM32CubeIDE/plugins/com.st.stm32cube.ide.mcu.externaltools.gnu-tools-for-stm32.11.3.rel1.win32_1.1.1.202309131626/tools/bin/../lib/gcc/arm-none-eabi/11.3.1/../../../../arm-none-eabi/lib/thumb/v7e-m+fp/hard\libc_nano.a(libc_a-closer.o)
                              C:/ST/STM32CubeIDE_1.11.0/STM32CubeIDE/plugins/com.st.stm32cube.ide.mcu.externaltools.gnu-tools-for-stm32.11.3.rel1.win32_1.1.1.202309131626/tools/bin/../lib/gcc/arm-none-eabi/11.3.1/../../../../arm-none-eabi/lib/thumb/v7e-m+fp/hard\libc_nano.a(libc_a-stdio.o) (_close_r)
[...]
Memory Configuration

Name             Origin             Length             Attributes
CCMRAM           0x0000000010000000 0x0000000000010000 xrw
RAM              0x0000000020000000 0x0000000000020000 xrw
FLASH            0x0000000008000000 0x0000000000100000 xr
*default*        0x0000000000000000 0xffffffffffffffff

Linker script and memory map

LOAD C:/ST/STM32CubeIDE_1.11.0/STM32CubeIDE/plugins/com.st.stm32cube.ide.mcu.externaltools.gnu-tools-for-stm32.11.3.rel1.win32_1.1.1.202309131626/tools/bin/../lib/gcc/arm-none-eabi/11.3.1/thumb/v7e-m+fp/hard/crti.o
LOAD C:/ST/STM32CubeIDE_1.11.0/STM32CubeIDE/plugins/com.st.stm32cube.ide.mcu.externaltools.gnu-tools-for-stm32.11.3.rel1.win32_1.1.1.202309131626/tools/bin/../lib/gcc/arm-none-eabi/11.3.1/thumb/v7e-m+fp/hard/crtbegin.o
LOAD C:/ST/STM32CubeIDE_1.11.0/STM32CubeIDE/plugins/com.st.stm32cube.ide.mcu.externaltools.gnu-tools-for-stm32.11.3.rel1.win32_1.1.1.202309131626/tools/bin/../lib/gcc/arm-none-eabi/11.3.1/../../../../arm-none-eabi/lib/thumb/v7e-m+fp/hard/crt0.o
LOAD ./Core/Src/DMD.o
LOAD ./Core/Src/main.o
LOAD ./Core/Src/stm32f4xx_hal_msp.o
LOAD ./Core/Src/stm32f4xx_it.o
LOAD ./Core/Src/syscalls.o
LOAD ./Core/Src/sysmem.o
LOAD ./Core/Src/system_stm32f4xx.o
LOAD ./Core/Startup/startup_stm32f407vgtx.o
LOAD ./Drivers/STM32F4xx_HAL_Driver/Src/stm32f4xx_hal.o
LOAD ./Drivers/STM32F4xx_HAL_Driver/Src/stm32f4xx_hal_cortex.o
LOAD ./Drivers/STM32F4xx_HAL_Driver/Src/stm32f4xx_hal_dma.o
LOAD ./Drivers/STM32F4xx_HAL_Driver/Src/stm32f4xx_hal_dma_ex.o
LOAD ./Drivers/STM32F4xx_HAL_Driver/Src/stm32f4xx_hal_exti.o
LOAD ./Drivers/STM32F4xx_HAL_Driver/Src/stm32f4xx_hal_flash.o
LOAD ./Drivers/STM32F4xx_HAL_Driver/Src/stm32f4xx_hal_flash_ex.o
LOAD ./Drivers/STM32F4xx_HAL_Driver/Src/stm32f4xx_hal_flash_ramfunc.o
LOAD ./Drivers/STM32F4xx_HAL_Driver/Src/stm32f4xx_hal_gpio.o
LOAD ./Drivers/STM32F4xx_HAL_Driver/Src/stm32f4xx_hal_pwr.o
LOAD ./Drivers/STM32F4xx_HAL_Driver/Src/stm32f4xx_hal_pwr_ex.o
LOAD ./Drivers/STM32F4xx_HAL_Driver/Src/stm32f4xx_hal_rcc.o
LOAD ./Drivers/STM32F4xx_HAL_Driver/Src/stm32f4xx_hal_rcc_ex.o
LOAD ./Drivers/STM32F4xx_HAL_Driver/Src/stm32f4xx_hal_spi.o
LOAD ./Drivers/STM32F4xx_HAL_Driver/Src/stm32f4xx_hal_tim.o
LOAD ./Drivers/STM32F4xx_HAL_Driver/Src/stm32f4xx_hal_tim_ex.o
START GROUP
LOAD C:/ST/STM32CubeIDE_1.11.0/STM32CubeIDE/plugins/com.st.stm32cube.ide.mcu.externaltools.gnu-tools-for-stm32.11.3.rel1.win32_1.1.1.202309131626/tools/bin/../lib/gcc/arm-none-eabi/11.3.1/../../../../arm-none-eabi/lib/thumb/v7e-m+fp/hard\libc_nano.a
LOAD C:/ST/STM32CubeIDE_1.11.0/STM32CubeIDE/plugins/com.st.stm32cube.ide.mcu.externaltools.gnu-tools-for-stm32.11.3.rel1.win32_1.1.1.202309131626/tools/bin/../lib/gcc/arm-none-eabi/11.3.1/../../../../arm-none-eabi/lib/thumb/v7e-m+fp/hard\libm.a
END GROUP
START GROUP
LOAD C:/ST/STM32CubeIDE_1.11.0/STM32CubeIDE/plugins/com.st.stm32cube.ide.mcu.externaltools.gnu-tools-for-stm32.11.3.rel1.win32_1.1.1.202309131626/tools/bin/../lib/gcc/arm-none-eabi/11.3.1/thumb/v7e-m+fp/hard\libgcc.a
LOAD C:/ST/STM32CubeIDE_1.11.0/STM32CubeIDE/plugins/com.st.stm32cube.ide.mcu.externaltools.gnu-tools-for-stm32.11.3.rel1.win32_1.1.1.202309131626/tools/bin/../lib/gcc/arm-none-eabi/11.3.1/../../../../arm-none-eabi/lib/thumb/v7e-m+fp/hard\libc_nano.a
END GROUP
START GROUP
LOAD C:/ST/STM32CubeIDE_1.11.0/STM32CubeIDE/plugins/com.st.stm32cube.ide.mcu.externaltools.gnu-tools-for-stm32.11.3.rel1.win32_1.1.1.202309131626/tools/bin/../lib/gcc/arm-none-eabi/11.3.1/thumb/v7e-m+fp/hard\libgcc.a
LOAD C:/ST/STM32CubeIDE_1.11.0/STM32CubeIDE/plugins/com.st.stm32cube.ide.mcu.externaltools.gnu-tools-for-stm32.11.3.rel1.win32_1.1.1.202309131626/tools/bin/../lib/gcc/arm-none-eabi/11.3.1/../../../../arm-none-eabi/lib/thumb/v7e-m+fp/hard\libc_nano.a
LOAD C:/ST/STM32CubeIDE_1.11.0/STM32CubeIDE/plugins/com.st.stm32cube.ide.mcu.externaltools.gnu-tools-for-stm32.11.3.rel1.win32_1.1.1.202309131626/tools/bin/../lib/gcc/arm-none-eabi/11.3.1/../../../../arm-none-eabi/lib/thumb/v7e-m+fp/hard\libnosys.a
END GROUP
START GROUP
LOAD C:/ST/STM32CubeIDE_1.11.0/STM32CubeIDE/plugins/com.st.stm32cube.ide.mcu.externaltools.gnu-tools-for-stm32.11.3.rel1.win32_1.1.1.202309131626/tools/bin/../lib/gcc/arm-none-eabi/11.3.1/thumb/v7e-m+fp/hard\libgcc.a
LOAD C:/ST/STM32CubeIDE_1.11.0/STM32CubeIDE/plugins/com.st.stm32cube.ide.mcu.externaltools.gnu-tools-for-stm32.11.3.rel1.win32_1.1.1.202309131626/tools/bin/../lib/gcc/arm-none-eabi/11.3.1/../../../../arm-none-eabi/lib/thumb/v7e-m+fp/hard\libc_nano.a
LOAD C:/ST/STM32CubeIDE_1.11.0/STM32CubeIDE/plugins/com.st.stm32cube.ide.mcu.externaltools.gnu-tools-for-stm32.11.3.rel1.win32_1.1.1.202309131626/tools/bin/../lib/gcc/arm-none-eabi/11.3.1/../../../../arm-none-eabi/lib/thumb/v7e-m+fp/hard\libnosys.a
END GROUP
LOAD C:/ST/STM32CubeIDE_1.11.0/STM32CubeIDE/plugins/com.st.stm32cube.ide.mcu.externaltools.gnu-tools-for-stm32.11.3.rel1.win32_1.1.1.202309131626/tools/bin/../lib/gcc/arm-none-eabi/11.3.1/thumb/v7e-m+fp/hard/crtend.o
LOAD C:/ST/STM32CubeIDE_1.11.0/STM32CubeIDE/plugins/com.st.stm32cube.ide.mcu.externaltools.gnu-tools-for-stm32.11.3.rel1.win32_1.1.1.202309131626/tools/bin/../lib/gcc/arm-none-eabi/11.3.1/thumb/v7e-m+fp/hard/crtn.o
                0x0000000020020000                _estack = (ORIGIN (RAM) + LENGTH (RAM))
                0x0000000000000200                _Min_Heap_Size = 0x200
                0x0000000000000400                _Min_Stack_Size = 0x400

.isr_vector     0x0000000008000000      0x188
                0x0000000008000000                . = ALIGN (0x4)
 *(.isr_vector)
 .isr_vector    0x0000000008000000      0x188 ./Core/Startup/startup_stm32f407vgtx.o
                0x0000000008000000                g_pfnVectors
                0x0000000008000188                . = ALIGN (0x4)

.text           0x0000000008000188     0x30b8
                0x0000000008000188                . = ALIGN (0x4)
 *(.text)
 .text          0x0000000008000188       0x40 C:/ST/STM32CubeIDE_1.11.0/STM32CubeIDE/plugins/com.st.stm32cube.ide.mcu.externaltools.gnu-tools-for-stm32.11.3.rel1.win32_1.1.1.202309131626/tools/bin/../lib/gcc/arm-none-eabi/11.3.1/thumb/v7e-m+fp/hard/crtbegin.o
 .text          0x00000000080001c8       0x30 C:/ST/STM32CubeIDE_1.11.0/STM32CubeIDE/plugins/com.st.stm32cube.ide.mcu.externaltools.gnu-tools-for-stm32.11.3.rel1.win32_1.1.1.202309131626/tools/bin/../lib/gcc/arm-none-eabi/11.3.1/thumb/v7e-m+fp/hard\libgcc.a(_aeabi_uldivmod.o)
                0x00000000080001c8                __aeabi_uldivmod
 .text          0x00000000080001f8      0x2c8 C:/ST/STM32CubeIDE_1.11.0/STM32CubeIDE/plugins/com.st.stm32cube.ide.mcu.externaltools.gnu-tools-for-stm32.11.3.rel1.win32_1.1.1.202309131626/tools/bin/../lib/gcc/arm-none-eabi/11.3.1/thumb/v7e-m+fp/hard\libgcc.a(_udivmoddi4.o)
                0x00000000080001f8                __udivmoddi4
 .text          0x00000000080004c0        0x4 C:/ST/STM32CubeIDE_1.11.0/STM32CubeIDE/plugins/com.st.stm32cube.ide.mcu.externaltools.gnu-tools-for-stm32.11.3.rel1.win32_1.1.1.202309131626/tools/bin/../lib/gcc/arm-none-eabi/11.3.1/thumb/v7e-m+fp/hard\libgcc.a(_dvmd_tls.o)
                0x00000000080004c0                __aeabi_idiv0
                0x00000000080004c0                __aeabi_ldiv0
 *(.text*)
 .text.clearScreen
                0x00000000080004c4       0x48 ./Core/Src/DMD.o
                0x00000000080004c4                clearScreen
 .text.DMD      0x000000000800050c       0xdc ./Core/Src/DMD.o
                0x000000000800050c                DMD
 .text.writePixel
                0x00000000080005e8      0x228 ./Core/Src/DMD.o
                0x00000000080005e8                writePixel
 .text.drawLine
                0x0000000008000810      0x10a ./Core/Src/DMD.o
                0x0000000008000810                drawLine
 *fill*         0x000000000800091a        0x2 
 .text.selectFont
                0x000000000800091c       0x20 ./Core/Src/DMD.o
                0x000000000800091c                selectFont
 .text.drawFilledBox
                0x000000000800093c       0x3e ./Core/Src/DMD.o
                0x000000000800093c                drawFilledBox
 *fill*         0x000000000800097a        0x2 
 .text.charWidth
                0x000000000800097c       0x74 ./Core/Src/DMD.o
                0x000000000800097c                charWidth
 .text.drawChar
                0x00000000080009f0      0x28c ./Core/Src/DMD.o
                0x00000000080009f0                drawChar
 .text.scanDisplayBySPI
                0x0000000008000c7c      0x1ac ./Core/Src/DMD.o
                0x0000000008000c7c                scanDisplayBySPI
 .text.main     0x0000000008000e28       0x44 ./Core/Src/main.o
                0x0000000008000e28                main
 .text.SystemClock_Config
                0x0000000008000e6c       0xd4 ./Core/Src/main.o
                0x0000000008000e6c                SystemClock_Config
 .text.MX_SPI1_Init
                0x0000000008000f40       0x6c ./Core/Src/main.o
 .text.MX_TIM2_Init
                0x0000000008000fac       0x9c ./Core/Src/main.o
 .text.MX_GPIO_Init
                0x0000000008001048       0xac ./Core/Src/main.o
 .text.HAL_TIM_PeriodElapsedCallback
                0x00000000080010f4       0x14 ./Core/Src/main.o
                0x00000000080010f4                HAL_TIM_PeriodElapsedCallback
 .text.Error_Handler
                0x0000000008001108        0xa ./Core/Src/main.o
                0x0000000008001108                Error_Handler
 *fill*         0x0000000008001112        0x2 
 .text.HAL_MspInit
                0x0000000008001114       0x50 ./Core/Src/stm32f4xx_hal_msp.o
                0x0000000008001114                HAL_MspInit
 .text.HAL_SPI_MspInit
                0x0000000008001164       0x90 ./Core/Src/stm32f4xx_hal_msp.o
                0x0000000008001164                HAL_SPI_MspInit
 .text.HAL_TIM_Base_MspInit
                0x00000000080011f4       0x4c ./Core/Src/stm32f4xx_hal_msp.o
                0x00000000080011f4                HAL_TIM_Base_MspInit
 .text.NMI_Handler
                0x0000000008001240        0x6 ./Core/Src/stm32f4xx_it.o
                0x0000000008001240                NMI_Handler
 .text.HardFault_Handler
                0x0000000008001246        0x6 ./Core/Src/stm32f4xx_it.o
                0x0000000008001246                HardFault_Handler
 .text.MemManage_Handler
                0x000000000800124c        0x6 ./Core/Src/stm32f4xx_it.o
                0x000000000800124c                MemManage_Handler
 .text.BusFault_Handler
                0x0000000008001252        0x6 ./Core/Src/stm32f4xx_it.o
                0x0000000008001252                BusFault_Handler
 .text.UsageFault_Handler
                0x0000000008001258        0x6 ./Core/Src/stm32f4xx_it.o
                0x0000000008001258                UsageFault_Handler
 .text.SVC_Handler
                0x000000000800125e        0xe ./Core/Src/stm32f4xx_it.o
                0x000000000800125e                SVC_Handler
 .text.DebugMon_Handler
                0x000000000800126c        0xe ./Core/Src/stm32f4xx_it.o
                0x000000000800126c                DebugMon_Handler
 .text.PendSV_Handler
                0x000000000800127a        0xe ./Core/Src/stm32f4xx_it.o
                0x000000000800127a                PendSV_Handler
 .text.SysTick_Handler
                0x0000000008001288        0xc ./Core/Src/stm32f4xx_it.o
                0x0000000008001288                SysTick_Handler
 .text.TIM2_IRQHandler
                0x0000000008001294       0x14 ./Core/Src/stm32f4xx_it.o
                0x0000000008001294                TIM2_IRQHandler
 .text._sbrk    0x00000000080012a8       0x6c ./Core/Src/sysmem.o
                0x00000000080012a8                _sbrk
 .text.SystemInit
                0x0000000008001314       0x24 ./Core/Src/system_stm32f4xx.o
                0x0000000008001314                SystemInit
 .text.Reset_Handler
                0x0000000008001338       0x50 ./Core/Startup/startup_stm32f407vgtx.o
                0x0000000008001338                Reset_Handler
 .text.Default_Handler
                0x0000000008001388        0x2 ./Core/Startup/startup_stm32f407vgtx.o
                0x0000000008001388                RTC_Alarm_IRQHandler
                0x0000000008001388                HASH_RNG_IRQHandler
                0x0000000008001388                EXTI2_IRQHandler
                0x0000000008001388                TIM8_CC_IRQHandler
                0x0000000008001388                TIM1_CC_IRQHandler
                0x0000000008001388                DMA2_Stream5_IRQHandler
                0x0000000008001388                DMA1_Stream5_IRQHandler
                0x0000000008001388                PVD_IRQHandler
                0x0000000008001388                SDIO_IRQHandler
                0x0000000008001388                TAMP_STAMP_IRQHandler
                0x0000000008001388                CAN2_RX1_IRQHandler
                0x0000000008001388                EXTI3_IRQHandler
                0x0000000008001388                TIM8_TRG_COM_TIM14_IRQHandler
                0x0000000008001388                TIM1_UP_TIM10_IRQHandler
                0x0000000008001388                TIM8_UP_TIM13_IRQHandler
                0x0000000008001388                I2C3_ER_IRQHandler
                0x0000000008001388                EXTI0_IRQHandler
                0x0000000008001388                I2C2_EV_IRQHandler
                0x0000000008001388                DMA1_Stream2_IRQHandler
                0x0000000008001388                CAN1_RX0_IRQHandler
                0x0000000008001388                FPU_IRQHandler
                0x0000000008001388                OTG_HS_WKUP_IRQHandler
                0x0000000008001388                CAN2_SCE_IRQHandler
                0x0000000008001388                DMA2_Stream2_IRQHandler
                0x0000000008001388                SPI1_IRQHandler
                0x0000000008001388                TIM6_DAC_IRQHandler
                0x0000000008001388                TIM1_BRK_TIM9_IRQHandler
                0x0000000008001388                DCMI_IRQHandler
                0x0000000008001388                CAN2_RX0_IRQHandler
                0x0000000008001388                DMA2_Stream3_IRQHandler
                0x0000000008001388                USART6_IRQHandler
                0x0000000008001388                USART3_IRQHandler
                0x0000000008001388                CAN1_RX1_IRQHandler
                0x0000000008001388                UART5_IRQHandler
                0x0000000008001388                DMA2_Stream0_IRQHandler
                0x0000000008001388                TIM4_IRQHandler
                0x0000000008001388                I2C1_EV_IRQHandler
                0x0000000008001388                DMA1_Stream6_IRQHandler
                0x0000000008001388                DMA1_Stream1_IRQHandler
                0x0000000008001388                UART4_IRQHandler
                0x0000000008001388                TIM3_IRQHandler
                0x0000000008001388                RCC_IRQHandler
                0x0000000008001388                TIM8_BRK_TIM12_IRQHandler
                0x0000000008001388                Default_Handler
                0x0000000008001388                EXTI15_10_IRQHandler
                0x0000000008001388                ADC_IRQHandler
                0x0000000008001388                DMA1_Stream7_IRQHandler
                0x0000000008001388                TIM7_IRQHandler
                0x0000000008001388                CAN2_TX_IRQHandler
                0x0000000008001388                TIM5_IRQHandler
                0x0000000008001388                DMA2_Stream7_IRQHandler
                0x0000000008001388                I2C3_EV_IRQHandler
                0x0000000008001388                EXTI9_5_IRQHandler
                0x0000000008001388                RTC_WKUP_IRQHandler
                0x0000000008001388                ETH_WKUP_IRQHandler
                0x0000000008001388                SPI2_IRQHandler
                0x0000000008001388                OTG_HS_EP1_IN_IRQHandler
                0x0000000008001388                DMA1_Stream0_IRQHandler
                0x0000000008001388                CAN1_TX_IRQHandler
                0x0000000008001388                EXTI4_IRQHandler
                0x0000000008001388                FSMC_IRQHandler
                0x0000000008001388                ETH_IRQHandler
                0x0000000008001388                OTG_HS_EP1_OUT_IRQHandler
                0x0000000008001388                WWDG_IRQHandler
                0x0000000008001388                OTG_FS_WKUP_IRQHandler
                0x0000000008001388                TIM1_TRG_COM_TIM11_IRQHandler
                0x0000000008001388                OTG_HS_IRQHandler
                0x0000000008001388                EXTI1_IRQHandler
                0x0000000008001388                USART2_IRQHandler
                0x0000000008001388                I2C2_ER_IRQHandler
                0x0000000008001388                DMA2_Stream1_IRQHandler
                0x0000000008001388                CAN1_SCE_IRQHandler
                0x0000000008001388                FLASH_IRQHandler
                0x0000000008001388                DMA2_Stream4_IRQHandler
                0x0000000008001388                USART1_IRQHandler
                0x0000000008001388                OTG_FS_IRQHandler
                0x0000000008001388                SPI3_IRQHandler
                0x0000000008001388                DMA1_Stream4_IRQHandler
                0x0000000008001388                I2C1_ER_IRQHandler
                0x0000000008001388                DMA2_Stream6_IRQHandler
                0x0000000008001388                DMA1_Stream3_IRQHandler
 *fill*         0x000000000800138a        0x2 
 .text.HAL_Init
                0x000000000800138c       0x44 ./Drivers/STM32F4xx_HAL_Driver/Src/stm32f4xx_hal.o
                0x000000000800138c                HAL_Init
 .text.HAL_InitTick
                0x00000000080013d0       0x60 ./Drivers/STM32F4xx_HAL_Driver/Src/stm32f4xx_hal.o
                0x00000000080013d0                HAL_InitTick
 .text.HAL_IncTick
                0x0000000008001430       0x28 ./Drivers/STM32F4xx_HAL_Driver/Src/stm32f4xx_hal.o
                0x0000000008001430                HAL_IncTick
 .text.HAL_GetTick
                0x0000000008001458       0x18 ./Drivers/STM32F4xx_HAL_Driver/Src/stm32f4xx_hal.o
                0x0000000008001458                HAL_GetTick
 .text.__NVIC_SetPriorityGrouping
                0x0000000008001470       0x48 ./Drivers/STM32F4xx_HAL_Driver/Src/stm32f4xx_hal_cortex.o
 .text.__NVIC_GetPriorityGrouping
                0x00000000080014b8       0x1c ./Drivers/STM32F4xx_HAL_Driver/Src/stm32f4xx_hal_cortex.o
 .text.__NVIC_EnableIRQ
                0x00000000080014d4       0x3c ./Drivers/STM32F4xx_HAL_Driver/Src/stm32f4xx_hal_cortex.o
 .text.__NVIC_SetPriority
                0x0000000008001510       0x54 ./Drivers/STM32F4xx_HAL_Driver/Src/stm32f4xx_hal_cortex.o
 .text.NVIC_EncodePriority
                0x0000000008001564       0x66 ./Drivers/STM32F4xx_HAL_Driver/Src/stm32f4xx_hal_cortex.o
 *fill*         0x00000000080015ca        0x2 
 .text.SysTick_Config
                0x00000000080015cc       0x44 ./Drivers/STM32F4xx_HAL_Driver/Src/stm32f4xx_hal_cortex.o
 .text.HAL_NVIC_SetPriorityGrouping
                0x0000000008001610       0x16 ./Drivers/STM32F4xx_HAL_Driver/Src/stm32f4xx_hal_cortex.o
                0x0000000008001610                HAL_NVIC_SetPriorityGrouping
 .text.HAL_NVIC_SetPriority
                0x0000000008001626       0x38 ./Drivers/STM32F4xx_HAL_Driver/Src/stm32f4xx_hal_cortex.o
                0x0000000008001626                HAL_NVIC_SetPriority
 .text.HAL_NVIC_EnableIRQ
                0x000000000800165e       0x1c ./Drivers/STM32F4xx_HAL_Driver/Src/stm32f4xx_hal_cortex.o
                0x000000000800165e                HAL_NVIC_EnableIRQ
 .text.HAL_SYSTICK_Config
                0x000000000800167a       0x18 ./Drivers/STM32F4xx_HAL_Driver/Src/stm32f4xx_hal_cortex.o
                0x000000000800167a                HAL_SYSTICK_Config
 *fill*         0x0000000008001692        0x2 
 .text.HAL_GPIO_Init
                0x0000000008001694      0x338 ./Drivers/STM32F4xx_HAL_Driver/Src/stm32f4xx_hal_gpio.o
                0x0000000008001694                HAL_GPIO_Init
 .text.HAL_GPIO_ReadPin
                0x00000000080019cc       0x30 ./Drivers/STM32F4xx_HAL_Driver/Src/stm32f4xx_hal_gpio.o
                0x00000000080019cc                HAL_GPIO_ReadPin
 .text.HAL_GPIO_WritePin
                0x00000000080019fc       0x32 ./Drivers/STM32F4xx_HAL_Driver/Src/stm32f4xx_hal_gpio.o
                0x00000000080019fc                HAL_GPIO_WritePin
 *fill*         0x0000000008001a2e        0x2 
 .text.HAL_RCC_OscConfig
                0x0000000008001a30      0x4f0 ./Drivers/STM32F4xx_HAL_Driver/Src/stm32f4xx_hal_rcc.o
                0x0000000008001a30                HAL_RCC_OscConfig
 .text.HAL_RCC_ClockConfig
                0x0000000008001f20      0x1cc ./Drivers/STM32F4xx_HAL_Driver/Src/stm32f4xx_hal_rcc.o
                0x0000000008001f20                HAL_RCC_ClockConfig
 .text.HAL_RCC_GetSysClockFreq
                0x00000000080020ec      0x20c ./Drivers/STM32F4xx_HAL_Driver/Src/stm32f4xx_hal_rcc.o
                0x00000000080020ec                HAL_RCC_GetSysClockFreq
 .text.HAL_SPI_Init
                0x00000000080022f8      0x112 ./Drivers/STM32F4xx_HAL_Driver/Src/stm32f4xx_hal_spi.o
                0x00000000080022f8                HAL_SPI_Init
 .text.HAL_SPI_Transmit
                0x000000000800240a      0x278 ./Drivers/STM32F4xx_HAL_Driver/Src/stm32f4xx_hal_spi.o
                0x000000000800240a                HAL_SPI_Transmit
 *fill*         0x0000000008002682        0x2 
 .text.SPI_WaitFlagStateUntilTimeout
                0x0000000008002684      0x110 ./Drivers/STM32F4xx_HAL_Driver/Src/stm32f4xx_hal_spi.o
 .text.SPI_EndRxTxTransaction
                0x0000000008002794       0x84 ./Drivers/STM32F4xx_HAL_Driver/Src/stm32f4xx_hal_spi.o
 .text.HAL_TIM_Base_Init
                0x0000000008002818       0x9e ./Drivers/STM32F4xx_HAL_Driver/Src/stm32f4xx_hal_tim.o
                0x0000000008002818                HAL_TIM_Base_Init
 .text.HAL_TIM_IRQHandler
                0x00000000080028b6      0x210 ./Drivers/STM32F4xx_HAL_Driver/Src/stm32f4xx_hal_tim.o
                0x00000000080028b6                HAL_TIM_IRQHandler
 .text.HAL_TIM_ConfigClockSource
                0x0000000008002ac6      0x18e ./Drivers/STM32F4xx_HAL_Driver/Src/stm32f4xx_hal_tim.o
                0x0000000008002ac6                HAL_TIM_ConfigClockSource
 .text.HAL_TIM_OC_DelayElapsedCallback
                0x0000000008002c54       0x14 ./Drivers/STM32F4xx_HAL_Driver/Src/stm32f4xx_hal_tim.o
                0x0000000008002c54                HAL_TIM_OC_DelayElapsedCallback
 .text.HAL_TIM_IC_CaptureCallback
                0x0000000008002c68       0x14 ./Drivers/STM32F4xx_HAL_Driver/Src/stm32f4xx_hal_tim.o
                0x0000000008002c68                HAL_TIM_IC_CaptureCallback
 .text.HAL_TIM_PWM_PulseFinishedCallback
                0x0000000008002c7c       0x14 ./Drivers/STM32F4xx_HAL_Driver/Src/stm32f4xx_hal_tim.o
                0x0000000008002c7c                HAL_TIM_PWM_PulseFinishedCallback
 .text.HAL_TIM_TriggerCallback
                0x0000000008002c90       0x14 ./Drivers/STM32F4xx_HAL_Driver/Src/stm32f4xx_hal_tim.o
                0x0000000008002c90                HAL_TIM_TriggerCallback
 .text.TIM_Base_SetConfig
                0x0000000008002ca4      0x140 ./Drivers/STM32F4xx_HAL_Driver/Src/stm32f4xx_hal_tim.o
                0x0000000008002ca4                TIM_Base_SetConfig
 .text.TIM_TI1_ConfigInputStage
                0x0000000008002de4       0x5e ./Drivers/STM32F4xx_HAL_Driver/Src/stm32f4xx_hal_tim.o
 .text.TIM_TI2_ConfigInputStage
                0x0000000008002e42       0x60 ./Drivers/STM32F4xx_HAL_Driver/Src/stm32f4xx_hal_tim.o
 .text.TIM_ITRx_SetConfig
                0x0000000008002ea2       0x36 ./Drivers/STM32F4xx_HAL_Driver/Src/stm32f4xx_hal_tim.o
 .text.TIM_ETR_SetConfig
                0x0000000008002ed8       0x40 ./Drivers/STM32F4xx_HAL_Driver/Src/stm32f4xx_hal_tim.o
                0x0000000008002ed8                TIM_ETR_SetConfig
 .text.HAL_TIMEx_MasterConfigSynchronization
                0x0000000008002f18       0xf8 ./Drivers/STM32F4xx_HAL_Driver/Src/stm32f4xx_hal_tim_ex.o
                0x0000000008002f18                HAL_TIMEx_MasterConfigSynchronization
 .text.HAL_TIMEx_CommutCallback
                0x0000000008003010       0x14 ./Drivers/STM32F4xx_HAL_Driver/Src/stm32f4xx_hal_tim_ex.o
                0x0000000008003010                HAL_TIMEx_CommutCallback
 .text.HAL_TIMEx_BreakCallback
                0x0000000008003024       0x14 ./Drivers/STM32F4xx_HAL_Driver/Src/stm32f4xx_hal_tim_ex.o
                0x0000000008003024                HAL_TIMEx_BreakCallback
 .text.malloc   0x0000000008003038       0x10 C:/ST/STM32CubeIDE_1.11.0/STM32CubeIDE/plugins/com.st.stm32cube.ide.mcu.externaltools.gnu-tools-for-stm32.11.3.rel1.win32_1.1.1.202309131626/tools/bin/../lib/gcc/arm-none-eabi/11.3.1/../../../../arm-none-eabi/lib/thumb/v7e-m+fp/hard\libc_nano.a(libc_a-malloc.o)
                0x0000000008003038                malloc
 .text.sbrk_aligned
                0x0000000008003048       0x40 C:/ST/STM32CubeIDE_1.11.0/STM32CubeIDE/plugins/com.st.stm32cube.ide.mcu.externaltools.gnu-tools-for-stm32.11.3.rel1.win32_1.1.1.202309131626/tools/bin/../lib/gcc/arm-none-eabi/11.3.1/../../../../arm-none-eabi/lib/thumb/v7e-m+fp/hard\libc_nano.a(libc_a-mallocr.o)
 .text._malloc_r
                0x0000000008003088      0x100 C:/ST/STM32CubeIDE_1.11.0/STM32CubeIDE/plugins/com.st.stm32cube.ide.mcu.externaltools.gnu-tools-for-stm32.11.3.rel1.win32_1.1.1.202309131626/tools/bin/../lib/gcc/arm-none-eabi/11.3.1/../../../../arm-none-eabi/lib/thumb/v7e-m+fp/hard\libc_nano.a(libc_a-mallocr.o)
                0x0000000008003088                _malloc_r
 .text.__malloc_lock
                0x0000000008003188        0xc C:/ST/STM32CubeIDE_1.11.0/STM32CubeIDE/plugins/com.st.stm32cube.ide.mcu.externaltools.gnu-tools-for-stm32.11.3.rel1.win32_1.1.1.202309131626/tools/bin/../lib/gcc/arm-none-eabi/11.3.1/../../../../arm-none-eabi/lib/thumb/v7e-m+fp/hard\libc_nano.a(libc_a-mlock.o)
                0x0000000008003188                __malloc_lock
 .text.__malloc_unlock
                0x0000000008003194        0xc C:/ST/STM32CubeIDE_1.11.0/STM32CubeIDE/plugins/com.st.stm32cube.ide.mcu.externaltools.gnu-tools-for-stm32.11.3.rel1.win32_1.1.1.202309131626/tools/bin/../lib/gcc/arm-none-eabi/11.3.1/../../../../arm-none-eabi/lib/thumb/v7e-m+fp/hard\libc_nano.a(libc_a-mlock.o)
                0x0000000008003194                __malloc_unlock
 .text.memset   0x00000000080031a0       0x10 C:/ST/STM32CubeIDE_1.11.0/STM32CubeIDE/plugins/com.st.stm32cube.ide.mcu.externaltools.gnu-tools-for-stm32.11.3.rel1.win32_1.1.1.202309131626/tools/bin/../lib/gcc/arm-none-eabi/11.3.1/../../../../arm-none-eabi/lib/thumb/v7e-m+fp/hard\libc_nano.a(libc_a-memset.o)
                0x00000000080031a0                memset
 .text._sbrk_r  0x00000000080031b0       0x20 C:/ST/STM32CubeIDE_1.11.0/STM32CubeIDE/plugins/com.st.stm32cube.ide.mcu.externaltools.gnu-tools-for-stm32.11.3.rel1.win32_1.1.1.202309131626/tools/bin/../lib/gcc/arm-none-eabi/11.3.1/../../../../arm-none-eabi/lib/thumb/v7e-m+fp/hard\libc_nano.a(libc_a-sbrkr.o)
                0x00000000080031b0                _sbrk_r
 .text.__errno  0x00000000080031d0        0xc C:/ST/STM32CubeIDE_1.11.0/STM32CubeIDE/plugins/com.st.stm32cube.ide.mcu.externaltools.gnu-tools-for-stm32.11.3.rel1.win32_1.1.1.202309131626/tools/bin/../lib/gcc/arm-none-eabi/11.3.1/../../../../arm-none-eabi/lib/thumb/v7e-m+fp/hard\libc_nano.a(libc_a-errno.o)
                0x00000000080031d0                __errno
 .text.__libc_init_array
                0x00000000080031dc       0x48 C:/ST/STM32CubeIDE_1.11.0/STM32CubeIDE/plugins/com.st.stm32cube.ide.mcu.externaltools.gnu-tools-for-stm32.11.3.rel1.win32_1.1.1.202309131626/tools/bin/../lib/gcc/arm-none-eabi/11.3.1/../../../../arm-none-eabi/lib/thumb/v7e-m+fp/hard\libc_nano.a(libc_a-init.o)
                0x00000000080031dc                __libc_init_array
 .text.__retarget_lock_acquire_recursive
                0x0000000008003224        0x2 C:/ST/STM32CubeIDE_1.11.0/STM32CubeIDE/plugins/com.st.stm32cube.ide.mcu.externaltools.gnu-tools-for-stm32.11.3.rel1.win32_1.1.1.202309131626/tools/bin/../lib/gcc/arm-none-eabi/11.3.1/../../../../arm-none-eabi/lib/thumb/v7e-m+fp/hard\libc_nano.a(libc_a-lock.o)
                0x0000000008003224                __retarget_lock_acquire_recursive
 .text.__retarget_lock_release_recursive
                0x0000000008003226        0x2 C:/ST/STM32CubeIDE_1.11.0/STM32CubeIDE/plugins/com.st.stm32cube.ide.mcu.externaltools.gnu-tools-for-stm32.11.3.rel1.win32_1.1.1.202309131626/tools/bin/../lib/gcc/arm-none-eabi/11.3.1/../../../../arm-none-eabi/lib/thumb/v7e-m+fp/hard\libc_nano.a(libc_a-lock.o)
                0x0000000008003226                __retarget_lock_release_recursive
 *(.glue_7)
 .glue_7        0x0000000008003228        0x0 linker stubs
 *(.glue_7t)
 .glue_7t       0x0000000008003228        0x0 linker stubs
 *(.eh_frame)
 .eh_frame      0x0000000008003228        0x0 C:/ST/STM32CubeIDE_1.11.0/STM32CubeIDE/plugins/com.st.stm32cube.ide.mcu.externaltools.gnu-tools-for-stm32.11.3.rel1.win32_1.1.1.202309131626/tools/bin/../lib/gcc/arm-none-eabi/11.3.1/thumb/v7e-m+fp/hard/crtbegin.o
 *(.init)
 .init          0x0000000008003228        0x4 C:/ST/STM32CubeIDE_1.11.0/STM32CubeIDE/plugins/com.st.stm32cube.ide.mcu.externaltools.gnu-tools-for-stm32.11.3.rel1.win32_1.1.1.202309131626/tools/bin/../lib/gcc/arm-none-eabi/11.3.1/thumb/v7e-m+fp/hard/crti.o
                0x0000000008003228                _init
 .init          0x000000000800322c        0x8 C:/ST/STM32CubeIDE_1.11.0/STM32CubeIDE/plugins/com.st.stm32cube.ide.mcu.externaltools.gnu-tools-for-stm32.11.3.rel1.win32_1.1.1.202309131626/tools/bin/../lib/gcc/arm-none-eabi/11.3.1/thumb/v7e-m+fp/hard/crtn.o
 *(.fini)
 .fini          0x0000000008003234        0x4 C:/ST/STM32CubeIDE_1.11.0/STM32CubeIDE/plugins/com.st.stm32cube.ide.mcu.externaltools.gnu-tools-for-stm32.11.3.rel1.win32_1.1.1.202309131626/tools/bin/../lib/gcc/arm-none-eabi/11.3.1/thumb/v7e-m+fp/hard/crti.o
                0x0000000008003234                _fini
 .fini          0x0000000008003238        0x8 C:/ST/STM32CubeIDE_1.11.0/STM32CubeIDE/plugins/com.st.stm32cube.ide.mcu.externaltools.gnu-tools-for-stm32.11.3.rel1.win32_1.1.1.202309131626/tools/bin/../lib/gcc/arm-none-eabi/11.3.1/thumb/v7e-m+fp/hard/crtn.o
                0x0000000008003240                . = ALIGN (0x4)
                0x0000000008003240                _etext = .

.vfp11_veneer   0x0000000008003240        0x0
 .vfp11_veneer  0x0000000008003240        0x0 linker stubs

.v4_bx          0x0000000008003240        0x0
 .v4_bx         0x0000000008003240        0x0 linker stubs

.iplt           0x0000000008003240        0x0
 .iplt          0x0000000008003240        0x0 C:/ST/STM32CubeIDE_1.11.0/STM32CubeIDE/plugins/com.st.stm32cube.ide.mcu.externaltools.gnu-tools-for-stm32.11.3.rel1.win32_1.1.1.202309131626/tools/bin/../lib/gcc/arm-none-eabi/11.3.1/thumb/v7e-m+fp/hard/crtbegin.o

.rodata         0x0000000008003240      0x1f8
                0x0000000008003240                . = ALIGN (0x4)
 *(.rodata)
 *(.rodata*)
 .rodata.System5x7
                0x0000000008003240      0x1e6 ./Core/Src/main.o
 *fill*         0x0000000008003426        0x2 
 .rodata.AHBPrescTable
                0x0000000008003428       0x10 ./Core/Src/system_stm32f4xx.o
                0x0000000008003428                AHBPrescTable
                0x0000000008003438                . = ALIGN (0x4)

.ARM.extab      0x0000000008003438        0x0
                0x0000000008003438                . = ALIGN (0x4)
 *(.ARM.extab* .gnu.linkonce.armextab.*)
                0x0000000008003438                . = ALIGN (0x4)

.ARM            0x0000000008003438        0x8
                0x0000000008003438                . = ALIGN (0x4)
                0x0000000008003438                __exidx_start = .
 *(.ARM.exidx*)
 .ARM.exidx     0x0000000008003438        0x8 C:/ST/STM32CubeIDE_1.11.0/STM32CubeIDE/plugins/com.st.stm32cube.ide.mcu.externaltools.gnu-tools-for-stm32.11.3.rel1.win32_1.1.1.202309131626/tools/bin/../lib/gcc/arm-none-eabi/11.3.1/thumb/v7e-m+fp/hard\libgcc.a(_udivmoddi4.o)
                0x0000000008003440                __exidx_end = .
                0x0000000008003440                . = ALIGN (0x4)

.rel.dyn        0x0000000008003440        0x0
 .rel.iplt      0x0000000008003440        0x0 C:/ST/STM32CubeIDE_1.11.0/STM32CubeIDE/plugins/com.st.stm32cube.ide.mcu.externaltools.gnu-tools-for-stm32.11.3.rel1.win32_1.1.1.202309131626/tools/bin/../lib/gcc/arm-none-eabi/11.3.1/thumb/v7e-m+fp/hard/crtbegin.o

.preinit_array  0x0000000008003440        0x0
                0x0000000008003440                . = ALIGN (0x4)
                0x0000000008003440                PROVIDE (__preinit_array_start = .)
 *(.preinit_array*)
                0x0000000008003440                PROVIDE (__preinit_array_end = .)
                0x0000000008003440                . = ALIGN (0x4)

.init_array     0x0000000008003440        0x4
                0x0000000008003440                . = ALIGN (0x4)
                0x0000000008003440                PROVIDE (__init_array_start = .)
 *(SORT_BY_NAME(.init_array.*))
 *(.init_array*)
 .init_array    0x0000000008003440        0x4 C:/ST/STM32CubeIDE_1.11.0/STM32CubeIDE/plugins/com.st.stm32cube.ide.mcu.externaltools.gnu-tools-for-stm32.11.3.rel1.win32_1.1.1.202309131626/tools/bin/../lib/gcc/arm-none-eabi/11.3.1/thumb/v7e-m+fp/hard/crtbegin.o
                0x0000000008003444                PROVIDE (__init_array_end = .)
                0x0000000008003444                . = ALIGN (0x4)

.fini_array     0x0000000008003444        0x4
                0x0000000008003444                . = ALIGN (0x4)
                [!provide]                        PROVIDE (__fini_array_start = .)
 *(SORT_BY_NAME(.fini_array.*))
 *(.fini_array*)
 .fini_array    0x0000000008003444        0x4 C:/ST/STM32CubeIDE_1.11.0/STM32CubeIDE/plugins/com.st.stm32cube.ide.mcu.externaltools.gnu-tools-for-stm32.11.3.rel1.win32_1.1.1.202309131626/tools/bin/../lib/gcc/arm-none-eabi/11.3.1/thumb/v7e-m+fp/hard/crtbegin.o
                [!provide]                        PROVIDE (__fini_array_end = .)
                0x0000000008003448                . = ALIGN (0x4)
                0x0000000008003448                _sidata = LOADADDR (.data)

.data           0x0000000020000000       0x64 load address 0x0000000008003448
                0x0000000020000000                . = ALIGN (0x4)
                0x0000000020000000                _sdata = .
 *(.data)
 *(.data*)
 .data.bPixelLookupTable
                0x0000000020000000        0x8 ./Core/Src/DMD.o
 .data.SystemCoreClock
                0x0000000020000008        0x4 ./Core/Src/system_stm32f4xx.o
                0x0000000020000008                SystemCoreClock
 .data.uwTickPrio
                0x000000002000000c        0x4 ./Drivers/STM32F4xx_HAL_Driver/Src/stm32f4xx_hal.o
                0x000000002000000c                uwTickPrio
 .data.uwTickFreq
                0x0000000020000010        0x1 ./Drivers/STM32F4xx_HAL_Driver/Src/stm32f4xx_hal.o
                0x0000000020000010                uwTickFreq
 *fill*         0x0000000020000011        0x3 
 .data._impure_data
                0x0000000020000014       0x4c C:/ST/STM32CubeIDE_1.11.0/STM32CubeIDE/plugins/com.st.stm32cube.ide.mcu.externaltools.gnu-tools-for-stm32.11.3.rel1.win32_1.1.1.202309131626/tools/bin/../lib/gcc/arm-none-eabi/11.3.1/../../../../arm-none-eabi/lib/thumb/v7e-m+fp/hard\libc_nano.a(libc_a-impure.o)
                0x0000000020000014                _impure_data
 .data._impure_ptr
                0x0000000020000060        0x4 C:/ST/STM32CubeIDE_1.11.0/STM32CubeIDE/plugins/com.st.stm32cube.ide.mcu.externaltools.gnu-tools-for-stm32.11.3.rel1.win32_1.1.1.202309131626/tools/bin/../lib/gcc/arm-none-eabi/11.3.1/../../../../arm-none-eabi/lib/thumb/v7e-m+fp/hard\libc_nano.a(libc_a-impure.o)
                0x0000000020000060                _impure_ptr
 *(.RamFunc)
 *(.RamFunc*)
                0x0000000020000064                . = ALIGN (0x4)
                0x0000000020000064                _edata = .
                0x00000000080034ac                _siccmram = LOADADDR (.ccmram)

.igot.plt       0x0000000020000064        0x0 load address 0x00000000080034ac
 .igot.plt      0x0000000020000064        0x0 C:/ST/STM32CubeIDE_1.11.0/STM32CubeIDE/plugins/com.st.stm32cube.ide.mcu.externaltools.gnu-tools-for-stm32.11.3.rel1.win32_1.1.1.202309131626/tools/bin/../lib/gcc/arm-none-eabi/11.3.1/thumb/v7e-m+fp/hard/crtbegin.o

.ccmram         0x0000000010000000        0x0 load address 0x00000000080034ac
                0x0000000010000000                . = ALIGN (0x4)
                0x0000000010000000                _sccmram = .
 *(.ccmram)
 *(.ccmram*)
                0x0000000010000000                . = ALIGN (0x4)
                0x0000000010000000                _eccmram = .
                0x0000000010000000                . = ALIGN (0x4)

.bss            0x0000000020000064      0x224
                0x0000000020000064                _sbss = .
                0x0000000020000064                __bss_start__ = _sbss
 *(.bss)
 .bss           0x0000000020000064       0x1c C:/ST/STM32CubeIDE_1.11.0/STM32CubeIDE/plugins/com.st.stm32cube.ide.mcu.externaltools.gnu-tools-for-stm32.11.3.rel1.win32_1.1.1.202309131626/tools/bin/../lib/gcc/arm-none-eabi/11.3.1/thumb/v7e-m+fp/hard/crtbegin.o
 *(.bss*)
 .bss.DisplaysTotal
                0x0000000020000080        0x1 ./Core/Src/DMD.o
                0x0000000020000080                DisplaysTotal
 .bss.bDMDByte  0x0000000020000081        0x1 ./Core/Src/DMD.o
                0x0000000020000081                bDMDByte
 .bss.DisplaysWide
                0x0000000020000082        0x1 ./Core/Src/DMD.o
                0x0000000020000082                DisplaysWide
 .bss.DisplaysHigh
                0x0000000020000083        0x1 ./Core/Src/DMD.o
                0x0000000020000083                DisplaysHigh
 .bss.row1      0x0000000020000084        0x4 ./Core/Src/DMD.o
                0x0000000020000084                row1
 .bss.row2      0x0000000020000088        0x4 ./Core/Src/DMD.o
                0x0000000020000088                row2
 .bss.row3      0x000000002000008c        0x4 ./Core/Src/DMD.o
                0x000000002000008c                row3
 .bss.bDMDScreenRAM
                0x0000000020000090        0x4 ./Core/Src/DMD.o
                0x0000000020000090                bDMDScreenRAM
 .bss.Font      0x0000000020000094        0x4 ./Core/Src/DMD.o
                0x0000000020000094                Font
 .bss.hspi1     0x0000000020000098       0x58 ./Core/Src/main.o
                0x0000000020000098                hspi1
 .bss.htim2     0x00000000200000f0       0x48 ./Core/Src/main.o
                0x00000000200000f0                htim2
 .bss.__sbrk_heap_end
                0x0000000020000138        0x4 ./Core/Src/sysmem.o
 .bss.uwTick    0x000000002000013c        0x4 ./Drivers/STM32F4xx_HAL_Driver/Src/stm32f4xx_hal.o
                0x000000002000013c                uwTick
 .bss.__malloc_free_list
                0x0000000020000140        0x4 C:/ST/STM32CubeIDE_1.11.0/STM32CubeIDE/plugins/com.st.stm32cube.ide.mcu.externaltools.gnu-tools-for-stm32.11.3.rel1.win32_1.1.1.202309131626/tools/bin/../lib/gcc/arm-none-eabi/11.3.1/../../../../arm-none-eabi/lib/thumb/v7e-m+fp/hard\libc_nano.a(libc_a-mallocr.o)
                0x0000000020000140                __malloc_free_list
 .bss.__malloc_sbrk_start
                0x0000000020000144        0x4 C:/ST/STM32CubeIDE_1.11.0/STM32CubeIDE/plugins/com.st.stm32cube.ide.mcu.externaltools.gnu-tools-for-stm32.11.3.rel1.win32_1.1.1.202309131626/tools/bin/../lib/gcc/arm-none-eabi/11.3.1/../../../../arm-none-eabi/lib/thumb/v7e-m+fp/hard\libc_nano.a(libc_a-mallocr.o)
                0x0000000020000144                __malloc_sbrk_start
 .bss.__sf      0x0000000020000148      0x138 C:/ST/STM32CubeIDE_1.11.0/STM32CubeIDE/plugins/com.st.stm32cube.ide.mcu.externaltools.gnu-tools-for-stm32.11.3.rel1.win32_1.1.1.202309131626/tools/bin/../lib/gcc/arm-none-eabi/11.3.1/../../../../arm-none-eabi/lib/thumb/v7e-m+fp/hard\libc_nano.a(libc_a-findfp.o)
                0x0000000020000148                __sf
 .bss.errno     0x0000000020000280        0x4 C:/ST/STM32CubeIDE_1.11.0/STM32CubeIDE/plugins/com.st.stm32cube.ide.mcu.externaltools.gnu-tools-for-stm32.11.3.rel1.win32_1.1.1.202309131626/tools/bin/../lib/gcc/arm-none-eabi/11.3.1/../../../../arm-none-eabi/lib/thumb/v7e-m+fp/hard\libc_nano.a(libc_a-reent.o)
                0x0000000020000280                errno
 .bss.__lock___malloc_recursive_mutex
                0x0000000020000284        0x1 C:/ST/STM32CubeIDE_1.11.0/STM32CubeIDE/plugins/com.st.stm32cube.ide.mcu.externaltools.gnu-tools-for-stm32.11.3.rel1.win32_1.1.1.202309131626/tools/bin/../lib/gcc/arm-none-eabi/11.3.1/../../../../arm-none-eabi/lib/thumb/v7e-m+fp/hard\libc_nano.a(libc_a-lock.o)
                0x0000000020000284                __lock___malloc_recursive_mutex
 *(COMMON)
                0x0000000020000288                . = ALIGN (0x4)
 *fill*         0x0000000020000285        0x3 
                0x0000000020000288                _ebss = .
                0x0000000020000288                __bss_end__ = _ebss

._user_heap_stack
                0x0000000020000288      0x600
                0x0000000020000288                . = ALIGN (0x8)
                [!provide]                        PROVIDE (end = .)
                0x0000000020000288                PROVIDE (_end = .)
                0x0000000020000488                . = (. + _Min_Heap_Size)
 *fill*         0x0000000020000288      0x200 
                0x0000000020000888                . = (. + _Min_Stack_Size)
 *fill*         0x0000000020000488      0x400 
                0x0000000020000888                . = ALIGN (0x8)

/DISCARD/
 libc.a(*)
 libm.a(*)
 libgcc.a(*)

.ARM.attributes
                0x0000000000000000       0x30
 *(.ARM.attributes)
 .ARM.attributes
                0x0000000000000000       0x1e C:/ST/STM32CubeIDE_1.11.0/STM32CubeIDE/plugins/com.st.stm32cube.ide.mcu.externaltools.gnu-tools-for-stm32.11.3.rel1.win32_1.1.1.202309131626/tools/bin/../lib/gcc/arm-none-eabi/11.3.1/thumb/v7e-m+fp/hard/crti.o
 .ARM.attributes
                0x000000000000001e       0x34 C:/ST/STM32CubeIDE_1.11.0/STM32CubeIDE/plugins/com.st.stm32cube.ide.mcu.externaltools.gnu-tools-for-stm32.11.3.rel1.win32_1.1.1.202309131626/tools/bin/../lib/gcc/arm-none-eabi/11.3.1/thumb/v7e-m+fp/hard/crtbegin.o
 .ARM.attributes
                0x0000000000000052       0x34 ./Core/Src/DMD.o
 .ARM.attributes
                0x0000000000000086       0x34 ./Core/Src/main.o
 .ARM.attributes
                0x00000000000000ba       0x34 ./Core/Src/stm32f4xx_hal_msp.o
 .ARM.attributes
                0x00000000000000ee       0x34 ./Core/Src/stm32f4xx_it.o
 .ARM.attributes
                0x0000000000000122       0x34 ./Core/Src/sysmem.o
 .ARM.attributes
                0x0000000000000156       0x34 ./Core/Src/system_stm32f4xx.o
 .ARM.attributes
                0x000000000000018a       0x21 ./Core/Startup/startup_stm32f407vgtx.o
 .ARM.attributes
                0x00000000000001ab       0x34 ./Drivers/STM32F4xx_HAL_Driver/Src/stm32f4xx_hal.o
 .ARM.attributes
                0x00000000000001df       0x34 ./Drivers/STM32F4xx_HAL_Driver/Src/stm32f4xx_hal_cortex.o
 .ARM.attributes
                0x0000000000000213       0x34 ./Drivers/STM32F4xx_HAL_Driver/Src/stm32f4xx_hal_gpio.o
 .ARM.attributes
                0x0000000000000247       0x34 ./Drivers/STM32F4xx_HAL_Driver/Src/stm32f4xx_hal_rcc.o
 .ARM.attributes
                0x000000000000027b       0x34 ./Drivers/STM32F4xx_HAL_Driver/Src/stm32f4xx_hal_spi.o
 .ARM.attributes
                0x00000000000002af       0x34 ./Drivers/STM32F4xx_HAL_Driver/Src/stm32f4xx_hal_tim.o
 .ARM.attributes
                0x00000000000002e3       0x34 ./Drivers/STM32F4xx_HAL_Driver/Src/stm32f4xx_hal_tim_ex.o
 .ARM.attributes
                0x0000000000000317       0x34 C:/ST/STM32CubeIDE_1.11.0/STM32CubeIDE/plugins/com.st.stm32cube.ide.mcu.externaltools.gnu-tools-for-stm32.11.3.rel1.win32_1.1.1.202309131626/tools/bin/../lib/gcc/arm-none-eabi/11.3.1/../../../../arm-none-eabi/lib/thumb/v7e-m+fp/hard\libc_nano.a(libc_a-malloc.o)
 .ARM.attributes
                0x000000000000034b       0x34 C:/ST/STM32CubeIDE_1.11.0/STM32CubeIDE/plugins/com.st.stm32cube.ide.mcu.externaltools.gnu-tools-for-stm32.11.3.rel1.win32_1.1.1.202309131626/tools/bin/../lib/gcc/arm-none-eabi/11.3.1/../../../../arm-none-eabi/lib/thumb/v7e-m+fp/hard\libc_nano.a(libc_a-mallocr.o)
 .ARM.attributes
                0x000000000000037f       0x34 C:/ST/STM32CubeIDE_1.11.0/STM32CubeIDE/plugins/com.st.stm32cube.ide.mcu.externaltools.gnu-tools-for-stm32.11.3.rel1.win32_1.1.1.202309131626/tools/bin/../lib/gcc/arm-none-eabi/11.3.1/../../../../arm-none-eabi/lib/thumb/v7e-m+fp/hard\libc_nano.a(libc_a-mlock.o)
 .ARM.attributes
                0x00000000000003b3       0x34 C:/ST/STM32CubeIDE_1.11.0/STM32CubeIDE/plugins/com.st.stm32cube.ide.mcu.externaltools.gnu-tools-for-stm32.11.3.rel1.win32_1.1.1.202309131626/tools/bin/../lib/gcc/arm-none-eabi/11.3.1/../../../../arm-none-eabi/lib/thumb/v7e-m+fp/hard\libc_nano.a(libc_a-findfp.o)
 .ARM.attributes
                0x00000000000003e7       0x34 C:/ST/STM32CubeIDE_1.11.0/STM32CubeIDE/plugins/com.st.stm32cube.ide.mcu.externaltools.gnu-tools-for-stm32.11.3.rel1.win32_1.1.1.202309131626/tools/bin/../lib/gcc/arm-none-eabi/11.3.1/../../../../arm-none-eabi/lib/thumb/v7e-m+fp/hard\libc_nano.a(libc_a-memset.o)
 .ARM.attributes
                0x000000000000041b       0x34 C:/ST/STM32CubeIDE_1.11.0/STM32CubeIDE/plugins/com.st.stm32cube.ide.mcu.externaltools.gnu-tools-for-stm32.11.3.rel1.win32_1.1.1.202309131626/tools/bin/../lib/gcc/arm-none-eabi/11.3.1/../../../../arm-none-eabi/lib/thumb/v7e-m+fp/hard\libc_nano.a(libc_a-reent.o)
 .ARM.attributes
                0x000000000000044f       0x34 C:/ST/STM32CubeIDE_1.11.0/STM32CubeIDE/plugins/com.st.stm32cube.ide.mcu.externaltools.gnu-tools-for-stm32.11.3.rel1.win32_1.1.1.202309131626/tools/bin/../lib/gcc/arm-none-eabi/11.3.1/../../../../arm-none-eabi/lib/thumb/v7e-m+fp/hard\libc_nano.a(libc_a-impure.o)
 .ARM.attributes
                0x0000000000000483       0x34 C:/ST/STM32CubeIDE_1.11.0/STM32CubeIDE/plugins/com.st.stm32cube.ide.mcu.externaltools.gnu-tools-for-stm32.11.3.rel1.win32_1.1.1.202309131626/tools/bin/../lib/gcc/arm-none-eabi/11.3.1/../../../../arm-none-eabi/lib/thumb/v7e-m+fp/hard\libc_nano.a(libc_a-sbrkr.o)
 .ARM.attributes
                0x00000000000004b7       0x34 C:/ST/STM32CubeIDE_1.11.0/STM32CubeIDE/plugins/com.st.stm32cube.ide.mcu.externaltools.gnu-tools-for-stm32.11.3.rel1.win32_1.1.1.202309131626/tools/bin/../lib/gcc/arm-none-eabi/11.3.1/../../../../arm-none-eabi/lib/thumb/v7e-m+fp/hard\libc_nano.a(libc_a-errno.o)
 .ARM.attributes
                0x00000000000004eb       0x34 C:/ST/STM32CubeIDE_1.11.0/STM32CubeIDE/plugins/com.st.stm32cube.ide.mcu.externaltools.gnu-tools-for-stm32.11.3.rel1.win32_1.1.1.202309131626/tools/bin/../lib/gcc/arm-none-eabi/11.3.1/../../../../arm-none-eabi/lib/thumb/v7e-m+fp/hard\libc_nano.a(libc_a-init.o)
 .ARM.attributes
                0x000000000000051f       0x34 C:/ST/STM32CubeIDE_1.11.0/STM32CubeIDE/plugins/com.st.stm32cube.ide.mcu.externaltools.gnu-tools-for-stm32.11.3.rel1.win32_1.1.1.202309131626/tools/bin/../lib/gcc/arm-none-eabi/11.3.1/../../../../arm-none-eabi/lib/thumb/v7e-m+fp/hard\libc_nano.a(libc_a-lock.o)
 .ARM.attributes
                0x0000000000000553       0x1e C:/ST/STM32CubeIDE_1.11.0/STM32CubeIDE/plugins/com.st.stm32cube.ide.mcu.externaltools.gnu-tools-for-stm32.11.3.rel1.win32_1.1.1.202309131626/tools/bin/../lib/gcc/arm-none-eabi/11.3.1/thumb/v7e-m+fp/hard\libgcc.a(_aeabi_uldivmod.o)
 .ARM.attributes
                0x0000000000000571       0x34 C:/ST/STM32CubeIDE_1.11.0/STM32CubeIDE/plugins/com.st.stm32cube.ide.mcu.externaltools.gnu-tools-for-stm32.11.3.rel1.win32_1.1.1.202309131626/tools/bin/../lib/gcc/arm-none-eabi/11.3.1/thumb/v7e-m+fp/hard\libgcc.a(_udivmoddi4.o)
 .ARM.attributes
                0x00000000000005a5       0x1e C:/ST/STM32CubeIDE_1.11.0/STM32CubeIDE/plugins/com.st.stm32cube.ide.mcu.externaltools.gnu-tools-for-stm32.11.3.rel1.win32_1.1.1.202309131626/tools/bin/../lib/gcc/arm-none-eabi/11.3.1/thumb/v7e-m+fp/hard\libgcc.a(_dvmd_tls.o)
 .ARM.attributes
                0x00000000000005c3       0x1e C:/ST/STM32CubeIDE_1.11.0/STM32CubeIDE/plugins/com.st.stm32cube.ide.mcu.externaltools.gnu-tools-for-stm32.11.3.rel1.win32_1.1.1.202309131626/tools/bin/../lib/gcc/arm-none-eabi/11.3.1/thumb/v7e-m+fp/hard/crtn.o
OUTPUT(matrix.elf elf32-littlearm)
LOAD linker stubs
LOAD C:/ST/STM32CubeIDE_1.11.0/STM32CubeIDE/plugins/com.st.stm32cube.ide.mcu.externaltools.gnu-tools-for-stm32.11.3.rel1.win32_1.1.1.202309131626/tools/bin/../lib/gcc/arm-none-eabi/11.3.1/../../../../arm-none-eabi/lib/thumb/v7e-m+fp/hard\libc.a
LOAD C:/ST/STM32CubeIDE_1.11.0/STM32CubeIDE/plugins/com.st.stm32cube.ide.mcu.externaltools.gnu-tools-for-stm32.11.3.rel1.win32_1.1.1.202309131626/tools/bin/../lib/gcc/arm-none-eabi/11.3.1/../../../../arm-none-eabi/lib/thumb/v7e-m+fp/hard\libm.a
LOAD C:/ST/STM32CubeIDE_1.11.0/STM32CubeIDE/plugins/com.st.stm32cube.ide.mcu.externaltools.gnu-tools-for-stm32.11.3.rel1.win32_1.1.1.202309131626/tools/bin/../lib/gcc/arm-none-eabi/11.3.1/thumb/v7e-m+fp/hard\libgcc.a

.comment        0x0000000000000000       0x43
 .comment       0x0000000000000000       0x43 C:/ST/STM32CubeIDE_1.11.0/STM32CubeIDE/plugins/com.st.stm32cube.ide.mcu.externaltools.gnu-tools-for-stm32.11.3.rel1.win32_1.1.1.202309131626/tools/bin/../lib/gcc/arm-none-eabi/11.3.1/thumb/v7e-m+fp/hard/crtbegin.o
                                         0x44 (size before relaxing)
 .comment       0x0000000000000043       0x44 ./Core/Src/DMD.o
 .comment       0x0000000000000043       0x44 ./Core/Src/main.o
 .comment       0x0000000000000043       0x44 ./Core/Src/stm32f4xx_hal_msp.o
 .comment       0x0000000000000043       0x44 ./Core/Src/stm32f4xx_it.o
 .comment       0x0000000000000043       0x44 ./Core/Src/sysmem.o
 .comment       0x0000000000000043       0x44 ./Core/Src/system_stm32f4xx.o
 .comment       0x0000000000000043       0x44 ./Drivers/STM32F4xx_HAL_Driver/Src/stm32f4xx_hal.o
 .comment       0x0000000000000043       0x44 ./Drivers/STM32F4xx_HAL_Driver/Src/stm32f4xx_hal_cortex.o
 .comment       0x0000000000000043       0x44 ./Drivers/STM32F4xx_HAL_Driver/Src/stm32f4xx_hal_gpio.o
 .comment       0x0000000000000043       0x44 ./Drivers/STM32F4xx_HAL_Driver/Src/stm32f4xx_hal_rcc.o
 .comment       0x0000000000000043       0x44 ./Drivers/STM32F4xx_HAL_Driver/Src/stm32f4xx_hal_spi.o
 .comment       0x0000000000000043       0x44 ./Drivers/STM32F4xx_HAL_Driver/Src/stm32f4xx_hal_tim.o
 .comment       0x0000000000000043       0x44 ./Drivers/STM32F4xx_HAL_Driver/Src/stm32f4xx_hal_tim_ex.o

.debug_info     0x0000000000000000     0xb933
 .debug_info    0x0000000000000000      0xfdf ./Core/Src/DMD.o
 .debug_info    0x0000000000000fdf     0x127f ./Core/Src/main.o
 .debug_info    0x000000000000225e      0xf64 ./Core/Src/stm32f4xx_hal_msp.o
 .debug_info    0x00000000000031c2      0x6e1 ./Core/Src/stm32f4xx_it.o
 .debug_info    0x00000000000038a3      0x168 ./Core/Src/sysmem.o
 .debug_info    0x0000000000003a0b      0x512 ./Core/Src/system_stm32f4xx.o
 .debug_info    0x0000000000003f1d       0x23 ./Core/Startup/startup_stm32f407vgtx.o
 .debug_info    0x0000000000003f40      0x948 ./Drivers/STM32F4xx_HAL_Driver/Src/stm32f4xx_hal.o
 .debug_info    0x0000000000004888      0xd46 ./Drivers/STM32F4xx_HAL_Driver/Src/stm32f4xx_hal_cortex.o
 .debug_info    0x00000000000055ce      0x6c3 ./Drivers/STM32F4xx_HAL_Driver/Src/stm32f4xx_hal_gpio.o
 .debug_info    0x0000000000005c91      0x8b1 ./Drivers/STM32F4xx_HAL_Driver/Src/stm32f4xx_hal_rcc.o
 .debug_info    0x0000000000006542     0x15fb ./Drivers/STM32F4xx_HAL_Driver/Src/stm32f4xx_hal_spi.o
 .debug_info    0x0000000000007b3d     0x2948 ./Drivers/STM32F4xx_HAL_Driver/Src/stm32f4xx_hal_tim.o
 .debug_info    0x000000000000a485     0x14ae ./Drivers/STM32F4xx_HAL_Driver/Src/stm32f4xx_hal_tim_ex.o

.debug_abbrev   0x0000000000000000     0x1cc3
 .debug_abbrev  0x0000000000000000      0x336 ./Core/Src/DMD.o
 .debug_abbrev  0x0000000000000336      0x306 ./Core/Src/main.o
 .debug_abbrev  0x000000000000063c      0x1d8 ./Core/Src/stm32f4xx_hal_msp.o
 .debug_abbrev  0x0000000000000814      0x192 ./Core/Src/stm32f4xx_it.o
 .debug_abbrev  0x00000000000009a6       0xbc ./Core/Src/sysmem.o
 .debug_abbrev  0x0000000000000a62      0x11a ./Core/Src/system_stm32f4xx.o
 .debug_abbrev  0x0000000000000b7c       0x12 ./Core/Startup/startup_stm32f407vgtx.o
 .debug_abbrev  0x0000000000000b8e      0x213 ./Drivers/STM32F4xx_HAL_Driver/Src/stm32f4xx_hal.o
 .debug_abbrev  0x0000000000000da1      0x327 ./Drivers/STM32F4xx_HAL_Driver/Src/stm32f4xx_hal_cortex.o
 .debug_abbrev  0x00000000000010c8      0x1d4 ./Drivers/STM32F4xx_HAL_Driver/Src/stm32f4xx_hal_gpio.o
 .debug_abbrev  0x000000000000129c      0x2b6 ./Drivers/STM32F4xx_HAL_Driver/Src/stm32f4xx_hal_rcc.o
 .debug_abbrev  0x0000000000001552      0x284 ./Drivers/STM32F4xx_HAL_Driver/Src/stm32f4xx_hal_spi.o
 .debug_abbrev  0x00000000000017d6      0x271 ./Drivers/STM32F4xx_HAL_Driver/Src/stm32f4xx_hal_tim.o
 .debug_abbrev  0x0000000000001a47      0x27c ./Drivers/STM32F4xx_HAL_Driver/Src/stm32f4xx_hal_tim_ex.o

.debug_aranges  0x0000000000000000      0xbe0
 .debug_aranges
                0x0000000000000000       0x88 ./Core/Src/DMD.o
 .debug_aranges
                0x0000000000000088       0x50 ./Core/Src/main.o
 .debug_aranges
                0x00000000000000d8       0x40 ./Core/Src/stm32f4xx_hal_msp.o
 .debug_aranges
                0x0000000000000118       0x68 ./Core/Src/stm32f4xx_it.o
 .debug_aranges
                0x0000000000000180       0x20 ./Core/Src/sysmem.o
 .debug_aranges
                0x00000000000001a0       0x28 ./Core/Src/system_stm32f4xx.o
 .debug_aranges
                0x00000000000001c8       0x28 ./Core/Startup/startup_stm32f407vgtx.o
 .debug_aranges
                0x00000000000001f0       0xf0 ./Drivers/STM32F4xx_HAL_Driver/Src/stm32f4xx_hal.o
 .debug_aranges
                0x00000000000002e0      0x118 ./Drivers/STM32F4xx_HAL_Driver/Src/stm32f4xx_hal_cortex.o
 .debug_aranges
                0x00000000000003f8       0x58 ./Drivers/STM32F4xx_HAL_Driver/Src/stm32f4xx_hal_gpio.o
 .debug_aranges
                0x0000000000000450       0x88 ./Drivers/STM32F4xx_HAL_Driver/Src/stm32f4xx_hal_rcc.o
 .debug_aranges
                0x00000000000004d8      0x1d0 ./Drivers/STM32F4xx_HAL_Driver/Src/stm32f4xx_hal_spi.o
 .debug_aranges
                0x00000000000006a8      0x3d0 ./Drivers/STM32F4xx_HAL_Driver/Src/stm32f4xx_hal_tim.o
 .debug_aranges
                0x0000000000000a78      0x168 ./Drivers/STM32F4xx_HAL_Driver/Src/stm32f4xx_hal_tim_ex.o

.debug_rnglists
                0x0000000000000000      0x94c
 .debug_rnglists
                0x0000000000000000       0x87 ./Core/Src/DMD.o
 .debug_rnglists
                0x0000000000000087       0x3a ./Core/Src/main.o
 .debug_rnglists
                0x00000000000000c1       0x2c ./Core/Src/stm32f4xx_hal_msp.o
 .debug_rnglists
                0x00000000000000ed       0x49 ./Core/Src/stm32f4xx_it.o
 .debug_rnglists
                0x0000000000000136       0x13 ./Core/Src/sysmem.o
 .debug_rnglists
                0x0000000000000149       0x1a ./Core/Src/system_stm32f4xx.o
 .debug_rnglists
                0x0000000000000163       0x19 ./Core/Startup/startup_stm32f407vgtx.o
 .debug_rnglists
                0x000000000000017c       0xaf ./Drivers/STM32F4xx_HAL_Driver/Src/stm32f4xx_hal.o
 .debug_rnglists
                0x000000000000022b       0xce ./Drivers/STM32F4xx_HAL_Driver/Src/stm32f4xx_hal_cortex.o
 .debug_rnglists
                0x00000000000002f9       0x3f ./Drivers/STM32F4xx_HAL_Driver/Src/stm32f4xx_hal_gpio.o
 .debug_rnglists
                0x0000000000000338       0x66 ./Drivers/STM32F4xx_HAL_Driver/Src/stm32f4xx_hal_rcc.o
 .debug_rnglists
                0x000000000000039e      0x16f ./Drivers/STM32F4xx_HAL_Driver/Src/stm32f4xx_hal_spi.o
 .debug_rnglists
                0x000000000000050d      0x31a ./Drivers/STM32F4xx_HAL_Driver/Src/stm32f4xx_hal_tim.o
 .debug_rnglists
                0x0000000000000827      0x125 ./Drivers/STM32F4xx_HAL_Driver/Src/stm32f4xx_hal_tim_ex.o

.debug_macro    0x0000000000000000    0x21a36
 .debug_macro   0x0000000000000000      0x2e5 ./Core/Src/DMD.o
 .debug_macro   0x00000000000002e5      0xaa8 ./Core/Src/DMD.o
 .debug_macro   0x0000000000000d8d       0x2a ./Core/Src/DMD.o
 .debug_macro   0x0000000000000db7       0x22 ./Core/Src/DMD.o
 .debug_macro   0x0000000000000dd9       0x5b ./Core/Src/DMD.o
 .debug_macro   0x0000000000000e34       0x94 ./Core/Src/DMD.o
 .debug_macro   0x0000000000000ec8       0x43 ./Core/Src/DMD.o
 .debug_macro   0x0000000000000f0b       0x34 ./Core/Src/DMD.o
 .debug_macro   0x0000000000000f3f       0x16 ./Core/Src/DMD.o
 .debug_macro   0x0000000000000f55      0x10e ./Core/Src/DMD.o
 .debug_macro   0x0000000000001063       0x8d ./Core/Src/DMD.o
 .debug_macro   0x00000000000010f0       0x16 ./Core/Src/DMD.o
 .debug_macro   0x0000000000001106       0x43 ./Core/Src/DMD.o
 .debug_macro   0x0000000000001149       0x57 ./Core/Src/DMD.o
 .debug_macro   0x00000000000011a0       0x34 ./Core/Src/DMD.o
 .debug_macro   0x00000000000011d4       0x10 ./Core/Src/DMD.o
 .debug_macro   0x00000000000011e4       0x58 ./Core/Src/DMD.o
 .debug_macro   0x000000000000123c       0x8e ./Core/Src/DMD.o
 .debug_macro   0x00000000000012ca       0x1c ./Core/Src/DMD.o
 .debug_macro   0x00000000000012e6      0x177 ./Core/Src/DMD.o
 .debug_macro   0x000000000000145d      0x369 ./Core/Src/DMD.o
 .debug_macro   0x00000000000017c6       0x16 ./Core/Src/DMD.o
 .debug_macro   0x00000000000017dc       0x29 ./Core/Src/DMD.o
 .debug_macro   0x0000000000001805      0x29b ./Core/Src/DMD.o
 .debug_macro   0x0000000000001aa0       0x2e ./Core/Src/DMD.o
 .debug_macro   0x0000000000001ace       0x2f ./Core/Src/DMD.o
 .debug_macro   0x0000000000001afd      0x103 ./Core/Src/DMD.o
 .debug_macro   0x0000000000001c00       0x6a ./Core/Src/DMD.o
 .debug_macro   0x0000000000001c6a      0x1df ./Core/Src/DMD.o
 .debug_macro   0x0000000000001e49       0x1c ./Core/Src/DMD.o
 .debug_macro   0x0000000000001e65       0x22 ./Core/Src/DMD.o
 .debug_macro   0x0000000000001e87       0xd9 ./Core/Src/DMD.o
 .debug_macro   0x0000000000001f60     0x102d ./Core/Src/DMD.o
 .debug_macro   0x0000000000002f8d      0x11f ./Core/Src/DMD.o
 .debug_macro   0x00000000000030ac    0x15e82 ./Core/Src/DMD.o
 .debug_macro   0x0000000000018f2e       0x6d ./Core/Src/DMD.o
 .debug_macro   0x0000000000018f9b     0x367e ./Core/Src/DMD.o
 .debug_macro   0x000000000001c619       0x56 ./Core/Src/DMD.o
 .debug_macro   0x000000000001c66f      0x96b ./Core/Src/DMD.o
 .debug_macro   0x000000000001cfda      0x9fe ./Core/Src/DMD.o
 .debug_macro   0x000000000001d9d8      0x115 ./Core/Src/DMD.o
 .debug_macro   0x000000000001daed      0x13e ./Core/Src/DMD.o
 .debug_macro   0x000000000001dc2b       0xa5 ./Core/Src/DMD.o
 .debug_macro   0x000000000001dcd0      0x174 ./Core/Src/DMD.o
 .debug_macro   0x000000000001de44      0x287 ./Core/Src/DMD.o
 .debug_macro   0x000000000001e0cb       0x5f ./Core/Src/DMD.o
 .debug_macro   0x000000000001e12a      0x236 ./Core/Src/DMD.o
 .debug_macro   0x000000000001e360      0x12c ./Core/Src/DMD.o
 .debug_macro   0x000000000001e48c      0x21e ./Core/Src/DMD.o
 .debug_macro   0x000000000001e6aa       0x2e ./Core/Src/DMD.o
 .debug_macro   0x000000000001e6d8      0x11a ./Core/Src/DMD.o
 .debug_macro   0x000000000001e7f2       0x7e ./Core/Src/DMD.o
 .debug_macro   0x000000000001e870       0x89 ./Core/Src/DMD.o
 .debug_macro   0x000000000001e8f9      0x225 ./Core/Src/DMD.o
 .debug_macro   0x000000000001eb1e      0x8e6 ./Core/Src/DMD.o
 .debug_macro   0x000000000001f404       0x47 ./Core/Src/DMD.o
 .debug_macro   0x000000000001f44b      0x12d ./Core/Src/DMD.o
 .debug_macro   0x000000000001f578       0x40 ./Core/Src/DMD.o
 .debug_macro   0x000000000001f5b8       0x22 ./Core/Src/DMD.o
 .debug_macro   0x000000000001f5da       0xa6 ./Core/Src/DMD.o
 .debug_macro   0x000000000001f680       0x16 ./Core/Src/DMD.o
 .debug_macro   0x000000000001f696       0x35 ./Core/Src/DMD.o
 .debug_macro   0x000000000001f6cb       0x20 ./Core/Src/DMD.o
 .debug_macro   0x000000000001f6eb      0x37b ./Core/Src/main.o
 .debug_macro   0x000000000001fa66       0x8e ./Core/Src/main.o
 .debug_macro   0x000000000001faf4       0x51 ./Core/Src/main.o
 .debug_macro   0x000000000001fb45      0x174 ./Core/Src/main.o
 .debug_macro   0x000000000001fcb9       0x5c ./Core/Src/main.o
 .debug_macro   0x000000000001fd15       0x61 ./Core/Src/main.o
 .debug_macro   0x000000000001fd76       0x10 ./Core/Src/main.o
 .debug_macro   0x000000000001fd86       0x1c ./Core/Src/main.o
 .debug_macro   0x000000000001fda2       0x10 ./Core/Src/main.o
 .debug_macro   0x000000000001fdb2       0x1c ./Core/Src/main.o
 .debug_macro   0x000000000001fdce       0x16 ./Core/Src/main.o
 .debug_macro   0x000000000001fde4      0x147 ./Core/Src/main.o
 .debug_macro   0x000000000001ff2b       0x10 ./Core/Src/main.o
 .debug_macro   0x000000000001ff3b      0x460 ./Core/Src/main.o
 .debug_macro   0x000000000002039b       0x1c ./Core/Src/main.o
 .debug_macro   0x00000000000203b7       0x22 ./Core/Src/main.o
 .debug_macro   0x00000000000203d9       0x1c ./Core/Src/main.o
 .debug_macro   0x00000000000203f5       0x1c ./Core/Src/main.o
 .debug_macro   0x0000000000020411       0x1c ./Core/Src/main.o
 .debug_macro   0x000000000002042d      0x1dd ./Core/Src/stm32f4xx_hal_msp.o
 .debug_macro   0x000000000002060a      0x1e7 ./Core/Src/stm32f4xx_it.o
 .debug_macro   0x00000000000207f1       0xff ./Core/Src/sysmem.o
 .debug_macro   0x00000000000208f0      0x23c ./Core/Src/sysmem.o
 .debug_macro   0x0000000000020b2c      0x1ce ./Core/Src/system_stm32f4xx.o
 .debug_macro   0x0000000000020cfa      0x22e ./Drivers/STM32F4xx_HAL_Driver/Src/stm32f4xx_hal.o
 .debug_macro   0x0000000000020f28      0x1ce ./Drivers/STM32F4xx_HAL_Driver/Src/stm32f4xx_hal_cortex.o
 .debug_macro   0x00000000000210f6      0x1d4 ./Drivers/STM32F4xx_HAL_Driver/Src/stm32f4xx_hal_gpio.o
 .debug_macro   0x00000000000212ca      0x1f2 ./Drivers/STM32F4xx_HAL_Driver/Src/stm32f4xx_hal_rcc.o
 .debug_macro   0x00000000000214bc      0x1dd ./Drivers/STM32F4xx_HAL_Driver/Src/stm32f4xx_hal_spi.o
 .debug_macro   0x0000000000021699      0x1cf ./Drivers/STM32F4xx_HAL_Driver/Src/stm32f4xx_hal_tim.o
 .debug_macro   0x0000000000021868      0x1ce ./Drivers/STM32F4xx_HAL_Driver/Src/stm32f4xx_hal_tim_ex.o

.debug_line     0x0000000000000000     0xd811
 .debug_line    0x0000000000000000     0x113e ./Core/Src/DMD.o
 .debug_line    0x000000000000113e      0xad9 ./Core/Src/main.o
 .debug_line    0x0000000000001c17      0x7cf ./Core/Src/stm32f4xx_hal_msp.o
 .debug_line    0x00000000000023e6      0x820 ./Core/Src/stm32f4xx_it.o
 .debug_line    0x0000000000002c06      0x579 ./Core/Src/sysmem.o
 .debug_line    0x000000000000317f      0x7c7 ./Core/Src/system_stm32f4xx.o
 .debug_line    0x0000000000003946       0x7a ./Core/Startup/startup_stm32f407vgtx.o
 .debug_line    0x00000000000039c0      0xa2d ./Drivers/STM32F4xx_HAL_Driver/Src/stm32f4xx_hal.o
 .debug_line    0x00000000000043ed      0xcdc ./Drivers/STM32F4xx_HAL_Driver/Src/stm32f4xx_hal_cortex.o
 .debug_line    0x00000000000050c9      0xba1 ./Drivers/STM32F4xx_HAL_Driver/Src/stm32f4xx_hal_gpio.o
 .debug_line    0x0000000000005c6a      0xda6 ./Drivers/STM32F4xx_HAL_Driver/Src/stm32f4xx_hal_rcc.o
 .debug_line    0x0000000000006a10     0x1cbe ./Drivers/STM32F4xx_HAL_Driver/Src/stm32f4xx_hal_spi.o
 .debug_line    0x00000000000086ce     0x3719 ./Drivers/STM32F4xx_HAL_Driver/Src/stm32f4xx_hal_tim.o
 .debug_line    0x000000000000bde7     0x1a2a ./Drivers/STM32F4xx_HAL_Driver/Src/stm32f4xx_hal_tim_ex.o

.debug_str      0x0000000000000000    0xcbd15
 .debug_str     0x0000000000000000    0xc6bbc ./Core/Src/DMD.o
                                      0xc6ec0 (size before relaxing)
 .debug_str     0x00000000000c6bbc     0x2078 ./Core/Src/main.o
                                      0xc8d9b (size before relaxing)
 .debug_str     0x00000000000c8c34      0x5cd ./Core/Src/stm32f4xx_hal_msp.o
                                      0xc3e32 (size before relaxing)
 .debug_str     0x00000000000c9201       0xec ./Core/Src/stm32f4xx_it.o
                                      0xc35bf (size before relaxing)
 .debug_str     0x00000000000c92ed      0x4dc ./Core/Src/sysmem.o
                                       0x6084 (size before relaxing)
 .debug_str     0x00000000000c97c9       0xdb ./Core/Src/system_stm32f4xx.o
                                      0xc30aa (size before relaxing)
 .debug_str     0x00000000000c98a4       0x34 ./Core/Startup/startup_stm32f407vgtx.o
                                         0x96 (size before relaxing)
 .debug_str     0x00000000000c98d8      0x5f0 ./Drivers/STM32F4xx_HAL_Driver/Src/stm32f4xx_hal.o
                                      0xc3c2e (size before relaxing)
 .debug_str     0x00000000000c9ec8      0x32d ./Drivers/STM32F4xx_HAL_Driver/Src/stm32f4xx_hal_cortex.o
                                      0xc3961 (size before relaxing)
 .debug_str     0x00000000000ca1f5      0x110 ./Drivers/STM32F4xx_HAL_Driver/Src/stm32f4xx_hal_gpio.o
                                      0xc3225 (size before relaxing)
 .debug_str     0x00000000000ca305      0x233 ./Drivers/STM32F4xx_HAL_Driver/Src/stm32f4xx_hal_rcc.o
                                      0xc34de (size before relaxing)
 .debug_str     0x00000000000ca538      0x58c ./Drivers/STM32F4xx_HAL_Driver/Src/stm32f4xx_hal_spi.o
                                      0xc396e (size before relaxing)
 .debug_str     0x00000000000caac4      0xdbe ./Drivers/STM32F4xx_HAL_Driver/Src/stm32f4xx_hal_tim.o
                                      0xc4424 (size before relaxing)
 .debug_str     0x00000000000cb882      0x493 ./Drivers/STM32F4xx_HAL_Driver/Src/stm32f4xx_hal_tim_ex.o
                                      0xc3c40 (size before relaxing)

.debug_frame    0x0000000000000000     0x34c4
 .debug_frame   0x0000000000000000      0x224 ./Core/Src/DMD.o
 .debug_frame   0x0000000000000224       0xf0 ./Core/Src/main.o
 .debug_frame   0x0000000000000314       0xc4 ./Core/Src/stm32f4xx_hal_msp.o
 .debug_frame   0x00000000000003d8      0x120 ./Core/Src/stm32f4xx_it.o
 .debug_frame   0x00000000000004f8       0x34 ./Core/Src/sysmem.o
 .debug_frame   0x000000000000052c       0x58 ./Core/Src/system_stm32f4xx.o
 .debug_frame   0x0000000000000584      0x374 ./Drivers/STM32F4xx_HAL_Driver/Src/stm32f4xx_hal.o
 .debug_frame   0x00000000000008f8      0x498 ./Drivers/STM32F4xx_HAL_Driver/Src/stm32f4xx_hal_cortex.o
 .debug_frame   0x0000000000000d90      0x14c ./Drivers/STM32F4xx_HAL_Driver/Src/stm32f4xx_hal_gpio.o
 .debug_frame   0x0000000000000edc      0x1f4 ./Drivers/STM32F4xx_HAL_Driver/Src/stm32f4xx_hal_rcc.o
 .debug_frame   0x00000000000010d0      0x824 ./Drivers/STM32F4xx_HAL_Driver/Src/stm32f4xx_hal_spi.o
 .debug_frame   0x00000000000018f4     0x11c4 ./Drivers/STM32F4xx_HAL_Driver/Src/stm32f4xx_hal_tim.o
 .debug_frame   0x0000000000002ab8      0x638 ./Drivers/STM32F4xx_HAL_Driver/Src/stm32f4xx_hal_tim_ex.o
 .debug_frame   0x00000000000030f0       0x30 C:/ST/STM32CubeIDE_1.11.0/STM32CubeIDE/plugins/com.st.stm32cube.ide.mcu.externaltools.gnu-tools-for-stm32.11.3.rel1.win32_1.1.1.202309131626/tools/bin/../lib/gcc/arm-none-eabi/11.3.1/../../../../arm-none-eabi/lib/thumb/v7e-m+fp/hard\libc_nano.a(libc_a-malloc.o)
 .debug_frame   0x0000000000003120       0x50 C:/ST/STM32CubeIDE_1.11.0/STM32CubeIDE/plugins/com.st.stm32cube.ide.mcu.externaltools.gnu-tools-for-stm32.11.3.rel1.win32_1.1.1.202309131626/tools/bin/../lib/gcc/arm-none-eabi/11.3.1/../../../../arm-none-eabi/lib/thumb/v7e-m+fp/hard\libc_nano.a(libc_a-mallocr.o)
 .debug_frame   0x0000000000003170       0x30 C:/ST/STM32CubeIDE_1.11.0/STM32CubeIDE/plugins/com.st.stm32cube.ide.mcu.externaltools.gnu-tools-for-stm32.11.3.rel1.win32_1.1.1.202309131626/tools/bin/../lib/gcc/arm-none-eabi/11.3.1/../../../../arm-none-eabi/lib/thumb/v7e-m+fp/hard\libc_nano.a(libc_a-mlock.o)
 .debug_frame   0x00000000000031a0      0x144 C:/ST/STM32CubeIDE_1.11.0/STM32CubeIDE/plugins/com.st.stm32cube.ide.mcu.externaltools.gnu-tools-for-stm32.11.3.rel1.win32_1.1.1.202309131626/tools/bin/../lib/gcc/arm-none-eabi/11.3.1/../../../../arm-none-eabi/lib/thumb/v7e-m+fp/hard\libc_nano.a(libc_a-findfp.o)
 .debug_frame   0x00000000000032e4       0x20 C:/ST/STM32CubeIDE_1.11.0/STM32CubeIDE/plugins/com.st.stm32cube.ide.mcu.externaltools.gnu-tools-for-stm32.11.3.rel1.win32_1.1.1.202309131626/tools/bin/../lib/gcc/arm-none-eabi/11.3.1/../../../../arm-none-eabi/lib/thumb/v7e-m+fp/hard\libc_nano.a(libc_a-memset.o)
 .debug_frame   0x0000000000003304       0x38 C:/ST/STM32CubeIDE_1.11.0/STM32CubeIDE/plugins/com.st.stm32cube.ide.mcu.externaltools.gnu-tools-for-stm32.11.3.rel1.win32_1.1.1.202309131626/tools/bin/../lib/gcc/arm-none-eabi/11.3.1/../../../../arm-none-eabi/lib/thumb/v7e-m+fp/hard\libc_nano.a(libc_a-reent.o)
 .debug_frame   0x000000000000333c       0x2c C:/ST/STM32CubeIDE_1.11.0/STM32CubeIDE/plugins/com.st.stm32cube.ide.mcu.externaltools.gnu-tools-for-stm32.11.3.rel1.win32_1.1.1.202309131626/tools/bin/../lib/gcc/arm-none-eabi/11.3.1/../../../../arm-none-eabi/lib/thumb/v7e-m+fp/hard\libc_nano.a(libc_a-sbrkr.o)
 .debug_frame   0x0000000000003368       0x20 C:/ST/STM32CubeIDE_1.11.0/STM32CubeIDE/plugins/com.st.stm32cube.ide.mcu.externaltools.gnu-tools-for-stm32.11.3.rel1.win32_1.1.1.202309131626/tools/bin/../lib/gcc/arm-none-eabi/11.3.1/../../../../arm-none-eabi/lib/thumb/v7e-m+fp/hard\libc_nano.a(libc_a-errno.o)
 .debug_frame   0x0000000000003388       0x2c C:/ST/STM32CubeIDE_1.11.0/STM32CubeIDE/plugins/com.st.stm32cube.ide.mcu.externaltools.gnu-tools-for-stm32.11.3.rel1.win32_1.1.1.202309131626/tools/bin/../lib/gcc/arm-none-eabi/11.3.1/../../../../arm-none-eabi/lib/thumb/v7e-m+fp/hard\libc_nano.a(libc_a-init.o)
 .debug_frame   0x00000000000033b4       0xb0 C:/ST/STM32CubeIDE_1.11.0/STM32CubeIDE/plugins/com.st.stm32cube.ide.mcu.externaltools.gnu-tools-for-stm32.11.3.rel1.win32_1.1.1.202309131626/tools/bin/../lib/gcc/arm-none-eabi/11.3.1/../../../../arm-none-eabi/lib/thumb/v7e-m+fp/hard\libc_nano.a(libc_a-lock.o)
 .debug_frame   0x0000000000003464       0x2c C:/ST/STM32CubeIDE_1.11.0/STM32CubeIDE/plugins/com.st.stm32cube.ide.mcu.externaltools.gnu-tools-for-stm32.11.3.rel1.win32_1.1.1.202309131626/tools/bin/../lib/gcc/arm-none-eabi/11.3.1/thumb/v7e-m+fp/hard\libgcc.a(_aeabi_uldivmod.o)
 .debug_frame   0x0000000000003490       0x34 C:/ST/STM32CubeIDE_1.11.0/STM32CubeIDE/plugins/com.st.stm32cube.ide.mcu.externaltools.gnu-tools-for-stm32.11.3.rel1.win32_1.1.1.202309131626/tools/bin/../lib/gcc/arm-none-eabi/11.3.1/thumb/v7e-m+fp/hard\libgcc.a(_udivmoddi4.o)

.debug_line_str
                0x0000000000000000       0x8a
 .debug_line_str
                0x0000000000000000       0x8a ./Core/Startup/startup_stm32f407vgtx.o
                                         0xa2 (size before relaxing)
