Archive member included to satisfy reference by file (symbol)

C:/Users/Radiogeet_1/STM32CubeIDE_1.13.0/STM32CubeIDE/plugins/com.st.stm32cube.ide.mcu.externaltools.gnu-tools-for-stm32.11.3.rel1.win32_1.1.0.202305231506/tools/bin/../lib/gcc/arm-none-eabi/11.3.1/../../../../arm-none-eabi/lib/thumb/v7e-m+fp/hard\libc_nano.a(libc_a-exit.o)
                              C:/Users/Radiogeet_1/STM32CubeIDE_1.13.0/STM32CubeIDE/plugins/com.st.stm32cube.ide.mcu.externaltools.gnu-tools-for-stm32.11.3.rel1.win32_1.1.0.202305231506/tools/bin/../lib/gcc/arm-none-eabi/11.3.1/../../../../arm-none-eabi/lib/thumb/v7e-m+fp/hard/crt0.o (exit)
C:/Users/Radiogeet_1/STM32CubeIDE_1.13.0/STM32CubeIDE/plugins/com.st.stm32cube.ide.mcu.externaltools.gnu-tools-for-stm32.11.3.rel1.win32_1.1.0.202305231506/tools/bin/../lib/gcc/arm-none-eabi/11.3.1/../../../../arm-none-eabi/lib/thumb/v7e-m+fp/hard\libc_nano.a(libc_a-findfp.o)
                              C:/Users/Radiogeet_1/STM32CubeIDE_1.13.0/STM32CubeIDE/plugins/com.st.stm32cube.ide.mcu.externaltools.gnu-tools-for-stm32.11.3.rel1.win32_1.1.0.202305231506/tools/bin/../lib/gcc/arm-none-eabi/11.3.1/../../../../arm-none-eabi/lib/thumb/v7e-m+fp/hard\libc_nano.a(libc_a-exit.o) (__stdio_exit_handler)
C:/Users/Radiogeet_1/STM32CubeIDE_1.13.0/STM32CubeIDE/plugins/com.st.stm32cube.ide.mcu.externaltools.gnu-tools-for-stm32.11.3.rel1.win32_1.1.0.202305231506/tools/bin/../lib/gcc/arm-none-eabi/11.3.1/../../../../arm-none-eabi/lib/thumb/v7e-m+fp/hard\libc_nano.a(libc_a-fwalk.o)
                              C:/Users/Radiogeet_1/STM32CubeIDE_1.13.0/STM32CubeIDE/plugins/com.st.stm32cube.ide.mcu.externaltools.gnu-tools-for-stm32.11.3.rel1.win32_1.1.0.202305231506/tools/bin/../lib/gcc/arm-none-eabi/11.3.1/../../../../arm-none-eabi/lib/thumb/v7e-m+fp/hard\libc_nano.a(libc_a-findfp.o) (_fwalk_sglue)
C:/Users/Radiogeet_1/STM32CubeIDE_1.13.0/STM32CubeIDE/plugins/com.st.stm32cube.ide.mcu.externaltools.gnu-tools-for-stm32.11.3.rel1.win32_1.1.0.202305231506/tools/bin/../lib/gcc/arm-none-eabi/11.3.1/../../../../arm-none-eabi/lib/thumb/v7e-m+fp/hard\libc_nano.a(libc_a-stdio.o)
                              C:/Users/Radiogeet_1/STM32CubeIDE_1.13.0/STM32CubeIDE/plugins/com.st.stm32cube.ide.mcu.externaltools.gnu-tools-for-stm32.11.3.rel1.win32_1.1.0.202305231506/tools/bin/../lib/gcc/arm-none-eabi/11.3.1/../../../../arm-none-eabi/lib/thumb/v7e-m+fp/hard\libc_nano.a(libc_a-findfp.o) (__sread)
C:/Users/Radiogeet_1/STM32CubeIDE_1.13.0/STM32CubeIDE/plugins/com.st.stm32cube.ide.mcu.externaltools.gnu-tools-for-stm32.11.3.rel1.win32_1.1.0.202305231506/tools/bin/../lib/gcc/arm-none-eabi/11.3.1/../../../../arm-none-eabi/lib/thumb/v7e-m+fp/hard\libc_nano.a(libc_a-memset.o)
                              C:/Users/Radiogeet_1/STM32CubeIDE_1.13.0/STM32CubeIDE/plugins/com.st.stm32cube.ide.mcu.externaltools.gnu-tools-for-stm32.11.3.rel1.win32_1.1.0.202305231506/tools/bin/../lib/gcc/arm-none-eabi/11.3.1/../../../../arm-none-eabi/lib/thumb/v7e-m+fp/hard/crt0.o (memset)
C:/Users/Radiogeet_1/STM32CubeIDE_1.13.0/STM32CubeIDE/plugins/com.st.stm32cube.ide.mcu.externaltools.gnu-tools-for-stm32.11.3.rel1.win32_1.1.0.202305231506/tools/bin/../lib/gcc/arm-none-eabi/11.3.1/../../../../arm-none-eabi/lib/thumb/v7e-m+fp/hard\libc_nano.a(libc_a-closer.o)
                              C:/Users/Radiogeet_1/STM32CubeIDE_1.13.0/STM32CubeIDE/plugins/com.st.stm32cube.ide.mcu.externaltools.gnu-tools-for-stm32.11.3.rel1.win32_1.1.0.202305231506/tools/bin/../lib/gcc/arm-none-eabi/11.3.1/../../../../arm-none-eabi/lib/thumb/v7e-m+fp/hard\libc_nano.a(libc_a-stdio.o) (_close_r)
C:/Users/Radiogeet_1/STM32CubeIDE_1.13.0/STM32CubeIDE/plugins/com.st.stm32cube.ide.mcu.externaltools.gnu-tools-for-stm32.11.3.rel1.win32_1.1.0.202305231506/tools/bin/../lib/gcc/arm-none-eabi/11.3.1/../../../../arm-none-eabi/lib/thumb/v7e-m+fp/hard\libc_nano.a(libc_a-reent.o)
                              C:/Users/Radiogeet_1/STM32CubeIDE_1.13.0/STM32CubeIDE/plugins/com.st.stm32cube.ide.mcu.externaltools.gnu-tools-for-stm32.11.3.rel1.win32_1.1.0.202305231506/tools/bin/../lib/gcc/arm-none-eabi/11.3.1/../../../../arm-none-eabi/lib/thumb/v7e-m+fp/hard\libc_nano.a(libc_a-closer.o) (errno)
C:/Users/Radiogeet_1/STM32CubeIDE_1.13.0/STM32CubeIDE/plugins/com.st.stm32cube.ide.mcu.externaltools.gnu-tools-for-stm32.11.3.rel1.win32_1.1.0.202305231506/tools/bin/../lib/gcc/arm-none-eabi/11.3.1/../../../../arm-none-eabi/lib/thumb/v7e-m+fp/hard\libc_nano.a(libc_a-impure.o)
                              C:/Users/Radiogeet_1/STM32CubeIDE_1.13.0/STM32CubeIDE/plugins/com.st.stm32cube.ide.mcu.externaltools.gnu-tools-for-stm32.11.3.rel1.win32_1.1.0.202305231506/tools/bin/../lib/gcc/arm-none-eabi/11.3.1/../../../../arm-none-eabi/lib/thumb/v7e-m+fp/hard\libc_nano.a(libc_a-reent.o) (_impure_ptr)
[...]
Memory Configuration

Name             Origin             Length             Attributes
RAM              0x0000000020000000 0x000000000000a000 xrw
RAM2             0x0000000010000000 0x0000000000002000 xrw
FLASH            0x0000000008000000 0x0000000000020000 xr
*default*        0x0000000000000000 0xffffffffffffffff

Linker script and memory map

LOAD C:/Users/Radiogeet_1/STM32CubeIDE_1.13.0/STM32CubeIDE/plugins/com.st.stm32cube.ide.mcu.externaltools.gnu-tools-for-stm32.11.3.rel1.win32_1.1.0.202305231506/tools/bin/../lib/gcc/arm-none-eabi/11.3.1/thumb/v7e-m+fp/hard/crti.o
LOAD C:/Users/Radiogeet_1/STM32CubeIDE_1.13.0/STM32CubeIDE/plugins/com.st.stm32cube.ide.mcu.externaltools.gnu-tools-for-stm32.11.3.rel1.win32_1.1.0.202305231506/tools/bin/../lib/gcc/arm-none-eabi/11.3.1/thumb/v7e-m+fp/hard/crtbegin.o
LOAD C:/Users/Radiogeet_1/STM32CubeIDE_1.13.0/STM32CubeIDE/plugins/com.st.stm32cube.ide.mcu.externaltools.gnu-tools-for-stm32.11.3.rel1.win32_1.1.0.202305231506/tools/bin/../lib/gcc/arm-none-eabi/11.3.1/../../../../arm-none-eabi/lib/thumb/v7e-m+fp/hard/crt0.o
LOAD ./Core/Src/DMD.o
LOAD ./Core/Src/main.o
LOAD ./Core/Src/stm32l4xx_hal_msp.o
LOAD ./Core/Src/stm32l4xx_it.o
LOAD ./Core/Src/syscalls.o
LOAD ./Core/Src/sysmem.o
LOAD ./Core/Src/system_stm32l4xx.o
LOAD ./Core/Startup/startup_stm32l412kbux.o
LOAD ./Drivers/STM32L4xx_HAL_Driver/Src/stm32l4xx_hal.o
LOAD ./Drivers/STM32L4xx_HAL_Driver/Src/stm32l4xx_hal_cortex.o
LOAD ./Drivers/STM32L4xx_HAL_Driver/Src/stm32l4xx_hal_dma.o
LOAD ./Drivers/STM32L4xx_HAL_Driver/Src/stm32l4xx_hal_dma_ex.o
LOAD ./Drivers/STM32L4xx_HAL_Driver/Src/stm32l4xx_hal_exti.o
LOAD ./Drivers/STM32L4xx_HAL_Driver/Src/stm32l4xx_hal_flash.o
LOAD ./Drivers/STM32L4xx_HAL_Driver/Src/stm32l4xx_hal_flash_ex.o
LOAD ./Drivers/STM32L4xx_HAL_Driver/Src/stm32l4xx_hal_flash_ramfunc.o
LOAD ./Drivers/STM32L4xx_HAL_Driver/Src/stm32l4xx_hal_gpio.o
LOAD ./Drivers/STM32L4xx_HAL_Driver/Src/stm32l4xx_hal_pwr.o
LOAD ./Drivers/STM32L4xx_HAL_Driver/Src/stm32l4xx_hal_pwr_ex.o
LOAD ./Drivers/STM32L4xx_HAL_Driver/Src/stm32l4xx_hal_rcc.o
LOAD ./Drivers/STM32L4xx_HAL_Driver/Src/stm32l4xx_hal_rcc_ex.o
LOAD ./Drivers/STM32L4xx_HAL_Driver/Src/stm32l4xx_hal_spi.o
LOAD ./Drivers/STM32L4xx_HAL_Driver/Src/stm32l4xx_hal_spi_ex.o
LOAD ./Drivers/STM32L4xx_HAL_Driver/Src/stm32l4xx_hal_tim.o
LOAD ./Drivers/STM32L4xx_HAL_Driver/Src/stm32l4xx_hal_tim_ex.o
START GROUP
LOAD C:/Users/Radiogeet_1/STM32CubeIDE_1.13.0/STM32CubeIDE/plugins/com.st.stm32cube.ide.mcu.externaltools.gnu-tools-for-stm32.11.3.rel1.win32_1.1.0.202305231506/tools/bin/../lib/gcc/arm-none-eabi/11.3.1/../../../../arm-none-eabi/lib/thumb/v7e-m+fp/hard\libc_nano.a
LOAD C:/Users/Radiogeet_1/STM32CubeIDE_1.13.0/STM32CubeIDE/plugins/com.st.stm32cube.ide.mcu.externaltools.gnu-tools-for-stm32.11.3.rel1.win32_1.1.0.202305231506/tools/bin/../lib/gcc/arm-none-eabi/11.3.1/../../../../arm-none-eabi/lib/thumb/v7e-m+fp/hard\libm.a
END GROUP
START GROUP
LOAD C:/Users/Radiogeet_1/STM32CubeIDE_1.13.0/STM32CubeIDE/plugins/com.st.stm32cube.ide.mcu.externaltools.gnu-tools-for-stm32.11.3.rel1.win32_1.1.0.202305231506/tools/bin/../lib/gcc/arm-none-eabi/11.3.1/thumb/v7e-m+fp/hard\libgcc.a
LOAD C:/Users/Radiogeet_1/STM32CubeIDE_1.13.0/STM32CubeIDE/plugins/com.st.stm32cube.ide.mcu.externaltools.gnu-tools-for-stm32.11.3.rel1.win32_1.1.0.202305231506/tools/bin/../lib/gcc/arm-none-eabi/11.3.1/../../../../arm-none-eabi/lib/thumb/v7e-m+fp/hard\libc_nano.a
END GROUP
START GROUP
LOAD C:/Users/Radiogeet_1/STM32CubeIDE_1.13.0/STM32CubeIDE/plugins/com.st.stm32cube.ide.mcu.externaltools.gnu-tools-for-stm32.11.3.rel1.win32_1.1.0.202305231506/tools/bin/../lib/gcc/arm-none-eabi/11.3.1/thumb/v7e-m+fp/hard\libgcc.a
LOAD C:/Users/Radiogeet_1/STM32CubeIDE_1.13.0/STM32CubeIDE/plugins/com.st.stm32cube.ide.mcu.externaltools.gnu-tools-for-stm32.11.3.rel1.win32_1.1.0.202305231506/tools/bin/../lib/gcc/arm-none-eabi/11.3.1/../../../../arm-none-eabi/lib/thumb/v7e-m+fp/hard\libc_nano.a
LOAD C:/Users/Radiogeet_1/STM32CubeIDE_1.13.0/STM32CubeIDE/plugins/com.st.stm32cube.ide.mcu.externaltools.gnu-tools-for-stm32.11.3.rel1.win32_1.1.0.202305231506/tools/bin/../lib/gcc/arm-none-eabi/11.3.1/../../../../arm-none-eabi/lib/thumb/v7e-m+fp/hard\libnosys.a
END GROUP
START GROUP
LOAD C:/Users/Radiogeet_1/STM32CubeIDE_1.13.0/STM32CubeIDE/plugins/com.st.stm32cube.ide.mcu.externaltools.gnu-tools-for-stm32.11.3.rel1.win32_1.1.0.202305231506/tools/bin/../lib/gcc/arm-none-eabi/11.3.1/thumb/v7e-m+fp/hard\libgcc.a
LOAD C:/Users/Radiogeet_1/STM32CubeIDE_1.13.0/STM32CubeIDE/plugins/com.st.stm32cube.ide.mcu.externaltools.gnu-tools-for-stm32.11.3.rel1.win32_1.1.0.202305231506/tools/bin/../lib/gcc/arm-none-eabi/11.3.1/../../../../arm-none-eabi/lib/thumb/v7e-m+fp/hard\libc_nano.a
LOAD C:/Users/Radiogeet_1/STM32CubeIDE_1.13.0/STM32CubeIDE/plugins/com.st.stm32cube.ide.mcu.externaltools.gnu-tools-for-stm32.11.3.rel1.win32_1.1.0.202305231506/tools/bin/../lib/gcc/arm-none-eabi/11.3.1/../../../../arm-none-eabi/lib/thumb/v7e-m+fp/hard\libnosys.a
END GROUP
LOAD C:/Users/Radiogeet_1/STM32CubeIDE_1.13.0/STM32CubeIDE/plugins/com.st.stm32cube.ide.mcu.externaltools.gnu-tools-for-stm32.11.3.rel1.win32_1.1.0.202305231506/tools/bin/../lib/gcc/arm-none-eabi/11.3.1/thumb/v7e-m+fp/hard/crtend.o
LOAD C:/Users/Radiogeet_1/STM32CubeIDE_1.13.0/STM32CubeIDE/plugins/com.st.stm32cube.ide.mcu.externaltools.gnu-tools-for-stm32.11.3.rel1.win32_1.1.0.202305231506/tools/bin/../lib/gcc/arm-none-eabi/11.3.1/thumb/v7e-m+fp/hard/crtn.o
                0x000000002000a000                _estack = (ORIGIN (RAM) + LENGTH (RAM))
                0x0000000000000200                _Min_Heap_Size = 0x200
                0x0000000000000400                _Min_Stack_Size = 0x400

.isr_vector     0x0000000008000000      0x18c
                0x0000000008000000                . = ALIGN (0x4)
 *(.isr_vector)
 .isr_vector    0x0000000008000000      0x18c ./Core/Startup/startup_stm32l412kbux.o
                0x0000000008000000                g_pfnVectors
                0x000000000800018c                . = ALIGN (0x4)

.text           0x000000000800018c     0x2108
                0x000000000800018c                . = ALIGN (0x4)
 *(.text)
 .text          0x000000000800018c       0x40 C:/Users/Radiogeet_1/STM32CubeIDE_1.13.0/STM32CubeIDE/plugins/com.st.stm32cube.ide.mcu.externaltools.gnu-tools-for-stm32.11.3.rel1.win32_1.1.0.202305231506/tools/bin/../lib/gcc/arm-none-eabi/11.3.1/thumb/v7e-m+fp/hard/crtbegin.o
 *(.text*)
 .text.clearScreen
                0x00000000080001cc       0x44 ./Core/Src/DMD.o
                0x00000000080001cc                clearScreen
 .text.DMD      0x0000000008000210       0xdc ./Core/Src/DMD.o
                0x0000000008000210                DMD
 .text.scanDisplayBySPI
                0x00000000080002ec      0x1b0 ./Core/Src/DMD.o
                0x00000000080002ec                scanDisplayBySPI
 .text.main     0x000000000800049c       0x28 ./Core/Src/main.o
                0x000000000800049c                main
 .text.SystemClock_Config
                0x00000000080004c4       0x8c ./Core/Src/main.o
                0x00000000080004c4                SystemClock_Config
 .text.MX_SPI1_Init
                0x0000000008000550       0x7c ./Core/Src/main.o
                0x0000000008000550                MX_SPI1_Init
 .text.MX_GPIO_Init
                0x00000000080005cc       0x60 ./Core/Src/main.o
 .text.Error_Handler
                0x000000000800062c        0xa ./Core/Src/main.o
                0x000000000800062c                Error_Handler
 *fill*         0x0000000008000636        0x2 
 .text.HAL_MspInit
                0x0000000008000638       0x48 ./Core/Src/stm32l4xx_hal_msp.o
                0x0000000008000638                HAL_MspInit
 .text.HAL_SPI_MspInit
                0x0000000008000680       0x84 ./Core/Src/stm32l4xx_hal_msp.o
                0x0000000008000680                HAL_SPI_MspInit
 .text.NMI_Handler
                0x0000000008000704        0x6 ./Core/Src/stm32l4xx_it.o
                0x0000000008000704                NMI_Handler
 .text.HardFault_Handler
                0x000000000800070a        0x6 ./Core/Src/stm32l4xx_it.o
                0x000000000800070a                HardFault_Handler
 .text.MemManage_Handler
                0x0000000008000710        0x6 ./Core/Src/stm32l4xx_it.o
                0x0000000008000710                MemManage_Handler
 .text.BusFault_Handler
                0x0000000008000716        0x6 ./Core/Src/stm32l4xx_it.o
                0x0000000008000716                BusFault_Handler
 .text.UsageFault_Handler
                0x000000000800071c        0x6 ./Core/Src/stm32l4xx_it.o
                0x000000000800071c                UsageFault_Handler
 .text.SVC_Handler
                0x0000000008000722        0xe ./Core/Src/stm32l4xx_it.o
                0x0000000008000722                SVC_Handler
 .text.DebugMon_Handler
                0x0000000008000730        0xe ./Core/Src/stm32l4xx_it.o
                0x0000000008000730                DebugMon_Handler
 .text.PendSV_Handler
                0x000000000800073e        0xe ./Core/Src/stm32l4xx_it.o
                0x000000000800073e                PendSV_Handler
 .text.SysTick_Handler
                0x000000000800074c        0xc ./Core/Src/stm32l4xx_it.o
                0x000000000800074c                SysTick_Handler
 .text.SystemInit
                0x0000000008000758       0x24 ./Core/Src/system_stm32l4xx.o
                0x0000000008000758                SystemInit
 .text.Reset_Handler
                0x000000000800077c       0x50 ./Core/Startup/startup_stm32l412kbux.o
                0x000000000800077c                Reset_Handler
 .text.Default_Handler
                0x00000000080007cc        0x2 ./Core/Startup/startup_stm32l412kbux.o
                0x00000000080007cc                RTC_Alarm_IRQHandler
                0x00000000080007cc                EXTI2_IRQHandler
                0x00000000080007cc                TIM1_CC_IRQHandler
                0x00000000080007cc                TSC_IRQHandler
                0x00000000080007cc                TIM6_IRQHandler
                0x00000000080007cc                TAMP_STAMP_IRQHandler
                0x00000000080007cc                EXTI3_IRQHandler
                0x00000000080007cc                LPTIM2_IRQHandler
                0x00000000080007cc                I2C3_ER_IRQHandler
                0x00000000080007cc                EXTI0_IRQHandler
                0x00000000080007cc                I2C2_EV_IRQHandler
                0x00000000080007cc                FPU_IRQHandler
                0x00000000080007cc                TIM1_UP_TIM16_IRQHandler
                0x00000000080007cc                ADC1_2_IRQHandler
                0x00000000080007cc                SPI1_IRQHandler
                0x00000000080007cc                DMA2_Channel2_IRQHandler
                0x00000000080007cc                DMA1_Channel4_IRQHandler
                0x00000000080007cc                USART3_IRQHandler
                0x00000000080007cc                DMA1_Channel7_IRQHandler
                0x00000000080007cc                DMA2_Channel1_IRQHandler
                0x00000000080007cc                QUADSPI_IRQHandler
                0x00000000080007cc                I2C1_EV_IRQHandler
                0x00000000080007cc                DMA1_Channel6_IRQHandler
                0x00000000080007cc                DMA2_Channel4_IRQHandler
                0x00000000080007cc                RCC_IRQHandler
                0x00000000080007cc                TIM1_TRG_COM_IRQHandler
                0x00000000080007cc                DMA1_Channel1_IRQHandler
                0x00000000080007cc                Default_Handler
                0x00000000080007cc                DMA2_Channel7_IRQHandler
                0x00000000080007cc                EXTI15_10_IRQHandler
                0x00000000080007cc                I2C3_EV_IRQHandler
                0x00000000080007cc                USB_IRQHandler
                0x00000000080007cc                EXTI9_5_IRQHandler
                0x00000000080007cc                RTC_WKUP_IRQHandler
                0x00000000080007cc                PVD_PVM_IRQHandler
                0x00000000080007cc                SPI2_IRQHandler
                0x00000000080007cc                DMA2_Channel5_IRQHandler
                0x00000000080007cc                CRS_IRQHandler
                0x00000000080007cc                DMA1_Channel5_IRQHandler
                0x00000000080007cc                EXTI4_IRQHandler
                0x00000000080007cc                RNG_IRQHandler
                0x00000000080007cc                DMA1_Channel3_IRQHandler
                0x00000000080007cc                COMP_IRQHandler
                0x00000000080007cc                WWDG_IRQHandler
                0x00000000080007cc                LPUART1_IRQHandler
                0x00000000080007cc                DMA2_Channel6_IRQHandler
                0x00000000080007cc                TIM2_IRQHandler
                0x00000000080007cc                EXTI1_IRQHandler
                0x00000000080007cc                USART2_IRQHandler
                0x00000000080007cc                I2C2_ER_IRQHandler
                0x00000000080007cc                DMA1_Channel2_IRQHandler
                0x00000000080007cc                FLASH_IRQHandler
                0x00000000080007cc                USART1_IRQHandler
                0x00000000080007cc                I2C1_ER_IRQHandler
                0x00000000080007cc                LPTIM1_IRQHandler
                0x00000000080007cc                DMA2_Channel3_IRQHandler
                0x00000000080007cc                TIM1_BRK_TIM15_IRQHandler
 .text.HAL_Init
                0x00000000080007ce       0x30 ./Drivers/STM32L4xx_HAL_Driver/Src/stm32l4xx_hal.o
                0x00000000080007ce                HAL_Init
 *fill*         0x00000000080007fe        0x2 
 .text.HAL_InitTick
                0x0000000008000800       0x78 ./Drivers/STM32L4xx_HAL_Driver/Src/stm32l4xx_hal.o
                0x0000000008000800                HAL_InitTick
 .text.HAL_IncTick
                0x0000000008000878       0x28 ./Drivers/STM32L4xx_HAL_Driver/Src/stm32l4xx_hal.o
                0x0000000008000878                HAL_IncTick
 .text.HAL_GetTick
                0x00000000080008a0       0x18 ./Drivers/STM32L4xx_HAL_Driver/Src/stm32l4xx_hal.o
                0x00000000080008a0                HAL_GetTick
 .text.__NVIC_SetPriorityGrouping
                0x00000000080008b8       0x48 ./Drivers/STM32L4xx_HAL_Driver/Src/stm32l4xx_hal_cortex.o
 .text.__NVIC_GetPriorityGrouping
                0x0000000008000900       0x1c ./Drivers/STM32L4xx_HAL_Driver/Src/stm32l4xx_hal_cortex.o
 .text.__NVIC_SetPriority
                0x000000000800091c       0x54 ./Drivers/STM32L4xx_HAL_Driver/Src/stm32l4xx_hal_cortex.o
 .text.NVIC_EncodePriority
                0x0000000008000970       0x66 ./Drivers/STM32L4xx_HAL_Driver/Src/stm32l4xx_hal_cortex.o
 *fill*         0x00000000080009d6        0x2 
 .text.SysTick_Config
                0x00000000080009d8       0x44 ./Drivers/STM32L4xx_HAL_Driver/Src/stm32l4xx_hal_cortex.o
 .text.HAL_NVIC_SetPriorityGrouping
                0x0000000008000a1c       0x16 ./Drivers/STM32L4xx_HAL_Driver/Src/stm32l4xx_hal_cortex.o
                0x0000000008000a1c                HAL_NVIC_SetPriorityGrouping
 .text.HAL_NVIC_SetPriority
                0x0000000008000a32       0x38 ./Drivers/STM32L4xx_HAL_Driver/Src/stm32l4xx_hal_cortex.o
                0x0000000008000a32                HAL_NVIC_SetPriority
 .text.HAL_SYSTICK_Config
                0x0000000008000a6a       0x18 ./Drivers/STM32L4xx_HAL_Driver/Src/stm32l4xx_hal_cortex.o
                0x0000000008000a6a                HAL_SYSTICK_Config
 *fill*         0x0000000008000a82        0x2 
 .text.HAL_GPIO_Init
                0x0000000008000a84      0x2e4 ./Drivers/STM32L4xx_HAL_Driver/Src/stm32l4xx_hal_gpio.o
                0x0000000008000a84                HAL_GPIO_Init
 .text.HAL_GPIO_ReadPin
                0x0000000008000d68       0x30 ./Drivers/STM32L4xx_HAL_Driver/Src/stm32l4xx_hal_gpio.o
                0x0000000008000d68                HAL_GPIO_ReadPin
 .text.HAL_GPIO_WritePin
                0x0000000008000d98       0x30 ./Drivers/STM32L4xx_HAL_Driver/Src/stm32l4xx_hal_gpio.o
                0x0000000008000d98                HAL_GPIO_WritePin
 .text.HAL_PWREx_GetVoltageRange
                0x0000000008000dc8       0x1c ./Drivers/STM32L4xx_HAL_Driver/Src/stm32l4xx_hal_pwr_ex.o
                0x0000000008000dc8                HAL_PWREx_GetVoltageRange
 .text.HAL_PWREx_ControlVoltageScaling
                0x0000000008000de4       0xac ./Drivers/STM32L4xx_HAL_Driver/Src/stm32l4xx_hal_pwr_ex.o
                0x0000000008000de4                HAL_PWREx_ControlVoltageScaling
 .text.HAL_RCC_OscConfig
                0x0000000008000e90      0x8c4 ./Drivers/STM32L4xx_HAL_Driver/Src/stm32l4xx_hal_rcc.o
                0x0000000008000e90                HAL_RCC_OscConfig
 .text.HAL_RCC_ClockConfig
                0x0000000008001754      0x200 ./Drivers/STM32L4xx_HAL_Driver/Src/stm32l4xx_hal_rcc.o
                0x0000000008001754                HAL_RCC_ClockConfig
 .text.HAL_RCC_GetSysClockFreq
                0x0000000008001954      0x118 ./Drivers/STM32L4xx_HAL_Driver/Src/stm32l4xx_hal_rcc.o
                0x0000000008001954                HAL_RCC_GetSysClockFreq
 .text.RCC_SetFlashLatencyFromMSIRange
                0x0000000008001a6c       0xc0 ./Drivers/STM32L4xx_HAL_Driver/Src/stm32l4xx_hal_rcc.o
 .text.HAL_SPI_Init
                0x0000000008001b2c      0x146 ./Drivers/STM32L4xx_HAL_Driver/Src/stm32l4xx_hal_spi.o
                0x0000000008001b2c                HAL_SPI_Init
 .text.HAL_SPI_Transmit
                0x0000000008001c72      0x2ea ./Drivers/STM32L4xx_HAL_Driver/Src/stm32l4xx_hal_spi.o
                0x0000000008001c72                HAL_SPI_Transmit
 .text.SPI_WaitFlagStateUntilTimeout
                0x0000000008001f5c      0x110 ./Drivers/STM32L4xx_HAL_Driver/Src/stm32l4xx_hal_spi.o
 .text.SPI_WaitFifoStateUntilTimeout
                0x000000000800206c      0x12c ./Drivers/STM32L4xx_HAL_Driver/Src/stm32l4xx_hal_spi.o
 .text.SPI_EndRxTxTransaction
                0x0000000008002198       0x8c ./Drivers/STM32L4xx_HAL_Driver/Src/stm32l4xx_hal_spi.o
 .text.memset   0x0000000008002224       0x10 C:/Users/Radiogeet_1/STM32CubeIDE_1.13.0/STM32CubeIDE/plugins/com.st.stm32cube.ide.mcu.externaltools.gnu-tools-for-stm32.11.3.rel1.win32_1.1.0.202305231506/tools/bin/../lib/gcc/arm-none-eabi/11.3.1/../../../../arm-none-eabi/lib/thumb/v7e-m+fp/hard\libc_nano.a(libc_a-memset.o)
                0x0000000008002224                memset
 .text.__libc_init_array
                0x0000000008002234       0x48 C:/Users/Radiogeet_1/STM32CubeIDE_1.13.0/STM32CubeIDE/plugins/com.st.stm32cube.ide.mcu.externaltools.gnu-tools-for-stm32.11.3.rel1.win32_1.1.0.202305231506/tools/bin/../lib/gcc/arm-none-eabi/11.3.1/../../../../arm-none-eabi/lib/thumb/v7e-m+fp/hard\libc_nano.a(libc_a-init.o)
                0x0000000008002234                __libc_init_array
 *(.glue_7)
 .glue_7        0x000000000800227c        0x0 linker stubs
 *(.glue_7t)
 .glue_7t       0x000000000800227c        0x0 linker stubs
 *(.eh_frame)
 .eh_frame      0x000000000800227c        0x0 C:/Users/Radiogeet_1/STM32CubeIDE_1.13.0/STM32CubeIDE/plugins/com.st.stm32cube.ide.mcu.externaltools.gnu-tools-for-stm32.11.3.rel1.win32_1.1.0.202305231506/tools/bin/../lib/gcc/arm-none-eabi/11.3.1/thumb/v7e-m+fp/hard/crtbegin.o
 *(.init)
 .init          0x000000000800227c        0x4 C:/Users/Radiogeet_1/STM32CubeIDE_1.13.0/STM32CubeIDE/plugins/com.st.stm32cube.ide.mcu.externaltools.gnu-tools-for-stm32.11.3.rel1.win32_1.1.0.202305231506/tools/bin/../lib/gcc/arm-none-eabi/11.3.1/thumb/v7e-m+fp/hard/crti.o
                0x000000000800227c                _init
 .init          0x0000000008002280        0x8 C:/Users/Radiogeet_1/STM32CubeIDE_1.13.0/STM32CubeIDE/plugins/com.st.stm32cube.ide.mcu.externaltools.gnu-tools-for-stm32.11.3.rel1.win32_1.1.0.202305231506/tools/bin/../lib/gcc/arm-none-eabi/11.3.1/thumb/v7e-m+fp/hard/crtn.o
 *(.fini)
 .fini          0x0000000008002288        0x4 C:/Users/Radiogeet_1/STM32CubeIDE_1.13.0/STM32CubeIDE/plugins/com.st.stm32cube.ide.mcu.externaltools.gnu-tools-for-stm32.11.3.rel1.win32_1.1.0.202305231506/tools/bin/../lib/gcc/arm-none-eabi/11.3.1/thumb/v7e-m+fp/hard/crti.o
                0x0000000008002288                _fini
 .fini          0x000000000800228c        0x8 C:/Users/Radiogeet_1/STM32CubeIDE_1.13.0/STM32CubeIDE/plugins/com.st.stm32cube.ide.mcu.externaltools.gnu-tools-for-stm32.11.3.rel1.win32_1.1.0.202305231506/tools/bin/../lib/gcc/arm-none-eabi/11.3.1/thumb/v7e-m+fp/hard/crtn.o
                0x0000000008002294                . = ALIGN (0x4)
                0x0000000008002294                _etext = .

.vfp11_veneer   0x0000000008002294        0x0
 .vfp11_veneer  0x0000000008002294        0x0 linker stubs

.v4_bx          0x0000000008002294        0x0
 .v4_bx         0x0000000008002294        0x0 linker stubs

.iplt           0x0000000008002294        0x0
 .iplt          0x0000000008002294        0x0 C:/Users/Radiogeet_1/STM32CubeIDE_1.13.0/STM32CubeIDE/plugins/com.st.stm32cube.ide.mcu.externaltools.gnu-tools-for-stm32.11.3.rel1.win32_1.1.0.202305231506/tools/bin/../lib/gcc/arm-none-eabi/11.3.1/thumb/v7e-m+fp/hard/crtbegin.o

.rodata         0x0000000008002294       0x40
                0x0000000008002294                . = ALIGN (0x4)
 *(.rodata)
 *(.rodata*)
 .rodata.AHBPrescTable
                0x0000000008002294       0x10 ./Core/Src/system_stm32l4xx.o
                0x0000000008002294                AHBPrescTable
 .rodata.MSIRangeTable
                0x00000000080022a4       0x30 ./Core/Src/system_stm32l4xx.o
                0x00000000080022a4                MSIRangeTable
                0x00000000080022d4                . = ALIGN (0x4)

.rel.dyn        0x00000000080022d4        0x0
 .rel.iplt      0x00000000080022d4        0x0 C:/Users/Radiogeet_1/STM32CubeIDE_1.13.0/STM32CubeIDE/plugins/com.st.stm32cube.ide.mcu.externaltools.gnu-tools-for-stm32.11.3.rel1.win32_1.1.0.202305231506/tools/bin/../lib/gcc/arm-none-eabi/11.3.1/thumb/v7e-m+fp/hard/crtbegin.o

.ARM.extab      0x00000000080022d4        0x0
                0x00000000080022d4                . = ALIGN (0x4)
 *(.ARM.extab* .gnu.linkonce.armextab.*)
                0x00000000080022d4                . = ALIGN (0x4)

.ARM            0x00000000080022d4        0x0
                0x00000000080022d4                . = ALIGN (0x4)
                0x00000000080022d4                __exidx_start = .
 *(.ARM.exidx*)
                0x00000000080022d4                __exidx_end = .
                0x00000000080022d4                . = ALIGN (0x4)

.preinit_array  0x00000000080022d4        0x0
                0x00000000080022d4                . = ALIGN (0x4)
                0x00000000080022d4                PROVIDE (__preinit_array_start = .)
 *(.preinit_array*)
                0x00000000080022d4                PROVIDE (__preinit_array_end = .)
                0x00000000080022d4                . = ALIGN (0x4)

.init_array     0x00000000080022d4        0x4
                0x00000000080022d4                . = ALIGN (0x4)
                0x00000000080022d4                PROVIDE (__init_array_start = .)
 *(SORT_BY_NAME(.init_array.*))
 *(.init_array*)
 .init_array    0x00000000080022d4        0x4 C:/Users/Radiogeet_1/STM32CubeIDE_1.13.0/STM32CubeIDE/plugins/com.st.stm32cube.ide.mcu.externaltools.gnu-tools-for-stm32.11.3.rel1.win32_1.1.0.202305231506/tools/bin/../lib/gcc/arm-none-eabi/11.3.1/thumb/v7e-m+fp/hard/crtbegin.o
                0x00000000080022d8                PROVIDE (__init_array_end = .)
                0x00000000080022d8                . = ALIGN (0x4)

.fini_array     0x00000000080022d8        0x4
                0x00000000080022d8                . = ALIGN (0x4)
                [!provide]                        PROVIDE (__fini_array_start = .)
 *(SORT_BY_NAME(.fini_array.*))
 *(.fini_array*)
 .fini_array    0x00000000080022d8        0x4 C:/Users/Radiogeet_1/STM32CubeIDE_1.13.0/STM32CubeIDE/plugins/com.st.stm32cube.ide.mcu.externaltools.gnu-tools-for-stm32.11.3.rel1.win32_1.1.0.202305231506/tools/bin/../lib/gcc/arm-none-eabi/11.3.1/thumb/v7e-m+fp/hard/crtbegin.o
                [!provide]                        PROVIDE (__fini_array_end = .)
                0x00000000080022dc                . = ALIGN (0x4)
                0x00000000080022dc                _sidata = LOADADDR (.data)

.data           0x0000000020000000        0xc load address 0x00000000080022dc
                0x0000000020000000                . = ALIGN (0x4)
                0x0000000020000000                _sdata = .
 *(.data)
 *(.data*)
 .data.SystemCoreClock
                0x0000000020000000        0x4 ./Core/Src/system_stm32l4xx.o
                0x0000000020000000                SystemCoreClock
 .data.uwTickPrio
                0x0000000020000004        0x4 ./Drivers/STM32L4xx_HAL_Driver/Src/stm32l4xx_hal.o
                0x0000000020000004                uwTickPrio
 .data.uwTickFreq
                0x0000000020000008        0x1 ./Drivers/STM32L4xx_HAL_Driver/Src/stm32l4xx_hal.o
                0x0000000020000008                uwTickFreq
 *(.RamFunc)
 *(.RamFunc*)
                0x000000002000000c                . = ALIGN (0x4)
 *fill*         0x0000000020000009        0x3 
                0x000000002000000c                _edata = .

.igot.plt       0x000000002000000c        0x0 load address 0x00000000080022e8
 .igot.plt      0x000000002000000c        0x0 C:/Users/Radiogeet_1/STM32CubeIDE_1.13.0/STM32CubeIDE/plugins/com.st.stm32cube.ide.mcu.externaltools.gnu-tools-for-stm32.11.3.rel1.win32_1.1.0.202305231506/tools/bin/../lib/gcc/arm-none-eabi/11.3.1/thumb/v7e-m+fp/hard/crtbegin.o
                0x000000002000000c                . = ALIGN (0x4)

.bss            0x000000002000000c       0xd4 load address 0x00000000080022e8
                0x000000002000000c                _sbss = .
                0x000000002000000c                __bss_start__ = _sbss
 *(.bss)
 .bss           0x000000002000000c       0x1c C:/Users/Radiogeet_1/STM32CubeIDE_1.13.0/STM32CubeIDE/plugins/com.st.stm32cube.ide.mcu.externaltools.gnu-tools-for-stm32.11.3.rel1.win32_1.1.0.202305231506/tools/bin/../lib/gcc/arm-none-eabi/11.3.1/thumb/v7e-m+fp/hard/crtbegin.o
 *(.bss*)
 .bss.DisplaysTotal
                0x0000000020000028        0x1 ./Core/Src/DMD.o
                0x0000000020000028                DisplaysTotal
 .bss.bDMDByte  0x0000000020000029        0x1 ./Core/Src/DMD.o
                0x0000000020000029                bDMDByte
 .bss.DisplaysWide
                0x000000002000002a        0x1 ./Core/Src/DMD.o
                0x000000002000002a                DisplaysWide
 .bss.DisplaysHigh
                0x000000002000002b        0x1 ./Core/Src/DMD.o
                0x000000002000002b                DisplaysHigh
 .bss.row1      0x000000002000002c        0x4 ./Core/Src/DMD.o
                0x000000002000002c                row1
 .bss.row2      0x0000000020000030        0x4 ./Core/Src/DMD.o
                0x0000000020000030                row2
 .bss.row3      0x0000000020000034        0x4 ./Core/Src/DMD.o
                0x0000000020000034                row3
 .bss.bDMDScreenRAM
                0x0000000020000038       0x40 ./Core/Src/DMD.o
                0x0000000020000038                bDMDScreenRAM
 .bss.hspi1     0x0000000020000078       0x64 ./Core/Src/main.o
                0x0000000020000078                hspi1
 .bss.uwTick    0x00000000200000dc        0x4 ./Drivers/STM32L4xx_HAL_Driver/Src/stm32l4xx_hal.o
                0x00000000200000dc                uwTick
 *(COMMON)
                0x00000000200000e0                . = ALIGN (0x4)
                0x00000000200000e0                _ebss = .
                0x00000000200000e0                __bss_end__ = _ebss

._user_heap_stack
                0x00000000200000e0      0x600 load address 0x00000000080022e8
                0x00000000200000e0                . = ALIGN (0x8)
                [!provide]                        PROVIDE (end = .)
                0x00000000200000e0                PROVIDE (_end = .)
                0x00000000200002e0                . = (. + _Min_Heap_Size)
 *fill*         0x00000000200000e0      0x200 
                0x00000000200006e0                . = (. + _Min_Stack_Size)
 *fill*         0x00000000200002e0      0x400 
                0x00000000200006e0                . = ALIGN (0x8)

/DISCARD/
 libc.a(*)
 libm.a(*)
 libgcc.a(*)

.ARM.attributes
                0x0000000000000000       0x30
 *(.ARM.attributes)
 .ARM.attributes
                0x0000000000000000       0x1e C:/Users/Radiogeet_1/STM32CubeIDE_1.13.0/STM32CubeIDE/plugins/com.st.stm32cube.ide.mcu.externaltools.gnu-tools-for-stm32.11.3.rel1.win32_1.1.0.202305231506/tools/bin/../lib/gcc/arm-none-eabi/11.3.1/thumb/v7e-m+fp/hard/crti.o
 .ARM.attributes
                0x000000000000001e       0x34 C:/Users/Radiogeet_1/STM32CubeIDE_1.13.0/STM32CubeIDE/plugins/com.st.stm32cube.ide.mcu.externaltools.gnu-tools-for-stm32.11.3.rel1.win32_1.1.0.202305231506/tools/bin/../lib/gcc/arm-none-eabi/11.3.1/thumb/v7e-m+fp/hard/crtbegin.o
 .ARM.attributes
                0x0000000000000052       0x34 ./Core/Src/DMD.o
 .ARM.attributes
                0x0000000000000086       0x34 ./Core/Src/main.o
 .ARM.attributes
                0x00000000000000ba       0x34 ./Core/Src/stm32l4xx_hal_msp.o
 .ARM.attributes
                0x00000000000000ee       0x34 ./Core/Src/stm32l4xx_it.o
 .ARM.attributes
                0x0000000000000122       0x34 ./Core/Src/system_stm32l4xx.o
 .ARM.attributes
                0x0000000000000156       0x21 ./Core/Startup/startup_stm32l412kbux.o
 .ARM.attributes
                0x0000000000000177       0x34 ./Drivers/STM32L4xx_HAL_Driver/Src/stm32l4xx_hal.o
 .ARM.attributes
                0x00000000000001ab       0x34 ./Drivers/STM32L4xx_HAL_Driver/Src/stm32l4xx_hal_cortex.o
 .ARM.attributes
                0x00000000000001df       0x34 ./Drivers/STM32L4xx_HAL_Driver/Src/stm32l4xx_hal_gpio.o
 .ARM.attributes
                0x0000000000000213       0x34 ./Drivers/STM32L4xx_HAL_Driver/Src/stm32l4xx_hal_pwr_ex.o
 .ARM.attributes
                0x0000000000000247       0x34 ./Drivers/STM32L4xx_HAL_Driver/Src/stm32l4xx_hal_rcc.o
 .ARM.attributes
                0x000000000000027b       0x34 ./Drivers/STM32L4xx_HAL_Driver/Src/stm32l4xx_hal_spi.o
 .ARM.attributes
                0x00000000000002af       0x34 C:/Users/Radiogeet_1/STM32CubeIDE_1.13.0/STM32CubeIDE/plugins/com.st.stm32cube.ide.mcu.externaltools.gnu-tools-for-stm32.11.3.rel1.win32_1.1.0.202305231506/tools/bin/../lib/gcc/arm-none-eabi/11.3.1/../../../../arm-none-eabi/lib/thumb/v7e-m+fp/hard\libc_nano.a(libc_a-memset.o)
 .ARM.attributes
                0x00000000000002e3       0x34 C:/Users/Radiogeet_1/STM32CubeIDE_1.13.0/STM32CubeIDE/plugins/com.st.stm32cube.ide.mcu.externaltools.gnu-tools-for-stm32.11.3.rel1.win32_1.1.0.202305231506/tools/bin/../lib/gcc/arm-none-eabi/11.3.1/../../../../arm-none-eabi/lib/thumb/v7e-m+fp/hard\libc_nano.a(libc_a-init.o)
 .ARM.attributes
                0x0000000000000317       0x1e C:/Users/Radiogeet_1/STM32CubeIDE_1.13.0/STM32CubeIDE/plugins/com.st.stm32cube.ide.mcu.externaltools.gnu-tools-for-stm32.11.3.rel1.win32_1.1.0.202305231506/tools/bin/../lib/gcc/arm-none-eabi/11.3.1/thumb/v7e-m+fp/hard/crtn.o
OUTPUT(p10_matrix_with_nucl.elf elf32-littlearm)
LOAD linker stubs
LOAD C:/Users/Radiogeet_1/STM32CubeIDE_1.13.0/STM32CubeIDE/plugins/com.st.stm32cube.ide.mcu.externaltools.gnu-tools-for-stm32.11.3.rel1.win32_1.1.0.202305231506/tools/bin/../lib/gcc/arm-none-eabi/11.3.1/../../../../arm-none-eabi/lib/thumb/v7e-m+fp/hard\libc.a
LOAD C:/Users/Radiogeet_1/STM32CubeIDE_1.13.0/STM32CubeIDE/plugins/com.st.stm32cube.ide.mcu.externaltools.gnu-tools-for-stm32.11.3.rel1.win32_1.1.0.202305231506/tools/bin/../lib/gcc/arm-none-eabi/11.3.1/../../../../arm-none-eabi/lib/thumb/v7e-m+fp/hard\libm.a
LOAD C:/Users/Radiogeet_1/STM32CubeIDE_1.13.0/STM32CubeIDE/plugins/com.st.stm32cube.ide.mcu.externaltools.gnu-tools-for-stm32.11.3.rel1.win32_1.1.0.202305231506/tools/bin/../lib/gcc/arm-none-eabi/11.3.1/thumb/v7e-m+fp/hard\libgcc.a

.comment        0x0000000000000000       0x43
 .comment       0x0000000000000000       0x43 C:/Users/Radiogeet_1/STM32CubeIDE_1.13.0/STM32CubeIDE/plugins/com.st.stm32cube.ide.mcu.externaltools.gnu-tools-for-stm32.11.3.rel1.win32_1.1.0.202305231506/tools/bin/../lib/gcc/arm-none-eabi/11.3.1/thumb/v7e-m+fp/hard/crtbegin.o
                                         0x44 (size before relaxing)
 .comment       0x0000000000000043       0x44 ./Core/Src/DMD.o
 .comment       0x0000000000000043       0x44 ./Core/Src/main.o
 .comment       0x0000000000000043       0x44 ./Core/Src/stm32l4xx_hal_msp.o
 .comment       0x0000000000000043       0x44 ./Core/Src/stm32l4xx_it.o
 .comment       0x0000000000000043       0x44 ./Core/Src/system_stm32l4xx.o
 .comment       0x0000000000000043       0x44 ./Drivers/STM32L4xx_HAL_Driver/Src/stm32l4xx_hal.o
 .comment       0x0000000000000043       0x44 ./Drivers/STM32L4xx_HAL_Driver/Src/stm32l4xx_hal_cortex.o
 .comment       0x0000000000000043       0x44 ./Drivers/STM32L4xx_HAL_Driver/Src/stm32l4xx_hal_gpio.o
 .comment       0x0000000000000043       0x44 ./Drivers/STM32L4xx_HAL_Driver/Src/stm32l4xx_hal_pwr_ex.o
 .comment       0x0000000000000043       0x44 ./Drivers/STM32L4xx_HAL_Driver/Src/stm32l4xx_hal_rcc.o
 .comment       0x0000000000000043       0x44 ./Drivers/STM32L4xx_HAL_Driver/Src/stm32l4xx_hal_spi.o

.debug_info     0x0000000000000000     0x74ea
 .debug_info    0x0000000000000000      0xfba ./Core/Src/DMD.o
 .debug_info    0x0000000000000fba      0xc01 ./Core/Src/main.o
 .debug_info    0x0000000000001bbb      0x947 ./Core/Src/stm32l4xx_hal_msp.o
 .debug_info    0x0000000000002502      0x113 ./Core/Src/stm32l4xx_it.o
 .debug_info    0x0000000000002615      0x5bf ./Core/Src/system_stm32l4xx.o
 .debug_info    0x0000000000002bd4       0x23 ./Core/Startup/startup_stm32l412kbux.o
 .debug_info    0x0000000000002bf7      0x984 ./Drivers/STM32L4xx_HAL_Driver/Src/stm32l4xx_hal.o
 .debug_info    0x000000000000357b      0xcb6 ./Drivers/STM32L4xx_HAL_Driver/Src/stm32l4xx_hal_cortex.o
 .debug_info    0x0000000000004231      0x757 ./Drivers/STM32L4xx_HAL_Driver/Src/stm32l4xx_hal_gpio.o
 .debug_info    0x0000000000004988      0x968 ./Drivers/STM32L4xx_HAL_Driver/Src/stm32l4xx_hal_pwr_ex.o
 .debug_info    0x00000000000052f0      0xbe0 ./Drivers/STM32L4xx_HAL_Driver/Src/stm32l4xx_hal_rcc.o
 .debug_info    0x0000000000005ed0     0x161a ./Drivers/STM32L4xx_HAL_Driver/Src/stm32l4xx_hal_spi.o

.debug_abbrev   0x0000000000000000     0x1799
 .debug_abbrev  0x0000000000000000      0x34b ./Core/Src/DMD.o
 .debug_abbrev  0x000000000000034b      0x287 ./Core/Src/main.o
 .debug_abbrev  0x00000000000005d2      0x1a7 ./Core/Src/stm32l4xx_hal_msp.o
 .debug_abbrev  0x0000000000000779       0x73 ./Core/Src/stm32l4xx_it.o
 .debug_abbrev  0x00000000000007ec      0x11a ./Core/Src/system_stm32l4xx.o
 .debug_abbrev  0x0000000000000906       0x12 ./Core/Startup/startup_stm32l412kbux.o
 .debug_abbrev  0x0000000000000918      0x256 ./Drivers/STM32L4xx_HAL_Driver/Src/stm32l4xx_hal.o
 .debug_abbrev  0x0000000000000b6e      0x327 ./Drivers/STM32L4xx_HAL_Driver/Src/stm32l4xx_hal_cortex.o
 .debug_abbrev  0x0000000000000e95      0x1cb ./Drivers/STM32L4xx_HAL_Driver/Src/stm32l4xx_hal_gpio.o
 .debug_abbrev  0x0000000000001060      0x1f9 ./Drivers/STM32L4xx_HAL_Driver/Src/stm32l4xx_hal_pwr_ex.o
 .debug_abbrev  0x0000000000001259      0x2d6 ./Drivers/STM32L4xx_HAL_Driver/Src/stm32l4xx_hal_rcc.o
 .debug_abbrev  0x000000000000152f      0x26a ./Drivers/STM32L4xx_HAL_Driver/Src/stm32l4xx_hal_spi.o

.debug_aranges  0x0000000000000000      0x7d0
 .debug_aranges
                0x0000000000000000       0x88 ./Core/Src/DMD.o
 .debug_aranges
                0x0000000000000088       0x40 ./Core/Src/main.o
 .debug_aranges
                0x00000000000000c8       0x30 ./Core/Src/stm32l4xx_hal_msp.o
 .debug_aranges
                0x00000000000000f8       0x60 ./Core/Src/stm32l4xx_it.o
 .debug_aranges
                0x0000000000000158       0x28 ./Core/Src/system_stm32l4xx.o
 .debug_aranges
                0x0000000000000180       0x28 ./Core/Startup/startup_stm32l412kbux.o
 .debug_aranges
                0x00000000000001a8      0x108 ./Drivers/STM32L4xx_HAL_Driver/Src/stm32l4xx_hal.o
 .debug_aranges
                0x00000000000002b0      0x118 ./Drivers/STM32L4xx_HAL_Driver/Src/stm32l4xx_hal_cortex.o
 .debug_aranges
                0x00000000000003c8       0x58 ./Drivers/STM32L4xx_HAL_Driver/Src/stm32l4xx_hal_gpio.o
 .debug_aranges
                0x0000000000000420      0x148 ./Drivers/STM32L4xx_HAL_Driver/Src/stm32l4xx_hal_pwr_ex.o
 .debug_aranges
                0x0000000000000568       0x90 ./Drivers/STM32L4xx_HAL_Driver/Src/stm32l4xx_hal_rcc.o
 .debug_aranges
                0x00000000000005f8      0x1d8 ./Drivers/STM32L4xx_HAL_Driver/Src/stm32l4xx_hal_spi.o

.debug_rnglists
                0x0000000000000000      0x5f3
 .debug_rnglists
                0x0000000000000000       0x87 ./Core/Src/DMD.o
 .debug_rnglists
                0x0000000000000087       0x2c ./Core/Src/main.o
 .debug_rnglists
                0x00000000000000b3       0x20 ./Core/Src/stm32l4xx_hal_msp.o
 .debug_rnglists
                0x00000000000000d3       0x43 ./Core/Src/stm32l4xx_it.o
 .debug_rnglists
                0x0000000000000116       0x1a ./Core/Src/system_stm32l4xx.o
 .debug_rnglists
                0x0000000000000130       0x19 ./Core/Startup/startup_stm32l412kbux.o
 .debug_rnglists
                0x0000000000000149       0xc1 ./Drivers/STM32L4xx_HAL_Driver/Src/stm32l4xx_hal.o
 .debug_rnglists
                0x000000000000020a       0xce ./Drivers/STM32L4xx_HAL_Driver/Src/stm32l4xx_hal_cortex.o
 .debug_rnglists
                0x00000000000002d8       0x3f ./Drivers/STM32L4xx_HAL_Driver/Src/stm32l4xx_hal_gpio.o
 .debug_rnglists
                0x0000000000000317       0xf7 ./Drivers/STM32L4xx_HAL_Driver/Src/stm32l4xx_hal_pwr_ex.o
 .debug_rnglists
                0x000000000000040e       0x6d ./Drivers/STM32L4xx_HAL_Driver/Src/stm32l4xx_hal_rcc.o
 .debug_rnglists
                0x000000000000047b      0x178 ./Drivers/STM32L4xx_HAL_Driver/Src/stm32l4xx_hal_spi.o

.debug_macro    0x0000000000000000    0x18ffe
 .debug_macro   0x0000000000000000      0x2c3 ./Core/Src/DMD.o
 .debug_macro   0x00000000000002c3      0xaa8 ./Core/Src/DMD.o
 .debug_macro   0x0000000000000d6b       0x2a ./Core/Src/DMD.o
 .debug_macro   0x0000000000000d95       0x22 ./Core/Src/DMD.o
 .debug_macro   0x0000000000000db7       0x5b ./Core/Src/DMD.o
 .debug_macro   0x0000000000000e12       0x94 ./Core/Src/DMD.o
 .debug_macro   0x0000000000000ea6       0x43 ./Core/Src/DMD.o
 .debug_macro   0x0000000000000ee9       0x34 ./Core/Src/DMD.o
 .debug_macro   0x0000000000000f1d       0x16 ./Core/Src/DMD.o
 .debug_macro   0x0000000000000f33      0x10e ./Core/Src/DMD.o
 .debug_macro   0x0000000000001041       0x8d ./Core/Src/DMD.o
 .debug_macro   0x00000000000010ce       0x16 ./Core/Src/DMD.o
 .debug_macro   0x00000000000010e4       0x43 ./Core/Src/DMD.o
 .debug_macro   0x0000000000001127       0x57 ./Core/Src/DMD.o
 .debug_macro   0x000000000000117e       0x34 ./Core/Src/DMD.o
 .debug_macro   0x00000000000011b2       0x10 ./Core/Src/DMD.o
 .debug_macro   0x00000000000011c2       0x58 ./Core/Src/DMD.o
 .debug_macro   0x000000000000121a       0x8e ./Core/Src/DMD.o
 .debug_macro   0x00000000000012a8       0x1c ./Core/Src/DMD.o
 .debug_macro   0x00000000000012c4      0x177 ./Core/Src/DMD.o
 .debug_macro   0x000000000000143b      0x369 ./Core/Src/DMD.o
 .debug_macro   0x00000000000017a4       0x16 ./Core/Src/DMD.o
 .debug_macro   0x00000000000017ba       0x29 ./Core/Src/DMD.o
 .debug_macro   0x00000000000017e3      0x1a1 ./Core/Src/DMD.o
 .debug_macro   0x0000000000001984       0x2e ./Core/Src/DMD.o
 .debug_macro   0x00000000000019b2       0x28 ./Core/Src/DMD.o
 .debug_macro   0x00000000000019da      0x103 ./Core/Src/DMD.o
 .debug_macro   0x0000000000001add       0x6a ./Core/Src/DMD.o
 .debug_macro   0x0000000000001b47      0x1df ./Core/Src/DMD.o
 .debug_macro   0x0000000000001d26       0x1c ./Core/Src/DMD.o
 .debug_macro   0x0000000000001d42       0x22 ./Core/Src/DMD.o
 .debug_macro   0x0000000000001d64       0xfb ./Core/Src/DMD.o
 .debug_macro   0x0000000000001e5f     0x1011 ./Core/Src/DMD.o
 .debug_macro   0x0000000000002e70      0x11f ./Core/Src/DMD.o
 .debug_macro   0x0000000000002f8f     0xe4b1 ./Core/Src/DMD.o
 .debug_macro   0x0000000000011440       0x6d ./Core/Src/DMD.o
 .debug_macro   0x00000000000114ad     0x38df ./Core/Src/DMD.o
 .debug_macro   0x0000000000014d8c       0x56 ./Core/Src/DMD.o
 .debug_macro   0x0000000000014de2     0x105e ./Core/Src/DMD.o
 .debug_macro   0x0000000000015e40      0x49b ./Core/Src/DMD.o
 .debug_macro   0x00000000000162db      0x1b9 ./Core/Src/DMD.o
 .debug_macro   0x0000000000016494       0xd7 ./Core/Src/DMD.o
 .debug_macro   0x000000000001656b      0x26b ./Core/Src/DMD.o
 .debug_macro   0x00000000000167d6      0x23d ./Core/Src/DMD.o
 .debug_macro   0x0000000000016a13      0x21c ./Core/Src/DMD.o
 .debug_macro   0x0000000000016c2f      0x375 ./Core/Src/DMD.o
 .debug_macro   0x0000000000016fa4       0xd6 ./Core/Src/DMD.o
 .debug_macro   0x000000000001707a      0x122 ./Core/Src/DMD.o
 .debug_macro   0x000000000001719c      0x364 ./Core/Src/DMD.o
 .debug_macro   0x0000000000017500      0x2fe ./Core/Src/DMD.o
 .debug_macro   0x00000000000177fe      0x220 ./Core/Src/DMD.o
 .debug_macro   0x0000000000017a1e       0x40 ./Core/Src/DMD.o
 .debug_macro   0x0000000000017a5e       0x22 ./Core/Src/DMD.o
 .debug_macro   0x0000000000017a80       0xa6 ./Core/Src/DMD.o
 .debug_macro   0x0000000000017b26       0x16 ./Core/Src/DMD.o
 .debug_macro   0x0000000000017b3c       0x35 ./Core/Src/DMD.o
 .debug_macro   0x0000000000017b71       0x20 ./Core/Src/DMD.o
 .debug_macro   0x0000000000017b91      0x1cd ./Core/Src/main.o
 .debug_macro   0x0000000000017d5e       0x8e ./Core/Src/main.o
 .debug_macro   0x0000000000017dec       0x51 ./Core/Src/main.o
 .debug_macro   0x0000000000017e3d      0x174 ./Core/Src/main.o
 .debug_macro   0x0000000000017fb1       0x5c ./Core/Src/main.o
 .debug_macro   0x000000000001800d      0x1bb ./Core/Src/stm32l4xx_hal_msp.o
 .debug_macro   0x00000000000181c8      0x1c5 ./Core/Src/stm32l4xx_it.o
 .debug_macro   0x000000000001838d      0x1ac ./Core/Src/system_stm32l4xx.o
 .debug_macro   0x0000000000018539      0x1f4 ./Drivers/STM32L4xx_HAL_Driver/Src/stm32l4xx_hal.o
 .debug_macro   0x000000000001872d      0x1ac ./Drivers/STM32L4xx_HAL_Driver/Src/stm32l4xx_hal_cortex.o
 .debug_macro   0x00000000000188d9      0x1b3 ./Drivers/STM32L4xx_HAL_Driver/Src/stm32l4xx_hal_gpio.o
 .debug_macro   0x0000000000018a8c      0x1d0 ./Drivers/STM32L4xx_HAL_Driver/Src/stm32l4xx_hal_pwr_ex.o
 .debug_macro   0x0000000000018c5c      0x1ee ./Drivers/STM32L4xx_HAL_Driver/Src/stm32l4xx_hal_rcc.o
 .debug_macro   0x0000000000018e4a      0x1b4 ./Drivers/STM32L4xx_HAL_Driver/Src/stm32l4xx_hal_spi.o

.debug_line     0x0000000000000000     0x96d6
 .debug_line    0x0000000000000000     0x11ac ./Core/Src/DMD.o
 .debug_line    0x00000000000011ac      0x8d8 ./Core/Src/main.o
 .debug_line    0x0000000000001a84      0x826 ./Core/Src/stm32l4xx_hal_msp.o
 .debug_line    0x00000000000022aa      0x89b ./Core/Src/stm32l4xx_it.o
 .debug_line    0x0000000000002b45      0x870 ./Core/Src/system_stm32l4xx.o
 .debug_line    0x00000000000033b5       0x7a ./Core/Startup/startup_stm32l412kbux.o
 .debug_line    0x000000000000342f      0xb35 ./Drivers/STM32L4xx_HAL_Driver/Src/stm32l4xx_hal.o
 .debug_line    0x0000000000003f64      0xd6f ./Drivers/STM32L4xx_HAL_Driver/Src/stm32l4xx_hal_cortex.o
 .debug_line    0x0000000000004cd3      0xbd3 ./Drivers/STM32L4xx_HAL_Driver/Src/stm32l4xx_hal_gpio.o
 .debug_line    0x00000000000058a6      0xd31 ./Drivers/STM32L4xx_HAL_Driver/Src/stm32l4xx_hal_pwr_ex.o
 .debug_line    0x00000000000065d7     0x10ca ./Drivers/STM32L4xx_HAL_Driver/Src/stm32l4xx_hal_rcc.o
 .debug_line    0x00000000000076a1     0x2035 ./Drivers/STM32L4xx_HAL_Driver/Src/stm32l4xx_hal_spi.o

.debug_str      0x0000000000000000    0x9b37c
 .debug_str     0x0000000000000000    0x9927e ./Core/Src/DMD.o
                                      0x995c3 (size before relaxing)
 .debug_str     0x000000000009927e      0x37d ./Core/Src/main.o
                                      0x96496 (size before relaxing)
 .debug_str     0x00000000000995fb       0x63 ./Core/Src/stm32l4xx_hal_msp.o
                                      0x95d51 (size before relaxing)
 .debug_str     0x000000000009965e       0xc9 ./Core/Src/stm32l4xx_it.o
                                      0x957ee (size before relaxing)
 .debug_str     0x0000000000099727       0xf2 ./Core/Src/system_stm32l4xx.o
                                      0x958bc (size before relaxing)
 .debug_str     0x0000000000099819       0x34 ./Core/Startup/startup_stm32l412kbux.o
                                         0x82 (size before relaxing)
 .debug_str     0x000000000009984d      0x8d7 ./Drivers/STM32L4xx_HAL_Driver/Src/stm32l4xx_hal.o
                                      0x96216 (size before relaxing)
 .debug_str     0x000000000009a124      0x344 ./Drivers/STM32L4xx_HAL_Driver/Src/stm32l4xx_hal_cortex.o
                                      0x95fb9 (size before relaxing)
 .debug_str     0x000000000009a468      0x112 ./Drivers/STM32L4xx_HAL_Driver/Src/stm32l4xx_hal_gpio.o
                                      0x95a30 (size before relaxing)
 .debug_str     0x000000000009a57a      0x4c0 ./Drivers/STM32L4xx_HAL_Driver/Src/stm32l4xx_hal_pwr_ex.o
                                      0x95dd8 (size before relaxing)
 .debug_str     0x000000000009aa3a      0x396 ./Drivers/STM32L4xx_HAL_Driver/Src/stm32l4xx_hal_rcc.o
                                      0x95ec8 (size before relaxing)
 .debug_str     0x000000000009add0      0x5ac ./Drivers/STM32L4xx_HAL_Driver/Src/stm32l4xx_hal_spi.o
                                      0x960dc (size before relaxing)

.debug_frame    0x0000000000000000     0x1e54
 .debug_frame   0x0000000000000000      0x224 ./Core/Src/DMD.o
 .debug_frame   0x0000000000000224       0xa8 ./Core/Src/main.o
 .debug_frame   0x00000000000002cc       0x80 ./Core/Src/stm32l4xx_hal_msp.o
 .debug_frame   0x000000000000034c      0x104 ./Core/Src/stm32l4xx_it.o
 .debug_frame   0x0000000000000450       0x58 ./Core/Src/system_stm32l4xx.o
 .debug_frame   0x00000000000004a8      0x3dc ./Drivers/STM32L4xx_HAL_Driver/Src/stm32l4xx_hal.o
 .debug_frame   0x0000000000000884      0x498 ./Drivers/STM32L4xx_HAL_Driver/Src/stm32l4xx_hal_cortex.o
 .debug_frame   0x0000000000000d1c      0x14c ./Drivers/STM32L4xx_HAL_Driver/Src/stm32l4xx_hal_gpio.o
 .debug_frame   0x0000000000000e68      0x524 ./Drivers/STM32L4xx_HAL_Driver/Src/stm32l4xx_hal_pwr_ex.o
 .debug_frame   0x000000000000138c      0x21c ./Drivers/STM32L4xx_HAL_Driver/Src/stm32l4xx_hal_rcc.o
 .debug_frame   0x00000000000015a8      0x860 ./Drivers/STM32L4xx_HAL_Driver/Src/stm32l4xx_hal_spi.o
 .debug_frame   0x0000000000001e08       0x20 C:/Users/Radiogeet_1/STM32CubeIDE_1.13.0/STM32CubeIDE/plugins/com.st.stm32cube.ide.mcu.externaltools.gnu-tools-for-stm32.11.3.rel1.win32_1.1.0.202305231506/tools/bin/../lib/gcc/arm-none-eabi/11.3.1/../../../../arm-none-eabi/lib/thumb/v7e-m+fp/hard\libc_nano.a(libc_a-memset.o)
 .debug_frame   0x0000000000001e28       0x2c C:/Users/Radiogeet_1/STM32CubeIDE_1.13.0/STM32CubeIDE/plugins/com.st.stm32cube.ide.mcu.externaltools.gnu-tools-for-stm32.11.3.rel1.win32_1.1.0.202305231506/tools/bin/../lib/gcc/arm-none-eabi/11.3.1/../../../../arm-none-eabi/lib/thumb/v7e-m+fp/hard\libc_nano.a(libc_a-init.o)

.debug_line_str
                0x0000000000000000       0x76
 .debug_line_str
                0x0000000000000000       0x76 ./Core/Startup/startup_stm32l412kbux.o
                                         0x8e (size before relaxing)
